02-11 16:48:02.951 2773-3012/? D/ConnectivityService: releasing NetworkRequest NetworkRequest [ id=90, legacyType=-1, [ Capabilities: INTERNET&NOT_RESTRICTED&TRUSTED] ]
02-11 16:48:02.951 2773-3012/? D/ConnectivityService: sending notification RELEASED for NetworkRequest [ id=90, legacyType=-1, [ Capabilities: INTERNET&NOT_RESTRICTED&TRUSTED] ]
02-11 16:48:02.951 2773-3012/? E/ConnectivityService: RemoteException caught trying to send a callback msg for NetworkRequest [ id=90, legacyType=-1, [ Capabilities: INTERNET&NOT_RESTRICTED&TRUSTED] ]
02-11 16:48:03.011 12980-12980/? D/USER_AGENT: UMC/1.7.17 (SM-G550FY) SAFE-5.6 KNOX-2.6 en_GB
02-11 16:48:03.016 12980-12980/? D/[0]UMC:AdminManager: init - start
02-11 16:48:03.031 12980-12980/? D/[0]UMC:AdminManager: loadAdmins
02-11 16:48:03.036 12980-12980/? D/[0]UMC:AdminManager: init - end
02-11 16:48:03.036 12980-12980/? D/GSLBManager: migrateStoredUrlFromOldPref
02-11 16:48:03.046 12980-12980/? D/GSLBManager:  key : segd-api
02-11 16:48:03.046 12980-12980/? D/GSLBManager:  value : https://eu-segd-api.secb2b.com:443/v2
02-11 16:48:03.051 12980-12980/? D/GSLBManager:  key : umc-cdn
02-11 16:48:03.051 12980-12980/? D/GSLBManager:  value : 
02-11 16:48:03.056 12980-12980/? D/GSLBManager:  key : segp-api
02-11 16:48:03.061 12980-12980/? D/GSLBManager:  value : 
02-11 16:48:03.061 12980-12980/? D/GSLBManager:  key : myknoxapi
02-11 16:48:03.061 12980-12980/? D/GSLBManager:  value : 
02-11 16:48:03.071 12980-12980/? D/GSLBManager: migrateStoredUrlFromOldPref : Finished Migrating
02-11 16:48:03.071 12980-12980/? D/[0]UMC:CoreReceiver: Intent : android.intent.action.PACKAGE_REMOVED
02-11 16:48:03.071 12980-12980/? D/[0]UMC:CoreReceiver: PackageName : com.example.imageuploading__retrofit
02-11 16:48:03.071 12980-12980/? D/[0]UMC:CoreReceiver: Intent Replacing : true
02-11 16:48:03.076 12980-12980/? D/[0]UMC:CoreReceiver: bulk enrolled package: null
02-11 16:48:03.076 12980-12980/? D/[0]UMC:CoreReceiver: do nothing for UMC Agent : com.example.imageuploading__retrofit
02-11 16:48:03.081 12980-12980/? D/[0]UMC:CoreReceiver: handleAutoEnrollmentAndUMCAdminDeactivation
02-11 16:48:03.081 2773-3894/? V/BroadcastQueue: [background] Process cur broadcast BroadcastRecord{368cad0 u0 android.intent.action.PACKAGE_REMOVED qIdx=4}, state= (APP_RECEIVE) DELIVERED for app ProcessRecord{784563a 3594:com.sec.imsservice/1000}
02-11 16:48:03.086 2773-3894/? V/BroadcastQueue: [background] Process cur broadcast BroadcastRecord{368cad0 u0 android.intent.action.PACKAGE_REMOVED qIdx=4}, state= (APP_RECEIVE) DELIVERED for app ProcessRecord{784563a 3594:com.sec.imsservice/1000}
02-11 16:48:03.091 3594-3594/? D/ExtendedServicesUninstallationReceiver: uninstallation app broadcast received !!
02-11 16:48:03.091 3594-3594/? D/ExtendedServicesUninstallationReceiver: installation/uninstallation/update app is com.example.imageuploading__retrofit
02-11 16:48:03.091 3594-3594/? D/ExtendedServicesContentProvider: in delete :content://com.sec.internal.ims.imsservice.ExtendedServicesContentProvider/EXTENDED_SERVICE_TABLE
02-11 16:48:03.091 3594-3594/? D/ExtendedServicesUninstallationReceiver: done - deleting package row com.example.imageuploading__retrofit
02-11 16:48:03.091 3594-3594/? D/ExtendedServicesUninstallationReceiver: rows deleted from db:0
02-11 16:48:03.096 2773-3002/? V/BroadcastQueue: [background] Process cur broadcast BroadcastRecord{368cad0 u0 android.intent.action.PACKAGE_REMOVED qIdx=4}, state= (APP_RECEIVE) DELIVERED for app ProcessRecord{9e904f1 11009:com.android.vending/u0a15}
02-11 16:48:03.101 11009-11009/? I/Finsky: [1] aace.h(1): PackageMonitorReceiverImpl - Received: android.intent.action.PACKAGE_REMOVED, [Lp507Cb78qO3A8Ce3qVUTmBpgBQnm3jemVicnv2ymGQ]
02-11 16:48:03.101 11009-11009/? I/Finsky: [1] aadf.g(-1): Invalidating cached PackageState for com.example.imageuploading__retrofit
02-11 16:48:03.111 11009-11009/? I/Finsky: [1] rle.s(2): Installer: package com.example.imageuploading__retrofit was removed. replacing: true
02-11 16:48:03.116 11009-11009/? I/Finsky: [1] rmc.L(12): Installer: Notifying status update. package=com.example.imageuploading__retrofit, status=UNINSTALLED
02-11 16:48:03.116 11009-12995/? I/Finsky: [3454] pqk.run(-1): Wrote row to frosting DB: 1469
02-11 16:48:03.121 11009-12996/? I/Finsky: [3455] kci.a(-1): [ContentSync] finished, scheduled=false
02-11 16:48:03.126 11009-12997/? I/Finsky: [3456] hjr.a(3): Cancelled 0 ongoing asset module downloads for package com.example.imageuploading__retrofit due to a concurrent app update.
02-11 16:48:03.136 11009-11009/? I/Finsky: [1] rmc.O(7): Installer: found apps to install. isMultiUserMode=false, apps=[]
02-11 16:48:03.136 2773-3148/? D/ConnectivityService: returning getNetworkInfo for network type 1 : [type: WIFI[] - WIFI, state: DISCONNECTED/DISCONNECTED, reason: (unspecified), extra: (none), roaming: false, failover: false, isAvailable: true]
02-11 16:48:03.136 2773-2952/? V/BroadcastQueue: [background] Process cur broadcast BroadcastRecord{368cad0 u0 android.intent.action.PACKAGE_REMOVED qIdx=4}, state= (APP_RECEIVE) DELIVERED for app ProcessRecord{95ace36 27127:com.google.android.gms/u0a5}
02-11 16:48:03.136 11009-12995/? I/Finsky: [3454] pqk.run(-1): Wrote row to frosting DB: 1470
02-11 16:48:03.141 2773-3263/? D/MountService: getExternalStorageMountMode : 3
02-11 16:48:03.141 2773-3263/? D/MountService: getExternalStorageMountMode : 3
02-11 16:48:03.141 2773-3263/? D/MountService: getExternalStorageMountMode : final mountMode=3, uid : 10005, packageName : com.google.android.gsf
02-11 16:48:03.141 11009-12998/? I/Finsky: [3457] sdm.C(2): IQ: Notifying installation update. package=com.example.imageuploading__retrofit, status=UNINSTALLED
02-11 16:48:03.156 13000-13000/? E/Zygote: no v2
02-11 16:48:03.156 13000-13000/? I/SELinux: Function: selinux_compare_spd_ram, index[1], SPD-policy is existed. and_ver=SEPF_SM-G550FY_5.1.1 ver=51
02-11 16:48:03.156 13000-13000/? W/SELinux: Function: selinux_compare_spd_ram, index[1], priority [2], priority version is VE=SEPF_SECMOBILE_6.0.1_0035
02-11 16:48:03.156 2773-3263/? I/ActivityManager: Start proc 13000:com.google.process.gapps/u0a5 for content provider com.google.android.gsf/.gservices.GservicesProvider
02-11 16:48:03.156 11009-12998/? I/Finsky: [3457] sdm.t(6): IQ: Pruning inactive install requests
02-11 16:48:03.161 11009-12998/? I/Finsky: [3457] sdm.t(35): IQ: No matching installs to run for jobs: []
02-11 16:48:03.161 13000-13000/? W/SELinux: SELinux: seapp_context_lookup: seinfo=untrusted, level=s0:c512,c768, pkgname=com.google.process.gapps 
02-11 16:48:03.186 13000-13000/? D/TimaKeyStoreProvider: TimaSignature is unavailable
02-11 16:48:03.186 13000-13000/? D/ActivityThread: Added TimaKeyStore provider
02-11 16:48:03.221 13000-13000/? W/System: ClassLoader referenced unknown path: /system/priv-app/GoogleServicesFramework/lib/arm
02-11 16:48:03.236 13000-13000/? I/GservicesProvider: Gservices pushing to system: true; secure/global: true
02-11 16:48:03.386 13000-13000/? I/GoogleHttpClient: GMS http client unavailable, use old client
02-11 16:48:03.411 2773-3915/? V/BroadcastQueue: [background] Process cur broadcast BroadcastRecord{368cad0 u0 android.intent.action.PACKAGE_REMOVED qIdx=4}, state= (APP_RECEIVE) DELIVERED for app ProcessRecord{56fa1f2 3643:com.google.android.gms.persistent/u0a5}
02-11 16:48:03.421 2773-3893/? I/PersonaManager: mKnoxInfo is empty
02-11 16:48:03.426 2773-3480/? I/PersonaManager: mKnoxInfo is empty
02-11 16:48:03.436 2773-3148/? V/BroadcastQueue: [background] Process cur broadcast BroadcastRecord{368cad0 u0 android.intent.action.PACKAGE_REMOVED qIdx=4}, state= (APP_RECEIVE) DELIVERED for app ProcessRecord{3110d95 27024:com.google.android.googlequicksearchbox:search/u0a41}
02-11 16:48:03.436 2773-3148/? D/MountService: getExternalStorageMountMode : 3
02-11 16:48:03.436 2773-3148/? D/MountService: getExternalStorageMountMode : 3
02-11 16:48:03.436 2773-3148/? D/MountService: getExternalStorageMountMode : final mountMode=3, uid : 10004, packageName : com.sec.android.app.samsungapps
02-11 16:48:03.451 13017-13017/? E/Zygote: no v2
02-11 16:48:03.451 13017-13017/? I/SELinux: Function: selinux_compare_spd_ram, index[1], SPD-policy is existed. and_ver=SEPF_SM-G550FY_5.1.1 ver=51
02-11 16:48:03.451 13017-13017/? W/SELinux: Function: selinux_compare_spd_ram, index[1], priority [2], priority version is VE=SEPF_SECMOBILE_6.0.1_0035
02-11 16:48:03.451 2773-3148/? I/ActivityManager: Start proc 13017:com.sec.android.app.samsungapps/u0a4 for broadcast-3 com.sec.android.app.samsungapps/com.samsung.android.iap.receiver.IapReceiver
02-11 16:48:03.456 13017-13017/? W/SELinux: SELinux: seapp_context_lookup: seinfo=samsung, level=s0:c512,c768, pkgname=com.sec.android.app.samsungapps 
02-11 16:48:03.466 2773-2787/? I/PersonaManager: mKnoxInfo is empty
02-11 16:48:03.476 3643-13034/? I/Fitness: FitCleanupIntentOperation received Intent android.intent.action.PACKAGE_REMOVED [CONTEXT service_id=17 ]
02-11 16:48:03.481 2773-2952/? I/PersonaManager: mKnoxInfo is empty
02-11 16:48:03.486 2773-2786/? I/PersonaManager: mKnoxInfo is empty
02-11 16:48:03.486 13017-13017/? D/TimaKeyStoreProvider: TimaSignature is unavailable
02-11 16:48:03.486 13017-13017/? D/ActivityThread: Added TimaKeyStore provider
02-11 16:48:03.486 2773-3002/? I/PersonaManager: mKnoxInfo is empty
02-11 16:48:03.496 2773-4113/? V/BroadcastQueue: [background] Process cur broadcast BroadcastRecord{368cad0 u0 android.intent.action.PACKAGE_REMOVED qIdx=4}, state= (APP_RECEIVE) DELIVERED for app ProcessRecord{c57299d 13017:com.sec.android.app.samsungapps/u0a4}
02-11 16:48:03.501 27127-13027/? W/System.err: remove failed: ENOENT (No such file or directory) : /data/user/0/com.google.android.gms/databases/metrics.db
02-11 16:48:03.501 27127-13027/? W/System.err: remove failed: ENOENT (No such file or directory) : /data/user/0/com.google.android.gms/databases/metrics.db-journal
02-11 16:48:03.501 27127-13027/? W/System.err: remove failed: ENOENT (No such file or directory) : /data/user/0/com.google.android.gms/databases/metrics.db-shm
02-11 16:48:03.501 27127-13027/? W/System.err: remove failed: ENOENT (No such file or directory) : /data/user/0/com.google.android.gms/databases/metrics.db-wal
02-11 16:48:03.501 2773-3502/? I/PersonaManager: mKnoxInfo is empty
02-11 16:48:03.506 27127-13027/? W/System.err: remove failed: ENOENT (No such file or directory) : /data/user/0/com.google.android.gms/databases/metrics.db.15
02-11 16:48:03.506 27127-13027/? W/System.err: remove failed: ENOENT (No such file or directory) : /data/user/0/com.google.android.gms/databases/metrics.db.15-journal
02-11 16:48:03.506 27127-13027/? W/System.err: remove failed: ENOENT (No such file or directory) : /data/user/0/com.google.android.gms/databases/metrics.db.15-shm
02-11 16:48:03.506 27127-13027/? W/System.err: remove failed: ENOENT (No such file or directory) : /data/user/0/com.google.android.gms/databases/metrics.db.15-wal
02-11 16:48:03.506 27127-13027/? W/System.err: remove failed: ENOENT (No such file or directory) : /data/user/0/com.google.android.gms/databases/metrics.db.16
02-11 16:48:03.506 27127-13027/? W/System.err: remove failed: ENOENT (No such file or directory) : /data/user/0/com.google.android.gms/databases/metrics.db.16-journal
02-11 16:48:03.506 27127-13027/? W/System.err: remove failed: ENOENT (No such file or directory) : /data/user/0/com.google.android.gms/databases/metrics.db.16-shm
02-11 16:48:03.511 27127-13027/? W/System.err: remove failed: ENOENT (No such file or directory) : /data/user/0/com.google.android.gms/databases/metrics.db.16-wal
02-11 16:48:03.511 2773-3915/? I/PersonaManager: mKnoxInfo is empty
02-11 16:48:03.511 27127-13027/? W/System.err: remove failed: ENOENT (No such file or directory) : /data/user/0/com.google.android.gms/databases/metrics.db.17
02-11 16:48:03.511 27127-13027/? W/System.err: remove failed: ENOENT (No such file or directory) : /data/user/0/com.google.android.gms/databases/metrics.db.17-journal
02-11 16:48:03.511 27127-13027/? W/System.err: remove failed: ENOENT (No such file or directory) : /data/user/0/com.google.android.gms/databases/metrics.db.17-shm
02-11 16:48:03.516 27127-13027/? W/System.err: remove failed: ENOENT (No such file or directory) : /data/user/0/com.google.android.gms/databases/metrics.db.17-wal
02-11 16:48:03.516 27127-13027/? W/System.err: remove failed: ENOENT (No such file or directory) : /data/user/0/com.google.android.gms/databases/metrics.db.18
02-11 16:48:03.516 27127-13027/? W/System.err: remove failed: ENOENT (No such file or directory) : /data/user/0/com.google.android.gms/databases/metrics.db.18-journal
02-11 16:48:03.516 27127-13027/? W/System.err: remove failed: ENOENT (No such file or directory) : /data/user/0/com.google.android.gms/databases/metrics.db.18-shm
02-11 16:48:03.516 27127-13027/? W/System.err: remove failed: ENOENT (No such file or directory) : /data/user/0/com.google.android.gms/databases/metrics.db.18-wal
02-11 16:48:03.521 27127-13027/? W/System.err: remove failed: ENOENT (No such file or directory) : /data/user/0/com.google.android.gms/databases/metrics.db.19
02-11 16:48:03.521 27127-13027/? W/System.err: remove failed: ENOENT (No such file or directory) : /data/user/0/com.google.android.gms/databases/metrics.db.19-journal
02-11 16:48:03.521 27127-13027/? W/System.err: remove failed: ENOENT (No such file or directory) : /data/user/0/com.google.android.gms/databases/metrics.db.19-shm
02-11 16:48:03.521 27127-13027/? W/System.err: remove failed: ENOENT (No such file or directory) : /data/user/0/com.google.android.gms/databases/metrics.db.19-wal
02-11 16:48:03.521 2773-3002/? I/PersonaManager: mKnoxInfo is empty
02-11 16:48:03.521 27127-13027/? W/System.err: remove failed: ENOENT (No such file or directory) : /data/user/0/com.google.android.gms/databases/metrics.db.20
02-11 16:48:03.521 27127-13027/? W/System.err: remove failed: ENOENT (No such file or directory) : /data/user/0/com.google.android.gms/databases/metrics.db.20-journal
02-11 16:48:03.521 27127-13027/? W/System.err: remove failed: ENOENT (No such file or directory) : /data/user/0/com.google.android.gms/databases/metrics.db.20-shm
02-11 16:48:03.526 27127-13027/? W/System.err: remove failed: ENOENT (No such file or directory) : /data/user/0/com.google.android.gms/databases/metrics.db.20-wal
02-11 16:48:03.526 27127-13027/? W/System.err: remove failed: ENOENT (No such file or directory) : /data/user/0/com.google.android.gms/databases/metrics.db.21
02-11 16:48:03.526 27127-13027/? W/System.err: remove failed: ENOENT (No such file or directory) : /data/user/0/com.google.android.gms/databases/metrics.db.21-journal
02-11 16:48:03.526 27127-13027/? W/System.err: remove failed: ENOENT (No such file or directory) : /data/user/0/com.google.android.gms/databases/metrics.db.21-shm
02-11 16:48:03.526 27127-13027/? W/System.err: remove failed: ENOENT (No such file or directory) : /data/user/0/com.google.android.gms/databases/metrics.db.21-wal
02-11 16:48:03.531 27305-27320/? E/ContactsProvider_EventLog: Flush buffer to file cnt : 1 size : 0Kb duration : 0ms lastUpdatedAfter : 4389 ms mFlush_time_threasold : 2000 mCurrentSize : 446
02-11 16:48:03.536 27127-13027/? W/System.err: remove failed: ENOENT (No such file or directory) : /data/user/0/com.google.android.gms/databases/help_responses.db
02-11 16:48:03.536 27127-13027/? W/System.err: remove failed: ENOENT (No such file or directory) : /data/user/0/com.google.android.gms/databases/help_responses.db-journal
02-11 16:48:03.536 27127-13027/? W/System.err: remove failed: ENOENT (No such file or directory) : /data/user/0/com.google.android.gms/databases/help_responses.db-shm
02-11 16:48:03.536 27127-13027/? W/System.err: remove failed: ENOENT (No such file or directory) : /data/user/0/com.google.android.gms/databases/help_responses.db-wal
02-11 16:48:03.541 13017-13017/? W/System: ClassLoader referenced unknown path: /data/app/com.sec.android.app.samsungapps-1/lib/arm
02-11 16:48:03.541 27127-13027/? W/System.err: remove failed: ENOENT (No such file or directory) : /data/user/0/com.google.android.gms/databases/help_responses.db.18
02-11 16:48:03.541 27127-13027/? W/System.err: remove failed: ENOENT (No such file or directory) : /data/user/0/com.google.android.gms/databases/help_responses.db.18-journal
02-11 16:48:03.541 27127-13027/? W/System.err: remove failed: ENOENT (No such file or directory) : /data/user/0/com.google.android.gms/databases/help_responses.db.18-shm
02-11 16:48:03.541 27127-13027/? W/System.err: remove failed: ENOENT (No such file or directory) : /data/user/0/com.google.android.gms/databases/help_responses.db.18-wal
02-11 16:48:03.541 27127-13027/? W/System.err: remove failed: ENOENT (No such file or directory) : /data/user/0/com.google.android.gms/databases/help_responses.db.19
02-11 16:48:03.541 27127-13027/? W/System.err: remove failed: ENOENT (No such file or directory) : /data/user/0/com.google.android.gms/databases/help_responses.db.19-journal
02-11 16:48:03.541 27127-13027/? W/System.err: remove failed: ENOENT (No such file or directory) : /data/user/0/com.google.android.gms/databases/help_responses.db.19-shm
02-11 16:48:03.541 27127-13027/? W/System.err: remove failed: ENOENT (No such file or directory) : /data/user/0/com.google.android.gms/databases/help_responses.db.19-wal
02-11 16:48:03.546 27127-13027/? W/System.err: remove failed: ENOENT (No such file or directory) : /data/user/0/com.google.android.gms/databases/help_responses.db.20
02-11 16:48:03.546 27127-13027/? W/System.err: remove failed: ENOENT (No such file or directory) : /data/user/0/com.google.android.gms/databases/help_responses.db.20-journal
02-11 16:48:03.546 27127-13027/? W/System.err: remove failed: ENOENT (No such file or directory) : /data/user/0/com.google.android.gms/databases/help_responses.db.20-shm
02-11 16:48:03.546 27127-13027/? W/System.err: remove failed: ENOENT (No such file or directory) : /data/user/0/com.google.android.gms/databases/help_responses.db.20-wal
02-11 16:48:03.546 27127-13027/? W/System.err: remove failed: ENOENT (No such file or directory) : /data/user/0/com.google.android.gms/databases/help_responses.db.21
02-11 16:48:03.546 27127-13027/? W/System.err: remove failed: ENOENT (No such file or directory) : /data/user/0/com.google.android.gms/databases/help_responses.db.21-journal
02-11 16:48:03.551 27127-13027/? W/System.err: remove failed: ENOENT (No such file or directory) : /data/user/0/com.google.android.gms/databases/help_responses.db.21-shm
02-11 16:48:03.551 27127-13027/? W/System.err: remove failed: ENOENT (No such file or directory) : /data/user/0/com.google.android.gms/databases/help_responses.db.21-wal
02-11 16:48:03.551 27127-13027/? W/System.err: remove failed: ENOENT (No such file or directory) : /data/user/0/com.google.android.gms/databases/help_responses.db.22
02-11 16:48:03.551 27127-13027/? W/System.err: remove failed: ENOENT (No such file or directory) : /data/user/0/com.google.android.gms/databases/help_responses.db.22-journal
02-11 16:48:03.551 27127-13027/? W/System.err: remove failed: ENOENT (No such file or directory) : /data/user/0/com.google.android.gms/databases/help_responses.db.22-shm
02-11 16:48:03.551 13017-13017/? I/MultiDex: VM with version 2.1.0 has multidex support
02-11 16:48:03.551 27127-13027/? W/System.err: remove failed: ENOENT (No such file or directory) : /data/user/0/com.google.android.gms/databases/help_responses.db.22-wal
02-11 16:48:03.551 13017-13017/? I/MultiDex: install
02-11 16:48:03.551 13017-13017/? I/MultiDex: VM has multidex support, MultiDex support library is disabled.
02-11 16:48:03.556 27127-13027/? W/System.err: remove failed: ENOENT (No such file or directory) : /data/user/0/com.google.android.gms/databases/help_responses.db.23
02-11 16:48:03.556 27127-13027/? W/System.err: remove failed: ENOENT (No such file or directory) : /data/user/0/com.google.android.gms/databases/help_responses.db.23-journal
02-11 16:48:03.556 27127-13027/? W/System.err: remove failed: ENOENT (No such file or directory) : /data/user/0/com.google.android.gms/databases/help_responses.db.23-shm
02-11 16:48:03.556 27127-13027/? W/System.err: remove failed: ENOENT (No such file or directory) : /data/user/0/com.google.android.gms/databases/help_responses.db.23-wal
02-11 16:48:03.576 13017-13017/? D/FirebaseApp: com.google.firebase.auth.FirebaseAuth is not linked. Skipping initialization.
02-11 16:48:03.581 13017-13017/? D/FirebaseApp: com.google.firebase.crash.FirebaseCrash is not linked. Skipping initialization.
02-11 16:48:03.606 2773-3849/? V/AlarmManager:  remove PendingIntent] PendingIntent{bf6f13f: PendingIntentRecord{b601a0c com.sec.android.app.samsungapps broadcastIntent}}
02-11 16:48:03.616 13017-13017/? I/FirebaseInitProvider: FirebaseApp initialization successful
02-11 16:48:03.636 13017-13042/? I/FA: App measurement is starting up, version: 11910
02-11 16:48:03.636 13017-13042/? I/FA: To enable debug logging run: adb shell setprop log.tag.FA VERBOSE
02-11 16:48:03.636 13017-13042/? I/FA: To enable faster debug mode event logging run:
      adb shell setprop debug.firebase.analytics.app com.sec.android.app.samsungapps
02-11 16:48:03.671 2773-3893/? I/PersonaManager: mKnoxInfo is empty
02-11 16:48:03.681 13017-13017/? D/SamsungApps: GalaxyApps Application onCreate calling...
02-11 16:48:03.681 13017-13046/? W/System.err: com.mofirst.playstore.provider.network.Network$NoInternetException
02-11 16:48:03.681 13017-13046/? W/System.err:     at com.mofirst.playstore.provider.network.Network.a(ProGuard:252)
02-11 16:48:03.681 13017-13046/? W/System.err:     at com.mofirst.playstore.provider.network.Network.(ProGuard:9130)
02-11 16:48:03.681 13017-13046/? W/System.err:     at com.mofirst.playstore.provider.network.c.(ProGuard:483)
02-11 16:48:03.681 13017-13046/? W/System.err:     at com.mofirst.playstore.provider.a.run(ProGuard:163)
02-11 16:48:03.681 13017-13046/? W/System.err:     at java.lang.Thread.run(Thread.java:818)
02-11 16:48:03.691 13017-13017/? E/SALog: false
02-11 16:48:03.816 13017-13061/? I/System.out: (HTTPLog)-Static: isSBSettingEnabled false
02-11 16:48:03.816 13017-13061/? I/System.out: (HTTPLog)-Static: isSBSettingEnabled false
02-11 16:48:03.816 2193-2934/? D/EnterpriseController: netId is 0
02-11 16:48:03.816 2193-2934/? D/Netd: getNetworkForDns: using netid 0 for uid 10004
02-11 16:48:03.821 13017-13050/? I/System.out: (HTTPLog)-Static: isSBSettingEnabled false
02-11 16:48:03.821 13017-13050/? I/System.out: (HTTPLog)-Static: isSBSettingEnabled false
02-11 16:48:03.871 2773-2787/? I/PersonaManager: mKnoxInfo is empty
02-11 16:48:03.881 13017-13017/? D/AppsApplication: getUserLanguage:  
02-11 16:48:03.881 13017-13017/? D/AppsApplication: getUserLanguage: gaLanguage= 
02-11 16:48:03.881 13017-13017/? D/AppsApplication: getUserLanguage else locale: =en
02-11 16:48:03.881 13017-13017/? D/AppsApplication: isPromotionalNotificationEnabled: noti1
02-11 16:48:03.881 13017-13017/? D/AppsApplication: getAutoAppUpdatePreference: noti=1
02-11 16:48:03.951 13017-13017/? V/ConcreteDeviceInfoLoader: SimState is not Ready
02-11 16:48:03.951 13017-13017/? V/ConcreteDeviceInfoLoader: deviceInfo MCC value is not correct
02-11 16:48:03.991 13017-13017/? V/ConcreteDeviceInfoLoader: SimState is not Ready
02-11 16:48:03.991 13017-13017/? V/ConcreteDeviceInfoLoader: deviceInfo MCC value is not correct
02-11 16:48:03.996 13017-13017/? V/ConcreteDeviceInfoLoader: SimState is not Ready
02-11 16:48:04.006 13017-13017/? D/[SAUI]: StickerCenterInfo::::StickerCenterInfo
02-11 16:48:04.036 13017-13017/? D/[SAUI]: StickerCenterAsyncQueryHandler::::startAllStickerItemInfoQuery content://null/noBlob/sticker/*
02-11 16:48:04.036 13017-13069/? E/ActivityThread: Failed to find provider info for null
02-11 16:48:04.046 13017-13017/? D/ReflectUtils: Cannot load field: SEM_INT
02-11 16:48:04.071 13017-13017/? D/SamsungApps: GalaxyApps Application onCreate called...
02-11 16:48:04.096 13017-13017/? D/[SAUI]: Global::recovered::false
02-11 16:48:04.096 13017-13017/? D/[SAUI]: StickerCenterAsyncQueryHandler::::cursor is empty
02-11 16:48:04.101 2773-3914/? V/BroadcastQueue: [background] Process cur broadcast BroadcastRecord{368cad0 u0 android.intent.action.PACKAGE_REMOVED qIdx=4}, state= (APP_RECEIVE) DELIVERED for app ProcessRecord{c57299d 13017:com.sec.android.app.samsungapps/u0a4}
02-11 16:48:04.106 2773-3502/? I/PersonaManager: mKnoxInfo is empty
02-11 16:48:04.111 2773-4111/? D/MountService: getExternalStorageMountMode : 1
02-11 16:48:04.111 2773-4111/? D/MountService: getExternalStorageMountMode : 3
02-11 16:48:04.111 2773-4111/? D/MountService: getExternalStorageMountMode : final mountMode=1, uid : 1000, packageName : com.samsung.aasaservice
02-11 16:48:04.121 13079-13079/? E/Zygote: no v2
02-11 16:48:04.126 2773-4111/? I/ActivityManager: Start proc 13079:com.samsung.aasaservice/1000 for broadcast-3 com.samsung.aasaservice/.AASAUpdateReceiver
02-11 16:48:04.121 13079-13079/? I/SELinux: Function: selinux_compare_spd_ram, index[1], SPD-policy is existed. and_ver=SEPF_SM-G550FY_5.1.1 ver=51
02-11 16:48:04.121 13079-13079/? W/SELinux: Function: selinux_compare_spd_ram, index[1], priority [2], priority version is VE=SEPF_SECMOBILE_6.0.1_0035
02-11 16:48:04.131 2773-4111/? I/ActivityManager: Killing 11663:com.android.externalstorage/u0a3 (adj 15): DHA:empty #25
02-11 16:48:04.151 13079-13079/? D/TimaKeyStoreProvider: TimaSignature is unavailable
02-11 16:48:04.151 13079-13079/? D/ActivityThread: Added TimaKeyStore provider
02-11 16:48:04.161 2773-3893/? V/BroadcastQueue: [background] Process cur broadcast BroadcastRecord{20a81dc u0 android.intent.action.PACKAGE_ADDED qIdx=4}, state= (APP_RECEIVE) DELIVERED for app ProcessRecord{87ab40d 13079:com.samsung.aasaservice/1000}
02-11 16:48:04.166 2773-3148/? D/ActivityManager: cleanUpApplicationRecord -- 11663
02-11 16:48:04.166 2773-3148/? D/ActivityManager: removeProcessNameLocked mProcessNames.remove pid=11663 ,hash=62293433 ,name=com.android.externalstorage
02-11 16:48:04.181 13079-13079/? W/System: ClassLoader referenced unknown path: /system/app/AASAservice/lib/arm
02-11 16:48:04.191 13079-13079/? D/AASAservice-UpdateReceiver: onReceive() : android.intent.action.PACKAGE_ADDED
02-11 16:48:04.191 13079-13079/? E/AASAservice-TokenRule: parseToken() : TokenFile is null
02-11 16:48:04.191 13079-13079/? D/AASAservice-UpdateReceiver: onReceive() : package = com.example.imageuploading__retrofit, uid = -1
02-11 16:48:04.196 2773-3502/? D/AASAinstall: there is not AASApackages.xml file
02-11 16:48:04.196 2773-3502/? I/AASAdebug:  readUids-end
02-11 16:48:04.196 13079-13079/? D/AASAservice-AASABinder: getManagedSharedPkgList() : packageName - com.example.imageuploading__retrofit, uid - -1
02-11 16:48:04.196 13079-13079/? D/AASAservice-UpdateReceiver: AASAUpdateReceiver : check SharedUID package.
02-11 16:48:04.196 13079-13079/? I/AASAservice-UpdateReceiver: AASAUpdateReceiver() : BLOCK BY PACKAGE
02-11 16:48:04.196 13079-13079/? E/AASAservice-UpdateReceiver: AASAUpdateReceiver : myrule is null.
02-11 16:48:04.196 13079-13079/? I/art: System.exit called, status: 0
02-11 16:48:04.196 13079-13079/? I/AndroidRuntime: VM exiting with result code 0, cleanup skipped.
02-11 16:48:04.231 2773-2952/? I/ActivityManager: Process com.samsung.aasaservice (pid 13079)(adj 0) has died(61,491)
02-11 16:48:04.231 2773-2952/? D/ActivityManager: cleanUpApplicationRecord -- 13079
02-11 16:48:04.231 2773-2952/? D/ActivityManager: removeProcessNameLocked mProcessNames.remove pid=13079 ,hash=142259213 ,name=com.samsung.aasaservice
02-11 16:48:04.236 2773-2830/? V/BroadcastQueue: [background] Process cur broadcast BroadcastRecord{20a81dc u0 android.intent.action.PACKAGE_ADDED qIdx=4}, state= (APP_RECEIVE) DELIVERED for app ProcessRecord{34288bd 12885:com.samsung.android.asksmanager/u0a108}
02-11 16:48:04.236 2773-3893/? D/MountService: getExternalStorageMountMode : 1
02-11 16:48:04.236 2773-3893/? D/MountService: getExternalStorageMountMode : 3
02-11 16:48:04.236 2773-3893/? D/MountService: getExternalStorageMountMode : final mountMode=1, uid : 10008, packageName : com.google.android.partnersetup
02-11 16:48:04.251 13092-13092/? E/Zygote: no v2
02-11 16:48:04.251 13092-13092/? I/SELinux: Function: selinux_compare_spd_ram, index[1], SPD-policy is existed. and_ver=SEPF_SM-G550FY_5.1.1 ver=51
02-11 16:48:04.251 2773-3893/? I/ActivityManager: Start proc 13092:com.google.android.partnersetup/u0a8 for broadcast-3 com.google.android.partnersetup/.RlzPingBroadcastReceiver
02-11 16:48:04.251 13092-13092/? W/SELinux: Function: selinux_compare_spd_ram, index[1], priority [2], priority version is VE=SEPF_SECMOBILE_6.0.1_0035
02-11 16:48:04.251 13092-13092/? W/SELinux: SELinux: seapp_context_lookup: seinfo=untrusted, level=s0:c512,c768, pkgname=com.google.android.partnersetup 
02-11 16:48:04.281 13092-13092/? D/TimaKeyStoreProvider: TimaSignature is unavailable
02-11 16:48:04.281 13092-13092/? D/ActivityThread: Added TimaKeyStore provider
02-11 16:48:04.291 2773-2787/? V/BroadcastQueue: [background] Process cur broadcast BroadcastRecord{20a81dc u0 android.intent.action.PACKAGE_ADDED qIdx=4}, state= (APP_RECEIVE) DELIVERED for app ProcessRecord{8b9c1d3 13092:com.google.android.partnersetup/u0a8}
02-11 16:48:04.311 13092-13092/? W/System: ClassLoader referenced unknown path: /system/priv-app/GooglePartnerSetup/lib/arm
02-11 16:48:04.346 2773-3002/? I/PersonaManager: mKnoxInfo is empty
02-11 16:48:04.351 2773-3893/? V/BroadcastQueue: [background] Process cur broadcast BroadcastRecord{20a81dc u0 android.intent.action.PACKAGE_ADDED qIdx=4}, state= (APP_RECEIVE) DELIVERED for app ProcessRecord{8b9c1d3 13092:com.google.android.partnersetup/u0a8}
02-11 16:48:04.356 2773-2787/? I/PersonaManager: mKnoxInfo is empty
02-11 16:48:04.366 2773-4113/? V/BroadcastQueue: [background] Process cur broadcast BroadcastRecord{20a81dc u0 android.intent.action.PACKAGE_ADDED qIdx=4}, state= (APP_RECEIVE) DELIVERED for app ProcessRecord{5a89471 27305:android.process.acore/u0a12}
02-11 16:48:04.371 2773-2786/? V/BroadcastQueue: [background] Process cur broadcast BroadcastRecord{20a81dc u0 android.intent.action.PACKAGE_ADDED qIdx=4}, state= (APP_RECEIVE) DELIVERED for app ProcessRecord{b4a0c14 10948:com.android.settings/1000}
02-11 16:48:04.376 2773-4111/? V/BroadcastQueue: [background] Process cur broadcast BroadcastRecord{20a81dc u0 android.intent.action.PACKAGE_ADDED qIdx=4}, state= (APP_RECEIVE) DELIVERED for app ProcessRecord{b4a0c14 10948:com.android.settings/1000}
02-11 16:48:04.381 2773-2952/? V/BroadcastQueue: [background] Process cur broadcast BroadcastRecord{20a81dc u0 android.intent.action.PACKAGE_ADDED qIdx=4}, state= (APP_RECEIVE) DELIVERED for app ProcessRecord{b4a0c14 10948:com.android.settings/1000}
02-11 16:48:04.381 10948-10948/? I/DataWarningReceiver: DataWarningReceiver
02-11 16:48:04.391 2773-3002/? V/BroadcastQueue: [background] Process cur broadcast BroadcastRecord{20a81dc u0 android.intent.action.PACKAGE_ADDED qIdx=4}, state= (APP_RECEIVE) DELIVERED for app ProcessRecord{531c0f8 6264:com.samsung.android.sm.provider/1000}
02-11 16:48:04.391 6264-7932/? W/ContextImpl: Calling a method in the system process without a qualified user: android.app.ContextImpl.startService:1320 android.content.ContextWrapper.startService:606 android.content.ContextWrapper.startService:606 com.samsung.android.sm.database.lowpowercontext.AppManagementService.a:22 com.samsung.android.sm.database.lowpowercontext.LowpowerContextReceiver$SystemBroadcastReceiver.a:80 
02-11 16:48:04.391 2773-3893/? I/PersonaManager: mKnoxInfo is empty
02-11 16:48:04.401 2773-3481/? V/BroadcastQueue: [background] Process cur broadcast BroadcastRecord{20a81dc u0 android.intent.action.PACKAGE_ADDED qIdx=4}, state= (APP_RECEIVE) DELIVERED for app ProcessRecord{eb30443 6000:com.samsung.android.sm.devicesecurity/5012}
02-11 16:48:04.411 2773-3263/? V/BroadcastQueue: [background] Process cur broadcast BroadcastRecord{20a81dc u0 android.intent.action.PACKAGE_ADDED qIdx=4}, state= (APP_RECEIVE) DELIVERED for app ProcessRecord{a13f3b9 12898:com.wssnps/1000}
02-11 16:48:04.421 2773-3263/? V/BroadcastQueue: [background] Process cur broadcast BroadcastRecord{20a81dc u0 android.intent.action.PACKAGE_ADDED qIdx=4}, state= (APP_RECEIVE) DELIVERED for app ProcessRecord{2e38e16 3234:com.android.phone/1001}
02-11 16:48:04.421 3234-3234/? D/VvmPackageInstallReceiver: intent getAction : android.intent.action.PACKAGE_ADDED
02-11 16:48:04.426 2773-3263/? V/BroadcastQueue: [background] Process cur broadcast BroadcastRecord{20a81dc u0 android.intent.action.PACKAGE_ADDED qIdx=4}, state= (APP_RECEIVE) DELIVERED for app ProcessRecord{eb514e7 7844:com.sec.android.app.sbrowser/u0a89}
02-11 16:48:04.431 2773-3894/? V/BroadcastQueue: [background] Process cur broadcast BroadcastRecord{20a81dc u0 android.intent.action.PACKAGE_ADDED qIdx=4}, state= (APP_RECEIVE) DELIVERED for app ProcessRecord{784563a 3594:com.sec.imsservice/1000}
02-11 16:48:04.436 2773-3894/? V/BroadcastQueue: [background] Process cur broadcast BroadcastRecord{20a81dc u0 android.intent.action.PACKAGE_ADDED qIdx=4}, state= (APP_RECEIVE) DELIVERED for app ProcessRecord{9e904f1 11009:com.android.vending/u0a15}
02-11 16:48:04.441 11009-11009/? I/Finsky: [1] aace.h(1): PackageMonitorReceiverImpl - Received: android.intent.action.PACKAGE_ADDED, [Lp507Cb78qO3A8Ce3qVUTmBpgBQnm3jemVicnv2ymGQ]
02-11 16:48:04.441 11009-11009/? I/Finsky: [1] aadf.g(-1): Invalidating cached PackageState for com.example.imageuploading__retrofit
02-11 16:48:04.456 11009-12996/? I/Finsky: [3455] kci.a(-1): [ContentSync] finished, scheduled=false
02-11 16:48:04.461 11009-11009/? I/Finsky: [1] apld.a(3): Do not start WearSupportService due to Wear service optimization
02-11 16:48:04.461 11009-12995/? I/Finsky: [3454] pqk.run(-1): Wrote row to frosting DB: 1471
02-11 16:48:04.466 11009-12997/? I/Finsky: [3456] hjo.a(-1): Asset module broadcast after update successful for package com.example.imageuploading__retrofit. 0 sessions broadcast.
02-11 16:48:04.481 2773-4113/? I/ActivityManager: Killing 11648:com.android.documentsui/u0a64 (adj 15): DHA:empty #25
02-11 16:48:04.486 2773-4113/? V/BroadcastQueue: [background] Process cur broadcast BroadcastRecord{20a81dc u0 android.intent.action.PACKAGE_ADDED qIdx=4}, state= (APP_RECEIVE) DELIVERED for app ProcessRecord{95ace36 27127:com.google.android.gms/u0a5}
02-11 16:48:04.496 2773-2952/? V/BroadcastQueue: [background] Process cur broadcast BroadcastRecord{20a81dc u0 android.intent.action.PACKAGE_ADDED qIdx=4}, state= (APP_RECEIVE) DELIVERED for app ProcessRecord{95ace36 27127:com.google.android.gms/u0a5}
02-11 16:48:04.501 11009-12995/? I/Finsky: [3454] pqk.run(-1): Wrote row to frosting DB: 1472
02-11 16:48:04.506 2773-3002/? I/PersonaManager: mKnoxInfo is empty
02-11 16:48:04.511 2773-3480/? V/BroadcastQueue: [background] Process cur broadcast BroadcastRecord{20a81dc u0 android.intent.action.PACKAGE_ADDED qIdx=4}, state= (APP_RECEIVE) DELIVERED for app ProcessRecord{56fa1f2 3643:com.google.android.gms.persistent/u0a5}
02-11 16:48:04.516 2773-3894/? I/PersonaManager: mKnoxInfo is empty
02-11 16:48:04.521 2773-3481/? I/PersonaManager: mKnoxInfo is empty
02-11 16:48:04.526 2773-4111/? V/BroadcastQueue: [background] Process cur broadcast BroadcastRecord{20a81dc u0 android.intent.action.PACKAGE_ADDED qIdx=4}, state= (APP_RECEIVE) DELIVERED for app ProcessRecord{3110d95 27024:com.google.android.googlequicksearchbox:search/u0a41}
02-11 16:48:04.531 2773-3915/? V/BroadcastQueue: [background] Process cur broadcast BroadcastRecord{20a81dc u0 android.intent.action.PACKAGE_ADDED qIdx=4}, state= (APP_RECEIVE) DELIVERED for app ProcessRecord{15004e2 11544:com.facebook.appmanager/u0a135}
02-11 16:48:04.536 2773-2787/? I/PersonaManager: mKnoxInfo is empty
02-11 16:48:04.541 2773-3502/? I/PersonaManager: mKnoxInfo is empty
02-11 16:48:04.541 27127-13031/? I/Auth: [SupervisedAccountIntentOperation] onHandleIntent(): android.intent.action.PACKAGE_ADDED
02-11 16:48:04.566 27127-13031/? I/ChromeSync: [Sync,SyncIntentOperation] Handling the intent: Intent { act=android.intent.action.PACKAGE_ADDED dat=package:com.example.imageuploading__retrofit flg=0x4000010 cmp=com.google.android.gms/.chimera.GmsIntentOperationService bqHint=4 (has extras) }.
02-11 16:48:04.566 2773-3148/? V/BroadcastQueue: [background] Process cur broadcast BroadcastRecord{20a81dc u0 android.intent.action.PACKAGE_ADDED qIdx=4}, state= (APP_RECEIVE) DELIVERED for app ProcessRecord{c57299d 13017:com.sec.android.app.samsungapps/u0a4}
02-11 16:48:04.566 2773-3002/? I/PersonaManager: mKnoxInfo is empty
02-11 16:48:04.571 2773-3002/? W/ActivityManager: Unable to start service Intent { act=com.google.android.gms.auth.key.retrieval.service.START pkg=com.google.android.gms } U=0: not found
02-11 16:48:04.576 2773-2952/? D/GraphicsStats: Buffer count: 10
02-11 16:48:04.576 2773-3894/? D/ActivityManager: cleanUpApplicationRecord -- 11648
02-11 16:48:04.576 2773-3894/? D/ActivityManager: removeProcessNameLocked mProcessNames.remove pid=11648 ,hash=196470632 ,name=com.android.documentsui
02-11 16:48:04.581 2773-3914/? I/PersonaManager: mKnoxInfo is empty
02-11 16:48:04.586 2773-3914/? I/PersonaManager: mKnoxInfo is empty
02-11 16:48:04.591 27127-27657/? E/GmsClient: unable to connect to service: com.google.android.gms.auth.key.retrieval.service.START on com.google.android.gms
02-11 16:48:04.591 2773-4113/? W/ActivityManager: Unbind failed: could not find connection for android.os.BinderProxy@832e228
02-11 16:48:04.621 2773-3148/? I/PersonaManager: mKnoxInfo is empty
02-11 16:48:04.621 2773-3893/? I/PersonaManager: mKnoxInfo is empty
02-11 16:48:04.636 2773-3148/? I/PersonaManager: mKnoxInfo is empty
02-11 16:48:04.656 2773-4111/? V/BroadcastQueue: [background] Process cur broadcast BroadcastRecord{20a81dc u0 android.intent.action.PACKAGE_ADDED qIdx=4}, state= (APP_RECEIVE) DELIVERED for app ProcessRecord{c57299d 13017:com.sec.android.app.samsungapps/u0a4}
02-11 16:48:04.661 2773-2783/? I/art: Background partial concurrent mark sweep GC freed 65198(3MB) AllocSpace objects, 12(320KB) LOS objects, 31% free, 35MB/51MB, paused 6.064ms total 252.949ms
02-11 16:48:04.676 2773-3893/? I/PersonaManager: mKnoxInfo is empty
02-11 16:48:04.706 2773-4113/? V/BroadcastQueue: [background] Process cur broadcast BroadcastRecord{a16e8e6 u0 android.intent.action.PACKAGE_REPLACED qIdx=4}, state= (APP_RECEIVE) DELIVERED for app ProcessRecord{5a89471 27305:android.process.acore/u0a12}
02-11 16:48:04.716 2773-3893/? V/BroadcastQueue: [background] Process cur broadcast BroadcastRecord{a16e8e6 u0 android.intent.action.PACKAGE_REPLACED qIdx=4}, state= (APP_RECEIVE) DELIVERED for app ProcessRecord{b4a0c14 10948:com.android.settings/1000}
02-11 16:48:04.721 2773-3893/? D/MountService: getExternalStorageMountMode : 1
02-11 16:48:04.721 2773-3893/? D/MountService: getExternalStorageMountMode : 3
02-11 16:48:04.721 2773-3893/? D/MountService: getExternalStorageMountMode : final mountMode=1, uid : 10122, packageName : com.samsung.android.tzdata.update_M
02-11 16:48:04.731 13017-13113/? W/System.err: com.mofirst.playstore.provider.network.Network$NoInternetException
02-11 16:48:04.731 13017-13113/? W/System.err:     at com.mofirst.playstore.provider.network.Network.a(ProGuard:252)
02-11 16:48:04.731 13017-13113/? W/System.err:     at com.mofirst.playstore.provider.network.Network.(ProGuard:89)
02-11 16:48:04.731 13017-13113/? W/System.err:     at com.mofirst.playstore.provider.network.n.(ProGuard:193)
02-11 16:48:04.731 13017-13113/? W/System.err:     at com.mofirst.playstore.provider.network.n.a(ProGuard:133)
02-11 16:48:04.731 13017-13113/? W/System.err:     at com.mofirst.playstore.provider.network.n.(ProGuard:101)
02-11 16:48:04.731 13017-13113/? W/System.err:     at com.mofirst.playstore.provider.SyncManagerProvider.call(ProGuard:1163)
02-11 16:48:04.731 13017-13113/? W/System.err:     at android.content.ContentProvider$Transport.call(ContentProvider.java:411)
02-11 16:48:04.731 13017-13113/? W/System.err:     at android.content.ContentResolver.call(ContentResolver.java:1451)
02-11 16:48:04.731 13017-13113/? W/System.err:     at com.mofirst.playstore.d.w.run(ProGuard:92)
02-11 16:48:04.731 13017-13113/? W/System.err:     at java.lang.Thread.run(Thread.java:818)
02-11 16:48:04.736 13114-13114/? E/Zygote: no v2
02-11 16:48:04.741 13114-13114/? I/SELinux: Function: selinux_compare_spd_ram, index[1], SPD-policy is existed. and_ver=SEPF_SM-G550FY_5.1.1 ver=51
02-11 16:48:04.741 13114-13114/? W/SELinux: Function: selinux_compare_spd_ram, index[1], priority [2], priority version is VE=SEPF_SECMOBILE_6.0.1_0035
02-11 16:48:04.741 2773-3893/? I/ActivityManager: Start proc 13114:com.samsung.android.tzdata.update_M/u0a122 for broadcast-3 com.samsung.android.tzdata.update_M/.TzDataBundleReceiver
02-11 16:48:04.746 13114-13114/? W/SELinux: SELinux: seapp_context_lookup: seinfo=platform, level=s0:c512,c768, pkgname=com.samsung.android.tzdata.update_M 
02-11 16:48:04.756 2773-3914/? I/PersonaManager: mKnoxInfo is empty
02-11 16:48:04.776 13114-13114/? D/TimaKeyStoreProvider: TimaSignature is unavailable
02-11 16:48:04.776 13114-13114/? D/ActivityThread: Added TimaKeyStore provider
02-11 16:48:04.786 2773-3002/? V/BroadcastQueue: [background] Process cur broadcast BroadcastRecord{a16e8e6 u0 android.intent.action.PACKAGE_REPLACED qIdx=4}, state= (APP_RECEIVE) DELIVERED for app ProcessRecord{e9b6e27 13114:com.samsung.android.tzdata.update_M/u0a122}
02-11 16:48:04.811 27127-13031/? I/ChromeSync: [Persistence,AffiliationManager] Fetching affiliations from the server.
02-11 16:48:04.811 13114-13114/? W/System: ClassLoader referenced unknown path: /system/priv-app/TzDataUpdater_M/lib/arm
02-11 16:48:04.841 2773-2786/? I/ActivityManager: Killing 11808:com.samsung.android.email.provider/u0a26 (adj 15): DHA:empty #25
02-11 16:48:04.841 2773-2786/? V/BroadcastQueue: [background] Process cur broadcast BroadcastRecord{a16e8e6 u0 android.intent.action.PACKAGE_REPLACED qIdx=4}, state= (APP_RECEIVE) DELIVERED for app ProcessRecord{eb514e7 7844:com.sec.android.app.sbrowser/u0a89}
02-11 16:48:04.846 2773-3893/? I/PersonaManager: mKnoxInfo is empty
02-11 16:48:04.856 2773-3915/? V/BroadcastQueue: [background] Process cur broadcast BroadcastRecord{a16e8e6 u0 android.intent.action.PACKAGE_REPLACED qIdx=4}, state= (APP_RECEIVE) DELIVERED for app ProcessRecord{784563a 3594:com.sec.imsservice/1000}
02-11 16:48:04.856 27127-28068/? I/System.out: (HTTPLog)-Static: isSBSettingEnabled false
02-11 16:48:04.861 27127-28068/? I/System.out: (HTTPLog)-Static: isSBSettingEnabled false
02-11 16:48:04.861 2193-2934/? D/EnterpriseController: netId is 0
02-11 16:48:04.861 2193-2934/? D/Netd: getNetworkForDns: using netid 0 for uid 10005
02-11 16:48:04.861 2773-4111/? V/BroadcastQueue: [background] Process cur broadcast BroadcastRecord{a16e8e6 u0 android.intent.action.PACKAGE_REPLACED qIdx=4}, state= (APP_RECEIVE) DELIVERED for app ProcessRecord{4f6f31b 4449:com.sec.android.daemonapp/u0a102}
02-11 16:48:04.866 4449-4449/? D/[WeatherWidget(1506)]ClearDataReceiver: {[2B4A2AC40B5A9FD87A06E8EADDAC90141AB26CE73CEA67D26374843B4F15B9D28BF31589F63FEA9C50720EB2CE1D3348B97857F0C4C938DEFAD68B649855C1E6F972901618CB41A979A6A26AF52CA8F862432834B9391E4AF3948A74EEECBEA9A4AF824FB7BCF639F4ADD424DDCFC41732177C054B6A90063F59BFEBB5726CE6]}
02-11 16:48:04.866 27127-13031/? E/ChromeSync: [Sync,SyncIntentOperation] Error handling the intent: Intent { act=android.intent.action.PACKAGE_ADDED dat=package:com.example.imageuploading__retrofit flg=0x4000010 cmp=com.google.android.gms/.chimera.GmsIntentOperationService bqHint=4 (has extras) }.
02-11 16:48:04.871 2773-3849/? V/BroadcastQueue: [background] Process cur broadcast BroadcastRecord{a16e8e6 u0 android.intent.action.PACKAGE_REPLACED qIdx=4}, state= (APP_RECEIVE) DELIVERED for app ProcessRecord{95ace36 27127:com.google.android.gms/u0a5}
02-11 16:48:04.876 2773-2787/? I/PersonaManager: mKnoxInfo is empty
02-11 16:48:04.876 2773-2787/? I/PersonaManager: mKnoxInfo is empty
02-11 16:48:04.886 2773-2786/? V/BroadcastQueue: [background] Process cur broadcast BroadcastRecord{a16e8e6 u0 android.intent.action.PACKAGE_REPLACED qIdx=4}, state= (APP_RECEIVE) DELIVERED for app ProcessRecord{56fa1f2 3643:com.google.android.gms.persistent/u0a5}
02-11 16:48:04.891 2773-3915/? I/PersonaManager: mKnoxInfo is empty
02-11 16:48:04.891 2773-3148/? I/PersonaManager: mKnoxInfo is empty
02-11 16:48:04.896 2773-3480/? V/BroadcastQueue: [background] Process cur broadcast BroadcastRecord{a16e8e6 u0 android.intent.action.PACKAGE_REPLACED qIdx=4}, state= (APP_RECEIVE) DELIVERED for app ProcessRecord{3110d95 27024:com.google.android.googlequicksearchbox:search/u0a41}
02-11 16:48:04.901 2773-3480/? V/BroadcastQueue: [background] Process cur broadcast BroadcastRecord{a16e8e6 u0 android.intent.action.PACKAGE_REPLACED qIdx=4}, state= (APP_RECEIVE) DELIVERED for app ProcessRecord{15004e2 11544:com.facebook.appmanager/u0a135}
02-11 16:48:04.906 2773-3893/? I/PersonaManager: mKnoxInfo is empty
02-11 16:48:04.911 2773-4113/? D/ActivityManager: cleanUpApplicationRecord -- 11808
02-11 16:48:04.911 2773-4113/? D/ActivityManager: removeProcessNameLocked mProcessNames.remove pid=11808 ,hash=256557814 ,name=com.samsung.android.email.provider
02-11 16:48:04.911 2773-3002/? I/PersonaManager: mKnoxInfo is empty
02-11 16:48:04.921 2773-2787/? I/PersonaManager: mKnoxInfo is empty
02-11 16:48:04.926 2773-3481/? I/PersonaManager: mKnoxInfo is empty
02-11 16:48:04.936 2773-3849/? V/BroadcastQueue: [background] Process cur broadcast BroadcastRecord{a16e8e6 u0 android.intent.action.PACKAGE_REPLACED qIdx=4}, state= (APP_RECEIVE) DELIVERED for app ProcessRecord{c57299d 13017:com.sec.android.app.samsungapps/u0a4}
02-11 16:48:04.936 2773-2786/? I/PersonaManager: mKnoxInfo is empty
02-11 16:48:04.936 2773-3502/? I/PersonaManager: mKnoxInfo is empty
02-11 16:48:04.941 2773-2787/? I/PersonaManager: mKnoxInfo is empty
02-11 16:48:04.941 2773-3148/? I/PersonaManager: mKnoxInfo is empty
02-11 16:48:04.951 13017-13017/? V/IapReceiver: IAP INSTALL COMPLETE
02-11 16:48:04.951 2773-3849/? V/BroadcastQueue: [background] Process cur broadcast BroadcastRecord{a16e8e6 u0 android.intent.action.PACKAGE_REPLACED qIdx=4}, state= (APP_RECEIVE) DELIVERED for app ProcessRecord{c57299d 13017:com.sec.android.app.samsungapps/u0a4}
02-11 16:48:04.956 2773-3480/? I/PersonaManager: mKnoxInfo is empty
02-11 16:48:04.971 2773-2830/? V/BroadcastQueue: [background] Process cur broadcast BroadcastRecord{aabe6b1 u0 com.google.android.gms.gcm.ACTION_SCHEDULE qIdx=4}, state= (APP_RECEIVE) DELIVERED for app ProcessRecord{56fa1f2 3643:com.google.android.gms.persistent/u0a5}
02-11 16:48:04.991 2773-3502/? I/PersonaManager: mKnoxInfo is empty
02-11 16:48:04.996 2773-3481/? I/PersonaManager: mKnoxInfo is empty
02-11 16:48:05.016 2773-4113/? I/PersonaManager: mKnoxInfo is empty
02-11 16:48:05.021 27127-27650/? I/Icing: IndexChimeraService.getServiceInterface callingPackage=com.google.android.gms componentName=AppsCorpus serviceId=36
02-11 16:48:05.031 2773-3893/? I/PersonaManager: mKnoxInfo is empty
02-11 16:48:05.041 2773-4111/? I/PersonaManager: mKnoxInfo is empty
02-11 16:48:05.046 27127-13111/? I/GmsCoreXrpcWrapper: Returning a channel provider with trafficStatsTag=12803
02-11 16:48:05.056 2773-2787/? I/PersonaManager: mKnoxInfo is empty
02-11 16:48:05.061 2773-3480/? I/PersonaManager: mKnoxInfo is empty
02-11 16:48:05.066 2773-3502/? I/PersonaManager: mKnoxInfo is empty
02-11 16:48:05.066 2773-3148/? I/PersonaManager: mKnoxInfo is empty
02-11 16:48:05.071 2773-2952/? I/PersonaManager: mKnoxInfo is empty
02-11 16:48:05.086 27127-27655/? I/Icing: IndexChimeraService.getServiceInterface callingPackage=com.google.android.gms componentName=null serviceId=30
02-11 16:48:05.086 2773-3914/? I/PersonaManager: mKnoxInfo is empty
02-11 16:48:05.141 27127-13111/? W/native: document-store.cc:1194 Usage corpus id unknown 8282089843917590463
02-11 16:48:05.146 27127-13111/? W/native: document-store.cc:1194 Usage corpus id unknown 8282089843917590463
02-11 16:48:05.221 27127-13111/? W/native: document-store.cc:1194 Usage corpus id unknown 8282089843917590463
02-11 16:48:05.221 27127-13111/? I/Icing: Usage reports ok 0, Failed Usage reports 3, indexed 0, rejected 0
02-11 16:48:05.231 27127-13111/? I/GmsCoreXrpcWrapper: Returning a channel provider with trafficStatsTag=12803
02-11 16:48:05.246 2773-3002/? I/PersonaManager: mKnoxInfo is empty
02-11 16:48:05.246 27127-13111/? I/Icing: Usage reports ok 0, Failed Usage reports 0, indexed 0, rejected 0
02-11 16:48:05.251 27127-13111/? I/Icing: Indexing com.google.android.gms-internal.3p:MobileApplication from com.google.android.gms using seqno 0
02-11 16:48:05.256 27127-13111/? I/Icing: Indexing com.google.android.gms-internal.3p:MobileApplication from com.google.android.gms using seqno 0
02-11 16:48:05.271 27127-13111/? I/Icing: Indexing com.google.android.gms-apps from com.google.android.gms
02-11 16:48:05.406 27127-27655/? I/Icing: IndexChimeraService.getServiceInterface callingPackage=com.google.android.gms componentName=null serviceId=36
02-11 16:48:05.406 27127-13111/? I/Icing: Indexing done com.google.android.gms-apps
02-11 16:48:05.406 27127-13111/? I/Icing: Indexing com.google.android.gms-apps from com.google.android.gms
02-11 16:48:05.411 27127-13111/? I/Icing: Indexing done com.google.android.gms-apps
02-11 16:48:05.416 27127-13111/? I/GmsCoreXrpcWrapper: Returning a channel provider with trafficStatsTag=12803
02-11 16:48:05.431 2773-3893/? I/PersonaManager: mKnoxInfo is empty
02-11 16:48:05.436 27127-13111/? I/Icing: Usage reports ok 0, Failed Usage reports 0, indexed 0, rejected 0
02-11 16:48:05.441 2773-3915/? I/PersonaManager: mKnoxInfo is empty
