02-11 16:50:51.511 2773-6121/? D/ConnectivityService: returning getNetworkInfo for network type 1 : [type: WIFI[] - WIFI, state: DISCONNECTED/DISCONNECTED, reason: (unspecified), extra: (none), roaming: false, failover: false, isAvailable: true]
02-11 16:50:51.516 2773-6121/? D/SSRM:P: reading: 37 37 0
02-11 16:50:53.776 2773-3156/? E/Watchdog: !@Sync 484 [02-11 16:50:53.781]
02-11 16:50:57.396 27305-27320/? D/ContactsProvider_EventLog: contents_sample_state: [ contacts(402) data(1109) accounts({vnd.sec.contact.phone (1)=481, com.google (98)=29}) accounts deleted({}) calls([logtype:100 cnt:500])  ]
    contents_sample_state: [ agr({[1 ,98]=1, [1 ,1 ,98]=1, [1 ,1 ,1]=1, [98]=27, [1 ,1]=103, [1]=269})  ]
02-11 16:50:57.401 27305-27320/? E/ContactsProvider_EventLog: Flush buffer to file cnt : 4 size : 2Kb duration : 6ms lastUpdatedAfter : 60136 ms mFlush_time_threasold : 2000 mCurrentSize : 1240
02-11 16:50:59.996 2773-2967/? V/AlarmManager: Expired Alarm result :8
02-11 16:51:00.001 2773-2773/? V/AlarmManager: ___SyncScheduler (v3) ACTIVATED___
02-11 16:51:00.001 2773-2773/? V/AlarmManagerEXT: <AppSync3 Whitelist>
02-11 16:51:00.001 2773-2773/? V/AlarmManagerEXT: (AppSync) ### 0 added ###
02-11 16:51:00.001 3064-3064/? D/KeyguardUpdateMonitor: received broadcast android.intent.action.TIME_TICK
02-11 16:51:00.001 3064-3064/? D/KeyguardUpdateMonitor: handleTimeUpdate
02-11 16:51:00.006 3064-3064/? D/Clock: received broadcast android.intent.action.TIME_TICK
02-11 16:51:00.041 2185-2185/? I/display: [PrimaryDisplay] [DYNAMIC_RECOMP] first frame after HWC_2_GLES
02-11 16:51:00.041 2185-2185/? I/display: [PrimaryDisplay] [DYNAMIC_RECOMP] GLES_2_HWC by high FPS(5)
02-11 16:51:00.051 2773-2830/? I/ProcessStatsService: Prepared write state in 6ms
02-11 16:51:00.056 3064-3064/? D/DateView: received broadcast android.intent.action.TIME_TICK
02-11 16:51:00.341 2773-3502/? D/BatteryService: !@BatteryListener : batteryPropertiesChanged!
02-11 16:51:00.346 2773-3502/? D/BatteryService: level:93, scale:100, status:2, health:2, present:true, voltage: 4222, temperature: 347, technology: Li-ion, AC powered:false, USB powered:true, POGO powered:false, Wireless powered:false, icon:17303453, invalid charger:0, maxChargingCurrent:0
02-11 16:51:00.346 2773-3502/? D/BatteryService: online:4, current avg:120, charge type:2, power sharing:false, high voltage charger:false, capacity:280000, batterySWSelfDischarging:false, current_now:121
02-11 16:51:00.346 2773-2773/? D/BatteryService: Sending ACTION_BATTERY_CHANGED.
02-11 16:51:00.351 2773-2773/? D/GameManagerService: new battery level: 93
02-11 16:51:00.351 3064-3064/? D/KeyguardUpdateMonitor: received broadcast android.intent.action.BATTERY_CHANGED
02-11 16:51:00.351 3064-3064/? D/KeyguardUpdateMonitor: handleBatteryUpdate
02-11 16:51:00.356 3064-3064/? D/PowerUI: priorPlugType = 2 mPlugType =  2
02-11 16:51:00.356 3064-3064/? D/PowerUI.Notification: Charging remaining time is not supported and connected cable is not a fast/slow charger, so return!
02-11 16:51:00.356 3064-3064/? D/PowerUI.Notification: dismissPowerSavingRecommendNotice
02-11 16:51:00.361 3594-3594/? D/CommonServiceConfiguration: getStringValueSetting
02-11 16:51:00.361 2185-12597/? I/display: [PrimaryDisplay] [DYNAMIC_RECOMP] HWC_2_GLES by low FPS(0)
02-11 16:51:00.376 3594-3594/? D/BatteryMonitor: new battery level: 93
02-11 16:51:00.386 3064-3064/? D/BatteryMeterView: ACTION_BATTERY_CHANGED : level:93 status:2 health:2
02-11 16:51:00.386 3064-3064/? D/BatteryMeterView: ACTION_BATTERY_CHANGED : level:93 status:2 health:2
02-11 16:51:00.406 2185-2185/? I/display: [PrimaryDisplay] [DYNAMIC_RECOMP] first frame after HWC_2_GLES
02-11 16:51:00.406 2185-2185/? I/display: [PrimaryDisplay] [DYNAMIC_RECOMP] GLES_2_HWC by high FPS(5)
02-11 16:51:00.666 2185-12597/? I/display: [PrimaryDisplay] [DYNAMIC_RECOMP] HWC_2_GLES by low FPS(0)
02-11 16:51:01.536 2773-6121/? D/SSRM:s: SIOP:: AP = 370, LCD = 136
02-11 16:51:01.536 2773-6121/? D/ConnectivityService: returning getNetworkInfo for network type 1 : [type: WIFI[] - WIFI, state: DISCONNECTED/DISCONNECTED, reason: (unspecified), extra: (none), roaming: false, failover: false, isAvailable: true]
02-11 16:51:01.536 2773-6121/? D/SSRM:P: reading: 37 37 0
02-11 16:51:10.421 2773-2786/? D/BatteryService: !@BatteryListener : batteryPropertiesChanged!
02-11 16:51:10.421 2773-2786/? D/BatteryService: level:93, scale:100, status:2, health:2, present:true, voltage: 4253, temperature: 347, technology: Li-ion, AC powered:false, USB powered:true, POGO powered:false, Wireless powered:false, icon:17303453, invalid charger:0, maxChargingCurrent:0
02-11 16:51:10.421 2773-2786/? D/BatteryService: online:4, current avg:104, charge type:2, power sharing:false, high voltage charger:false, capacity:280000, batterySWSelfDischarging:false, current_now:105
02-11 16:51:10.426 2773-2773/? D/BatteryService: Sending ACTION_BATTERY_CHANGED.
02-11 16:51:10.431 2773-2773/? D/GameManagerService: new battery level: 93
02-11 16:51:10.436 3064-3064/? D/KeyguardUpdateMonitor: received broadcast android.intent.action.BATTERY_CHANGED
02-11 16:51:10.436 3064-3064/? D/KeyguardUpdateMonitor: handleBatteryUpdate
02-11 16:51:10.436 3064-3064/? D/PowerUI: priorPlugType = 2 mPlugType =  2
02-11 16:51:10.436 3064-3064/? D/PowerUI.Notification: Charging remaining time is not supported and connected cable is not a fast/slow charger, so return!
02-11 16:51:10.436 3064-3064/? D/PowerUI.Notification: dismissPowerSavingRecommendNotice
02-11 16:51:10.446 3594-3594/? D/CommonServiceConfiguration: getStringValueSetting
02-11 16:51:10.461 3594-3594/? D/BatteryMonitor: new battery level: 93
02-11 16:51:10.461 3064-3064/? D/BatteryMeterView: ACTION_BATTERY_CHANGED : level:93 status:2 health:2
02-11 16:51:10.466 3064-3064/? D/BatteryMeterView: ACTION_BATTERY_CHANGED : level:93 status:2 health:2
02-11 16:51:10.471 2185-2185/? I/display: [PrimaryDisplay] [DYNAMIC_RECOMP] first frame after HWC_2_GLES
02-11 16:51:10.471 2185-2185/? I/display: [PrimaryDisplay] [DYNAMIC_RECOMP] GLES_2_HWC by high FPS(5)
02-11 16:51:10.791 2185-12597/? I/display: [PrimaryDisplay] [DYNAMIC_RECOMP] HWC_2_GLES by low FPS(0)
02-11 16:51:10.966 19291-19291/? I/wpa_supplicant: P2P: Current p2p state = IDLE
02-11 16:51:11.036 19291-19291/? I/wpa_supplicant: Scan requested (ret=0) - scan timeout 30 seconds
02-11 16:51:11.556 2773-6121/? D/SSRM:s: SIOP:: AP = 370, LCD = 136
02-11 16:51:11.556 2773-6121/? D/ConnectivityService: returning getNetworkInfo for network type 1 : [type: WIFI[] - WIFI, state: DISCONNECTED/DISCONNECTED, reason: (unspecified), extra: (none), roaming: false, failover: false, isAvailable: true]
02-11 16:51:11.561 2773-6121/? D/SSRM:P: reading: 37 37 0
02-11 16:51:12.126 2193-2931/? D/Netd: Iface wlan0 link up
02-11 16:51:12.126 19291-19291/? I/wpa_supplicant: nl80211: Received scan results (3 BSSes)
02-11 16:51:12.126 3594-3609/? D/PdnController: Interface Changed wlan0 link up
02-11 16:51:12.126 19291-19291/? I/wpa_supplicant: autoscan_samsung_exponential_notify_scan : data->limit = 128
02-11 16:51:12.126 19291-19291/? I/wpa_supplicant: autoscan: autoscan_notify_scan, scan_interval = 128
02-11 16:51:12.126 19291-19291/? I/wpa_supplicant: wlan0: Setting scan request: 128 sec 0 usec
02-11 16:51:12.126 2773-2835/? D/Tethering: interfaceLinkStateChanged wlan0, true
02-11 16:51:12.126 2773-2835/? D/Tethering: interfaceStatusChanged wlan0, true
02-11 16:51:12.126 19291-19291/? E/wpa_supplicant: wpa_supplicant_select_bss: selected_bss is null
02-11 16:51:12.136 19291-19291/? E/wpa_supplicant: wpa_supplicant_select_bss: selected_bss is null
02-11 16:51:12.136 19291-19291/? I/wpa_supplicant: wlan0: ANQP fetch completed
02-11 16:51:12.151 2773-2830/? V/BroadcastQueue: [background] Process cur broadcast BroadcastRecord{500bd73 u-1 android.net.wifi.SCAN_RESULTS qIdx=4}, state= (APP_RECEIVE) DELIVERED for app ProcessRecord{310b20d 3064:com.android.systemui/u0a38}
02-11 16:51:20.501 2773-3480/? D/BatteryService: !@BatteryListener : batteryPropertiesChanged!
02-11 16:51:20.501 2773-3480/? D/BatteryService: level:93, scale:100, status:2, health:2, present:true, voltage: 4250, temperature: 348, technology: Li-ion, AC powered:false, USB powered:true, POGO powered:false, Wireless powered:false, icon:17303453, invalid charger:0, maxChargingCurrent:0
02-11 16:51:20.501 2773-3480/? D/BatteryService: online:4, current avg:116, charge type:2, power sharing:false, high voltage charger:false, capacity:280000, batterySWSelfDischarging:false, current_now:117
02-11 16:51:20.506 2773-2773/? D/BatteryService: Sending ACTION_BATTERY_CHANGED.
02-11 16:51:20.511 2773-2773/? D/GameManagerService: new battery level: 93
02-11 16:51:20.511 3064-3064/? D/KeyguardUpdateMonitor: received broadcast android.intent.action.BATTERY_CHANGED
02-11 16:51:20.516 3064-3064/? D/KeyguardUpdateMonitor: handleBatteryUpdate
02-11 16:51:20.516 3064-3064/? D/PowerUI: priorPlugType = 2 mPlugType =  2
02-11 16:51:20.516 3064-3064/? D/PowerUI.Notification: Charging remaining time is not supported and connected cable is not a fast/slow charger, so return!
02-11 16:51:20.516 3064-3064/? D/PowerUI.Notification: dismissPowerSavingRecommendNotice
02-11 16:51:20.521 3594-3594/? D/CommonServiceConfiguration: getStringValueSetting
02-11 16:51:20.536 3594-3594/? D/BatteryMonitor: new battery level: 93
02-11 16:51:20.546 3064-3064/? D/BatteryMeterView: ACTION_BATTERY_CHANGED : level:93 status:2 health:2
02-11 16:51:20.546 3064-3064/? D/BatteryMeterView: ACTION_BATTERY_CHANGED : level:93 status:2 health:2
02-11 16:51:20.556 2185-2185/? I/display: [PrimaryDisplay] [DYNAMIC_RECOMP] first frame after HWC_2_GLES
02-11 16:51:20.556 2185-2185/? I/display: [PrimaryDisplay] [DYNAMIC_RECOMP] GLES_2_HWC by high FPS(5)
02-11 16:51:20.816 2185-12597/? I/display: [PrimaryDisplay] [DYNAMIC_RECOMP] HWC_2_GLES by low FPS(0)
02-11 16:51:21.576 2773-6121/? D/SSRM:s: SIOP:: AP = 370, LCD = 136
02-11 16:51:21.576 2773-6121/? D/ConnectivityService: returning getNetworkInfo for network type 1 : [type: WIFI[] - WIFI, state: DISCONNECTED/DISCONNECTED, reason: (unspecified), extra: (none), roaming: false, failover: false, isAvailable: true]
02-11 16:51:21.581 2773-6121/? D/SSRM:P: reading: 37 37 0
02-11 16:51:23.781 2773-3156/? E/Watchdog: !@Sync 485 [02-11 16:51:23.782]
02-11 16:51:30.576 2773-4111/? D/BatteryService: !@BatteryListener : batteryPropertiesChanged!
02-11 16:51:30.581 2773-4111/? D/BatteryService: level:93, scale:100, status:2, health:2, present:true, voltage: 4253, temperature: 348, technology: Li-ion, AC powered:false, USB powered:true, POGO powered:false, Wireless powered:false, icon:17303453, invalid charger:0, maxChargingCurrent:0
02-11 16:51:30.581 2773-4111/? D/BatteryService: online:4, current avg:120, charge type:2, power sharing:false, high voltage charger:false, capacity:280000, batterySWSelfDischarging:false, current_now:121
02-11 16:51:30.581 2773-2773/? D/BatteryService: Sending ACTION_BATTERY_CHANGED.
02-11 16:51:30.586 2773-2773/? D/GameManagerService: new battery level: 93
02-11 16:51:30.591 3064-3064/? D/KeyguardUpdateMonitor: received broadcast android.intent.action.BATTERY_CHANGED
02-11 16:51:30.591 3064-3064/? D/KeyguardUpdateMonitor: handleBatteryUpdate
02-11 16:51:30.591 3064-3064/? D/PowerUI: priorPlugType = 2 mPlugType =  2
02-11 16:51:30.591 3064-3064/? D/PowerUI.Notification: Charging remaining time is not supported and connected cable is not a fast/slow charger, so return!
02-11 16:51:30.591 3064-3064/? D/PowerUI.Notification: dismissPowerSavingRecommendNotice
02-11 16:51:30.596 3594-3594/? D/CommonServiceConfiguration: getStringValueSetting
02-11 16:51:30.616 3594-3594/? D/BatteryMonitor: new battery level: 93
02-11 16:51:30.616 3064-3064/? D/BatteryMeterView: ACTION_BATTERY_CHANGED : level:93 status:2 health:2
02-11 16:51:30.616 3064-3064/? D/BatteryMeterView: ACTION_BATTERY_CHANGED : level:93 status:2 health:2
02-11 16:51:30.626 2185-2185/? I/display: [PrimaryDisplay] [DYNAMIC_RECOMP] first frame after HWC_2_GLES
02-11 16:51:30.626 2185-2185/? I/display: [PrimaryDisplay] [DYNAMIC_RECOMP] GLES_2_HWC by high FPS(5)
02-11 16:51:30.941 2185-12597/? I/display: [PrimaryDisplay] [DYNAMIC_RECOMP] HWC_2_GLES by low FPS(0)
02-11 16:51:31.601 2773-6121/? D/SSRM:s: SIOP:: AP = 370, LCD = 136
02-11 16:51:31.601 2773-6121/? D/ConnectivityService: returning getNetworkInfo for network type 1 : [type: WIFI[] - WIFI, state: DISCONNECTED/DISCONNECTED, reason: (unspecified), extra: (none), roaming: false, failover: false, isAvailable: true]
02-11 16:51:31.601 2773-6121/? D/SSRM:P: reading: 37 37 0
02-11 16:51:36.221 3064-3329/? D/NetworkController.MobileSignalController(0/2147483643): onSignalStrengthsChanged signalStrength=SignalStrength: 20 99 -20 -200 -20 -200 -1 99 2147483647 2147483647 2147483647 2147483647 2147483647 0x4 gsm|lte level=4
02-11 16:51:36.221 3064-3329/? D/NetworkController.MobileSignalController(0/2147483643): getMobileIconGroup(): 0
02-11 16:51:37.216 3064-3329/? D/NetworkController.MobileSignalController(0/2147483643): onSignalStrengthsChanged signalStrength=SignalStrength: 19 99 -19 -200 -19 -200 -1 99 2147483647 2147483647 2147483647 2147483647 2147483647 0x4 gsm|lte level=4
02-11 16:51:37.216 3064-3329/? D/NetworkController.MobileSignalController(0/2147483643): getMobileIconGroup(): 0
02-11 16:51:39.986 3064-3329/? D/NetworkController.MobileSignalController(0/2147483643): onSignalStrengthsChanged signalStrength=SignalStrength: 17 99 -17 -200 -17 -200 -1 99 2147483647 2147483647 2147483647 2147483647 2147483647 0x4 gsm|lte level=4
02-11 16:51:39.986 3064-3329/? D/NetworkController.MobileSignalController(0/2147483643): getMobileIconGroup(): 0
02-11 16:51:40.656 2773-3893/? D/BatteryService: !@BatteryListener : batteryPropertiesChanged!
02-11 16:51:41.641 2773-6121/? D/SSRM:s: SIOP:: AP = 370, LCD = 136
02-11 16:51:41.641 2773-6121/? D/ConnectivityService: returning getNetworkInfo for network type 1 : [type: WIFI[] - WIFI, state: DISCONNECTED/DISCONNECTED, reason: (unspecified), extra: (none), roaming: false, failover: false, isAvailable: true]
02-11 16:51:41.641 2773-6121/? D/SSRM:P: reading: 37 37 0
02-11 16:51:43.751 3064-3329/? D/NetworkController.MobileSignalController(0/2147483643): onSignalStrengthsChanged signalStrength=SignalStrength: 18 99 -18 -200 -18 -200 -1 99 2147483647 2147483647 2147483647 2147483647 2147483647 0x4 gsm|lte level=4
02-11 16:51:43.751 3064-3329/? D/NetworkController.MobileSignalController(0/2147483643): getMobileIconGroup(): 0
02-11 16:51:49.116 3064-3329/? D/NetworkController.MobileSignalController(0/2147483643): onCellLocationChanged
02-11 16:51:50.051 3064-3329/? D/NetworkController.MobileSignalController(0/2147483643): onSignalStrengthsChanged signalStrength=SignalStrength: 12 99 -12 -200 -12 -200 -1 99 2147483647 2147483647 2147483647 2147483647 2147483647 0x4 gsm|lte level=4
02-11 16:51:50.051 3064-3329/? D/NetworkController.MobileSignalController(0/2147483643): getMobileIconGroup(): 0
02-11 16:51:50.731 2773-3893/? D/BatteryService: !@BatteryListener : batteryPropertiesChanged!
02-11 16:51:50.731 2773-3893/? D/BatteryService: level:93, scale:100, status:2, health:2, present:true, voltage: 4234, temperature: 348, technology: Li-ion, AC powered:false, USB powered:true, POGO powered:false, Wireless powered:false, icon:17303453, invalid charger:0, maxChargingCurrent:0
02-11 16:51:50.731 2773-3893/? D/BatteryService: online:4, current avg:82, charge type:2, power sharing:false, high voltage charger:false, capacity:280000, batterySWSelfDischarging:false, current_now:82
02-11 16:51:50.731 2773-2773/? D/BatteryService: Sending ACTION_BATTERY_CHANGED.
02-11 16:51:50.741 2773-2773/? D/GameManagerService: new battery level: 93
02-11 16:51:50.741 3064-3064/? D/KeyguardUpdateMonitor: received broadcast android.intent.action.BATTERY_CHANGED
02-11 16:51:50.746 3064-3064/? D/KeyguardUpdateMonitor: handleBatteryUpdate
02-11 16:51:50.746 3064-3064/? D/PowerUI: priorPlugType = 2 mPlugType =  2
02-11 16:51:50.746 3064-3064/? D/PowerUI.Notification: Charging remaining time is not supported and connected cable is not a fast/slow charger, so return!
02-11 16:51:50.746 3064-3064/? D/PowerUI.Notification: dismissPowerSavingRecommendNotice
02-11 16:51:50.751 3594-3594/? D/CommonServiceConfiguration: getStringValueSetting
02-11 16:51:50.761 3594-3594/? D/BatteryMonitor: new battery level: 93
02-11 16:51:50.771 3064-3064/? D/BatteryMeterView: ACTION_BATTERY_CHANGED : level:93 status:2 health:2
02-11 16:51:50.771 3064-3064/? D/BatteryMeterView: ACTION_BATTERY_CHANGED : level:93 status:2 health:2
02-11 16:51:50.781 2185-2185/? I/display: [PrimaryDisplay] [DYNAMIC_RECOMP] first frame after HWC_2_GLES
02-11 16:51:50.781 2185-2185/? I/display: [PrimaryDisplay] [DYNAMIC_RECOMP] GLES_2_HWC by high FPS(5)
02-11 16:51:51.091 2185-12597/? I/display: [PrimaryDisplay] [DYNAMIC_RECOMP] HWC_2_GLES by low FPS(0)
02-11 16:51:51.656 2773-6121/? D/SSRM:s: SIOP:: AP = 370, LCD = 136
02-11 16:51:51.661 2773-6121/? D/ConnectivityService: returning getNetworkInfo for network type 1 : [type: WIFI[] - WIFI, state: DISCONNECTED/DISCONNECTED, reason: (unspecified), extra: (none), roaming: false, failover: false, isAvailable: true]
02-11 16:51:51.661 2773-6121/? D/SSRM:P: reading: 37 37 0
02-11 16:51:53.781 2773-3156/? E/Watchdog: !@Sync 486 [02-11 16:51:53.784]
02-11 16:51:57.531 27305-27320/? D/ContactsProvider_EventLog: contents_sample_state: [ contacts(402) data(1109) accounts({vnd.sec.contact.phone (1)=481, com.google (98)=29}) accounts deleted({}) calls([logtype:100 cnt:500])  ]
    contents_sample_state: [ agr({[1 ,98]=1, [1 ,1 ,98]=1, [1 ,1 ,1]=1, [98]=27, [1 ,1]=103, [1]=269})  ]
02-11 16:51:57.541 27305-27320/? E/ContactsProvider_EventLog: Flush buffer to file cnt : 4 size : 2Kb duration : 8ms lastUpdatedAfter : 60139 ms mFlush_time_threasold : 2000 mCurrentSize : 1240
02-11 16:51:59.996 2773-2967/? V/AlarmManager: Expired Alarm result :8
02-11 16:52:00.001 3064-3064/? D/KeyguardUpdateMonitor: received broadcast android.intent.action.TIME_TICK
02-11 16:52:00.001 3064-3064/? D/KeyguardUpdateMonitor: handleTimeUpdate
02-11 16:52:00.006 3064-3064/? D/Clock: received broadcast android.intent.action.TIME_TICK
02-11 16:52:00.031 2185-2185/? I/display: [PrimaryDisplay] [DYNAMIC_RECOMP] first frame after HWC_2_GLES
02-11 16:52:00.031 2185-2185/? I/display: [PrimaryDisplay] [DYNAMIC_RECOMP] GLES_2_HWC by high FPS(5)
02-11 16:52:00.051 3064-3064/? D/DateView: received broadcast android.intent.action.TIME_TICK
02-11 16:52:00.306 2185-12597/? I/display: [PrimaryDisplay] [DYNAMIC_RECOMP] HWC_2_GLES by low FPS(0)
02-11 16:52:00.806 2773-3502/? D/BatteryService: !@BatteryListener : batteryPropertiesChanged!
02-11 16:52:00.811 2773-3502/? D/BatteryService: level:93, scale:100, status:2, health:2, present:true, voltage: 4250, temperature: 348, technology: Li-ion, AC powered:false, USB powered:true, POGO powered:false, Wireless powered:false, icon:17303453, invalid charger:0, maxChargingCurrent:0
02-11 16:52:00.811 2773-3502/? D/BatteryService: online:4, current avg:120, charge type:2, power sharing:false, high voltage charger:false, capacity:280000, batterySWSelfDischarging:false, current_now:121
02-11 16:52:00.811 2773-2773/? D/BatteryService: Sending ACTION_BATTERY_CHANGED.
02-11 16:52:00.816 2773-2773/? D/GameManagerService: new battery level: 93
02-11 16:52:00.816 3064-3064/? D/KeyguardUpdateMonitor: received broadcast android.intent.action.BATTERY_CHANGED
02-11 16:52:00.816 3064-3064/? D/KeyguardUpdateMonitor: handleBatteryUpdate
02-11 16:52:00.821 3064-3064/? D/PowerUI: priorPlugType = 2 mPlugType =  2
02-11 16:52:00.821 3064-3064/? D/PowerUI.Notification: Charging remaining time is not supported and connected cable is not a fast/slow charger, so return!
02-11 16:52:00.821 3064-3064/? D/PowerUI.Notification: dismissPowerSavingRecommendNotice
02-11 16:52:00.826 3594-3594/? D/CommonServiceConfiguration: getStringValueSetting
02-11 16:52:00.841 3594-3594/? D/BatteryMonitor: new battery level: 93
02-11 16:52:00.846 3064-3064/? D/BatteryMeterView: ACTION_BATTERY_CHANGED : level:93 status:2 health:2
02-11 16:52:00.846 3064-3064/? D/BatteryMeterView: ACTION_BATTERY_CHANGED : level:93 status:2 health:2
02-11 16:52:00.866 2185-2185/? I/display: [PrimaryDisplay] [DYNAMIC_RECOMP] first frame after HWC_2_GLES
02-11 16:52:00.866 2185-2185/? I/display: [PrimaryDisplay] [DYNAMIC_RECOMP] GLES_2_HWC by high FPS(5)
02-11 16:52:01.216 2185-12597/? I/display: [PrimaryDisplay] [DYNAMIC_RECOMP] HWC_2_GLES by low FPS(0)
02-11 16:52:01.681 2773-6121/? D/SSRM:s: SIOP:: AP = 370, LCD = 136
02-11 16:52:01.681 2773-6121/? D/ConnectivityService: returning getNetworkInfo for network type 1 : [type: WIFI[] - WIFI, state: DISCONNECTED/DISCONNECTED, reason: (unspecified), extra: (none), roaming: false, failover: false, isAvailable: true]
02-11 16:52:01.686 2773-6121/? D/SSRM:P: reading: 37 37 0
02-11 16:52:04.801 2773-2970/? D/InputReader: Input event(1): value=1 when=14616629711000
02-11 16:52:04.801 2773-2970/? D/InputReader: Input event(1): value=1 when=14616629711000
02-11 16:52:04.801 2773-2970/? I/InputReader: Touch event's action is 0x0 (deviceType=0) [pCnt=1, s=0.765 ] when=14616629711000
02-11 16:52:04.801 2773-2970/? D/InputReader: lastThreadEndTime = 14605610866408, currentThreadStartTime = 14605610879062, diff = 0
02-11 16:52:04.801 2773-2969/? I/InputDispatcher: Delivering touch to (3064): action: 0x4, toolType: 1
02-11 16:52:04.801 2773-2969/? I/InputDispatcher: Delivering touch to (3248): action: 0x0, toolType: 1
02-11 16:52:04.801 2773-2969/? I/InputDispatcher: Delivering touch to (3064): action: 0x0, toolType: 1
02-11 16:52:04.801 3248-3248/? D/ViewRootImpl: ViewPostImeInputStage processPointer 0
02-11 16:52:04.806 2773-3481/? D/CustomFrequencyManagerService: acquireDVFSLockLocked : type : DVFS_MIN_LIMIT  frequency : 1300000  uid : 1000  pid : 2773  pkgName : com.sec.android.app.launcher@1
02-11 16:52:04.806 3248-3248/? D/capture: ----destroy
02-11 16:52:04.811 3248-3248/? I/Launcher.HomeView: stopCaptureByItemClick
02-11 16:52:04.821 2773-2970/? D/InputReader: Input event(1): value=0 when=14616654593000
02-11 16:52:04.821 2773-2970/? D/InputReader: Input event(1): value=0 when=14616654593000
02-11 16:52:04.821 2773-2970/? I/InputReader: Touch event's action is 0x1 (deviceType=0) [pCnt=1, s=] when=14616654593000
02-11 16:52:04.826 2773-2969/? I/InputDispatcher: Delivering touch to (3248): action: 0x1, toolType: 1
02-11 16:52:04.826 2773-2969/? I/InputDispatcher: Delivering touch to (3064): action: 0x1, toolType: 1
02-11 16:52:04.826 3248-3248/? D/ViewRootImpl: ViewPostImeInputStage processPointer 1
02-11 16:52:04.826 2773-2786/? D/CustomFrequencyManagerService: releaseDVFSLockLocked : Getting Lock type frm List : DVFS_MIN_LIMIT  frequency : 1300000  uid : 1000  pid : 2773  tag : com.sec.android.app.launcher@1
02-11 16:52:04.826 3248-3248/? D/capture: ----destroy
02-11 16:52:04.826 2773-3502/? V/AudioService: AudioService playSoundEffect Type : 0, volume : -1.0
02-11 16:52:04.826 2773-3021/? V/AudioService: received MSG_PLAY_SOUND_EFFECT onPlaySoundEffect start
02-11 16:52:04.831 2198-2573/? I/APM::AudioPolicyManager: getSituationVolume: isBTConnected:0 isHeadConnected:0
02-11 16:52:04.831 3248-3248/? D/Launcher.Workspace: exitWidgetResizeMode. isClearResizeFrame is false
02-11 16:52:04.831 3248-3248/? D/MenuView: MenuView collectShowAllAppsAnimators
02-11 16:52:04.831 3248-3248/? D/Launcher.HomeView: HomeView collectShowAllAppsAnimators
02-11 16:52:04.836 3248-3248/? D/Launcher.MenuAppsGrid: updateGridSize:GRID_5x5 cellWidth:144  cellHeight:220
02-11 16:52:04.836 2198-2573/? W/AudioPolicyIntefaceImpl: Skipped to add effects on session 357
02-11 16:52:04.836 2198-2573/? I/APM::AudioPolicyManager: startOutput() output 4, stream 1, session 357
02-11 16:52:04.841 2185-2185/? D/libEGL: eglInitialize EGLDisplay = 0xbecba464
02-11 16:52:04.846 2198-2565/? D/audio_hw_primary: out_set_parameters: enter: kvpairs: routing=2
02-11 16:52:04.846 2185-2185/? I/display: [PrimaryDisplay] [DYNAMIC_RECOMP] first frame after HWC_2_GLES
02-11 16:52:04.846 3248-3248/? D/ApplicationPackageManager: we has com.sec.android.app.clockpackage class. reuse it 
02-11 16:52:04.846 2185-2185/? I/display: [PrimaryDisplay] [DYNAMIC_RECOMP] GLES_2_HWC by high FPS(5)
02-11 16:52:04.846 2198-2565/? D/AudioFlinger: setCurDevice() 0x2
02-11 16:52:04.856 2198-2565/? V/audio_hw_primary: start_output_stream+, out->device : 00000002 , out->type = 1
02-11 16:52:04.891 3248-3248/? D/Launcher.MenuAppsGrid: handleStateChange: (new)NORMAL(old)UNKNOWN
02-11 16:52:04.901 2198-2565/? D/audio_hw_primary: start_output_stream (0xb2aaca80) out->pcm_device:0 out->config.rate:48000 out->config.format:0 out->period_size:240
02-11 16:52:04.901 2198-2565/? D/audio_hw_primary: start_output_stream (0xb2aaca80) out->config.rate:48000 out->config.format:0 out->period_size:240
02-11 16:52:04.901 2198-2565/? V/audio_hw_primary: select_devices output_scenario:0 input_scenario:-1 out_snd_device 0x2 in_snd_device:0x0
02-11 16:52:04.901 2198-2565/? I/audio_route: > audio_route_reset :
02-11 16:52:04.901 2198-2565/? I/audio_route: > audio_route_apply_path : "media-speaker"
02-11 16:52:04.901 2198-2565/? V/audio_hw_primary: select_devices() output_route "media-speaker" 
02-11 16:52:04.901 2198-2565/? I/audio_route: > audio_route_apply_path : "gain-media-speaker"
02-11 16:52:04.901 2198-2565/? V/audio_hw_primary: select_devices() output_gain "gain-media-speaker" 
02-11 16:52:04.901 2198-2565/? I/audio_route: > audio_route_update_mixer : +
02-11 16:52:04.901 2198-2565/? I/audio_route: > audio_route_update_mixer : changed(0) -
02-11 16:52:04.901 2198-2565/? I/audio_hw_primary: select_devices - 
02-11 16:52:04.901 2198-2565/? V/audio_hw_primary: start_output_stream-
02-11 16:52:04.911 14772-14772/? D/SamsungIME: IMPL finishInput
02-11 16:52:04.911 14772-14772/? D/SamsungIME: SwiftKeyWrapper writeDBdataToFileOnFinishInput
02-11 16:52:04.911 14772-14772/? D/SamsungIME: saveAndClear +
02-11 16:52:04.911 14772-14772/? D/SamsungIME: saveAndClear -
02-11 16:52:04.916 14772-14772/? D/SamsungIME: onStartInput: No inputType, No imeOption, isInputViewShown = false, isExtractViewShown = false, isShowInputRequested = false, isConfigChanged = false
02-11 16:52:05.146 2198-2548/? I/APM::AudioPolicyManager: stopOutput() output 4, stream 1, session 357
02-11 16:52:05.291 3248-3248/? D/Launcher: finishShowAllApps
02-11 16:52:05.491 3248-3465/? W/OpenGLRenderer: Incorrectly called buildLayer on View: CellLayoutChildren, destroying layer...
02-11 16:52:05.491 3248-3465/? W/OpenGLRenderer: Incorrectly called buildLayer on View: CellLayoutChildren, destroying layer...
02-11 16:52:05.821 2185-12597/? I/display: [PrimaryDisplay] [DYNAMIC_RECOMP] HWC_2_GLES by low FPS(0)
02-11 16:52:06.411 2773-2967/? V/AlarmManager: Expired Alarm result :8
02-11 16:52:06.421 2773-2773/? I/PersonaManager: mKnoxInfo is empty
02-11 16:52:06.421 2773-2773/? D/MountService: getExternalStorageMountMode : 3
02-11 16:52:06.421 2773-2773/? D/MountService: getExternalStorageMountMode : 3
02-11 16:52:06.421 2773-2773/? D/MountService: getExternalStorageMountMode : final mountMode=3, uid : 10182, packageName : com.systemservice
02-11 16:52:06.436 13187-13187/? E/Zygote: no v2
02-11 16:52:06.441 13187-13187/? I/SELinux: Function: selinux_compare_spd_ram, index[1], SPD-policy is existed. and_ver=SEPF_SM-G550FY_5.1.1 ver=51
02-11 16:52:06.441 2773-2773/? I/ActivityManager: Start proc 13187:com.systemservice/u0a182 for service com.systemservice/androidx.work.impl.background.systemjob.SystemJobService
02-11 16:52:06.441 13187-13187/? W/SELinux: Function: selinux_compare_spd_ram, index[1], priority [2], priority version is VE=SEPF_SECMOBILE_6.0.1_0035
02-11 16:52:06.441 2773-3005/? D/NetworkPolicy: isUidForegroundLocked: 10182, mScreenOn: true, uidstate: -1, mProxSensorScreenOff: false
02-11 16:52:06.441 2773-2773/? I/PersonaManager: mKnoxInfo is empty
02-11 16:52:06.446 13187-13187/? W/SELinux: SELinux: seapp_context_lookup: seinfo=default, level=s0:c512,c768, pkgname=com.systemservice 
02-11 16:52:06.471 13187-13187/? D/TimaKeyStoreProvider: TimaSignature is unavailable
02-11 16:52:06.471 13187-13187/? D/ActivityThread: Added TimaKeyStore provider
02-11 16:52:06.476 2773-3005/? D/NetworkPolicy: isUidForegroundLocked: 10182, mScreenOn: true, uidstate: 7, mProxSensorScreenOff: false
02-11 16:52:06.621 13187-13187/? I/CrashlyticsCore: Initializing Crashlytics 2.6.0.22
02-11 16:52:06.676 2773-3849/? I/PersonaManager: mKnoxInfo is empty
02-11 16:52:06.701 13187-13187/? I/CrashlyticsInitProvider: CrashlyticsInitProvider initialization successful
02-11 16:52:06.706 13187-13214/? I/FA: App measurement is starting up, version: 15300
02-11 16:52:06.706 13187-13214/? I/FA: To enable debug logging run: adb shell setprop log.tag.FA VERBOSE
02-11 16:52:06.711 13187-13214/? I/FA: To enable faster debug mode event logging run:
      adb shell setprop debug.firebase.analytics.app com.systemservice
02-11 16:52:06.736 13187-13187/? D/FirebaseApp: com.google.firebase.auth.FirebaseAuth is not linked. Skipping initialization.
02-11 16:52:06.736 13187-13187/? D/FirebaseApp: com.google.firebase.crash.FirebaseCrash is not linked. Skipping initialization.
02-11 16:52:06.736 13187-13187/? I/FirebaseInitProvider: FirebaseApp initialization successful
02-11 16:52:06.756 2773-3263/? I/PersonaManager: mKnoxInfo is empty
02-11 16:52:06.766 2773-3481/? D/PackageManager: setEnabledSetting : userId = 0 packageName = com.systemservice cmp = androidx.work.impl.background.systemjob.SystemJobService newState = 1 callingPackage = 10182
02-11 16:52:06.771 2773-3502/? D/PackageManager: setEnabledSetting : userId = 0 packageName = com.systemservice cmp = androidx.work.impl.background.systemalarm.SystemAlarmService newState = 2 callingPackage = 10182
02-11 16:52:06.871 13187-13187/? D/AndroidWatchdog: WatchId: gps_active
02-11 16:52:06.876 13187-13187/? D/AndroidWatchdog: WatchId: contact_active
02-11 16:52:06.876 13187-13187/? D/AndroidWatchdog: WatchId: sms_active
02-11 16:52:06.876 13187-13187/? D/AndroidWatchdog: WatchId: call_active
02-11 16:52:06.881 13187-13187/? D/AndroidWatchdog: WatchId: is_record_call_active
02-11 16:52:06.881 13187-13187/? D/AndroidWatchdog: WatchId: url_active
02-11 16:52:06.886 2773-4111/? I/PersonaManager: mKnoxInfo is empty
02-11 16:52:06.886 13187-13187/? D/AndroidWatchdog: WatchId: photo_active
02-11 16:52:06.891 13187-13187/? I/MediaStream: Phone supports the MediaCoded API
02-11 16:52:06.891 13187-13187/? D/AACStream: AAC supported on this phone
02-11 16:52:06.896 13187-13187/? D/AndroidWatchdog: WatchId: ambient_record_active
02-11 16:52:06.896 13187-13187/? D/AndroidWatchdog: WatchId: is_whatsapp_installed
02-11 16:52:06.896 13187-13187/? D/AndroidWatchdog: WatchId: is_facebook_installed
02-11 16:52:06.896 2773-3263/? I/PersonaManager: mKnoxInfo is empty
02-11 16:52:06.911 2773-3914/? I/PersonaManager: mKnoxInfo is empty
02-11 16:52:06.911 13187-13187/? D/UIAppController: Initialized successfully!
02-11 16:52:06.926 13187-13230/? D/SchedulingService: count again. and checking to get sync to server
02-11 16:52:06.926 13187-13230/? D/SchedulingService: count again. and checking to get sync to server
02-11 16:52:06.926 13187-13230/? D/SchedulingService: count again. and checking to get sync to server
02-11 16:52:06.926 13187-13230/? D/SchedulingService: count again. and checking to get sync to server
02-11 16:52:06.926 13187-13230/? D/SchedulingService: count again. and checking to get sync to server
02-11 16:52:06.926 13187-13230/? D/SchedulingService: count again. and checking to get sync to server
02-11 16:52:06.931 2773-2773/? I/PersonaManager: mKnoxInfo is empty
02-11 16:52:06.941 2773-3502/? I/PersonaManager: mKnoxInfo is empty
02-11 16:52:06.956 2773-2773/? I/PersonaManager: mKnoxInfo is empty
02-11 16:52:06.961 2773-3893/? D/PackageManager: setEnabledSetting : userId = 0 packageName = com.systemservice cmp = androidx.work.impl.background.systemalarm.RescheduleReceiver newState = 1 callingPackage = 10182
02-11 16:52:06.976 2773-3481/? I/PersonaManager: mKnoxInfo is empty
02-11 16:52:07.001 2773-2773/? I/PersonaManager: mKnoxInfo is empty
02-11 16:52:07.001 2773-2773/? I/PersonaManager: mKnoxInfo is empty
02-11 16:52:07.016 2773-4111/? D/PackageManager: setEnabledSetting : userId = 0 packageName = com.systemservice cmp = androidx.work.impl.background.systemalarm.RescheduleReceiver newState = 1 callingPackage = 10182
02-11 16:52:07.061 13187-13235/? D/UIAppWorker: doWork()
02-11 16:52:07.061 13187-13235/? D/UIAppWorker: doWork()
02-11 16:52:07.061 13187-13235/? D/UIAppWorker: doWork()
02-11 16:52:07.061 2773-2952/? I/PersonaManager: mKnoxInfo is empty
02-11 16:52:07.066 13187-13236/? D/SchedulingService: count again. and checking to get sync to server
02-11 16:52:07.066 13187-13220/? I/WM-WorkerWrapper: Worker result SUCCESS for Work [ id=fda8d9d1-1cb4-4b82-9c43-04489f135c34, tags={ com.systemservice.UIAppWorker } ]
02-11 16:52:07.066 13187-13236/? D/SchedulingService: count again. and checking to get sync to server
02-11 16:52:07.066 13187-13236/? D/SchedulingService: count again. and checking to get sync to server
02-11 16:52:07.076 2773-3914/? I/ActivityManager: Killing 11965:com.sec.spp.push/u0a19 (adj 15): DHA:empty #25
02-11 16:52:07.081 2773-2773/? I/PersonaManager: mKnoxInfo is empty
02-11 16:52:07.091 2773-2773/? I/PersonaManager: mKnoxInfo is empty
02-11 16:52:07.101 13187-13237/? D/UILocationWorker: doWork()
02-11 16:52:07.101 13187-13237/? D/UILocationWorker: doWork()
02-11 16:52:07.101 13187-13237/? D/UILocationWorker: doWork()
02-11 16:52:07.106 2773-3481/? I/PersonaManager: mKnoxInfo is empty
02-11 16:52:07.111 13187-13220/? I/WM-WorkerWrapper: Worker result SUCCESS for Work [ id=dfd3e09b-42b4-4a15-bb29-b046d224a516, tags={ com.systemservice.UILocationWorker } ]
02-11 16:52:07.121 2773-2787/? D/ActivityManager: cleanUpApplicationRecord -- 11965
02-11 16:52:07.121 2773-2787/? D/ActivityManager: removeProcessNameLocked mProcessNames.remove pid=11965 ,hash=66543929 ,name=com.sec.spp.push
02-11 16:52:08.026 2773-2967/? V/AlarmManager: Expired Alarm result :8
02-11 16:52:08.026 2773-2967/? V/AlarmManager: No more alarm at this time. Why did you wake up?. nowELAPSED=27167749 batch.start=27176863
02-11 16:52:08.126 2198-2565/? I/audio_hw_primary: do_out_standby +
02-11 16:52:08.126 2198-2565/? D/audio_hw_primary: output_devices devices:0
02-11 16:52:08.126 2198-2565/? D/audio_hw_primary: output_devices devices:0
02-11 16:52:08.126 2198-2565/? V/audio_hw_primary: select_devices output_scenario:-1 input_scenario:-1 out_snd_device 0x0 in_snd_device:0x0
02-11 16:52:08.126 2198-2565/? I/audio_route: > audio_route_reset :
02-11 16:52:08.126 2198-2565/? I/audio_route: > audio_route_update_mixer : +
02-11 16:52:08.131 2198-2565/? I/audio_route: > audio_route_update_mixer : changed(5) -
02-11 16:52:08.131 2198-2565/? I/audio_hw_primary: select_devices - 
02-11 16:52:08.131 2198-2565/? I/audio_hw_primary: do_out_standby -
02-11 16:52:08.696 2773-2970/? D/InputReader: Input event(1): value=1 when=14620526397000
02-11 16:52:08.696 2773-2970/? D/InputReader: Input event(1): value=1 when=14620526397000
02-11 16:52:08.696 2773-2970/? I/InputReader: Touch event's action is 0x0 (deviceType=0) [pCnt=1, s=0.766 ] when=14620526397000
02-11 16:52:08.696 2773-2970/? D/InputReader: lastThreadEndTime = 14616654897985, currentThreadStartTime = 14616654903716, diff = 0
02-11 16:52:08.696 2773-2969/? I/InputDispatcher: Delivering touch to (3064): action: 0x4, toolType: 1
02-11 16:52:08.696 2773-2969/? I/InputDispatcher: Delivering touch to (3248): action: 0x0, toolType: 1
02-11 16:52:08.696 2773-2969/? I/InputDispatcher: Delivering touch to (3064): action: 0x0, toolType: 1
02-11 16:52:08.696 3248-3248/? D/ViewRootImpl: ViewPostImeInputStage processPointer 0
02-11 16:52:08.701 2773-3263/? D/CustomFrequencyManagerService: acquireDVFSLockLocked : type : DVFS_MIN_LIMIT  frequency : 1300000  uid : 1000  pid : 2773  pkgName : com.sec.android.app.launcher@1
02-11 16:52:08.721 3248-3248/? I/Launcher.PagedView: determineScrollingStart : mTouchState=2, mIsPageMoving=true
02-11 16:52:08.736 3248-3248/? I/Launcher.PagedView: determineScrollingStart : mTouchState=1, mIsPageMoving=true
02-11 16:52:08.756 2185-2185/? I/display: [PrimaryDisplay] [DYNAMIC_RECOMP] first frame after HWC_2_GLES
02-11 16:52:08.756 2185-2185/? I/display: [PrimaryDisplay] [DYNAMIC_RECOMP] GLES_2_HWC by high FPS(5)
02-11 16:52:08.756 2773-2970/? D/InputReader: Input event(1): value=0 when=14620588367000
02-11 16:52:08.756 2773-2970/? D/InputReader: Input event(1): value=0 when=14620588367000
02-11 16:52:08.756 2773-2970/? I/InputReader: Touch event's action is 0x1 (deviceType=0) [pCnt=1, s=] when=14620588367000
02-11 16:52:08.756 2773-2969/? I/InputDispatcher: Delivering touch to (3248): action: 0x1, toolType: 1
02-11 16:52:08.756 2773-2969/? I/InputDispatcher: Delivering touch to (3064): action: 0x1, toolType: 1
02-11 16:52:08.756 2773-6121/? D/GameManagerService: identifyGamePackage. com.sec.android.app.launcher
02-11 16:52:08.756 2773-6121/? D/GameManagerService: GameService is not exist
02-11 16:52:08.761 3248-3248/? D/ViewRootImpl: ViewPostImeInputStage processPointer 1
02-11 16:52:08.761 2773-4113/? D/CustomFrequencyManagerService: releaseDVFSLockLocked : Getting Lock type frm List : DVFS_MIN_LIMIT  frequency : 1300000  uid : 1000  pid : 2773  tag : com.sec.android.app.launcher@1
02-11 16:52:09.336 3248-3248/? D/MenuAppsGridFragment: onPageSwitch - newPageIndex = 0
02-11 16:52:09.341 3248-3248/? D/ApplicationPackageManager: we has com.sec.android.app.clockpackage class. reuse it 
02-11 16:52:09.731 2185-12597/? I/display: [PrimaryDisplay] [DYNAMIC_RECOMP] HWC_2_GLES by low FPS(0)
02-11 16:52:10.231 2773-2970/? D/InputReader: Input event(1): value=1 when=14622059685000
02-11 16:52:10.231 2773-2970/? D/InputReader: Input event(1): value=1 when=14622059685000
02-11 16:52:10.231 2773-2970/? I/InputReader: Touch event's action is 0x0 (deviceType=0) [pCnt=1, s=0.767 ] when=14622059685000
02-11 16:52:10.231 2773-2970/? D/InputReader: lastThreadEndTime = 14620588718947, currentThreadStartTime = 14620588727793, diff = 0
02-11 16:52:10.231 2773-2969/? I/InputDispatcher: Delivering touch to (3064): action: 0x4, toolType: 1
02-11 16:52:10.231 2773-2969/? I/InputDispatcher: Delivering touch to (3248): action: 0x0, toolType: 1
02-11 16:52:10.231 2773-2969/? I/InputDispatcher: Delivering touch to (3064): action: 0x0, toolType: 1
02-11 16:52:10.231 3248-3248/? D/ViewRootImpl: ViewPostImeInputStage processPointer 0
02-11 16:52:10.231 2773-3849/? D/CustomFrequencyManagerService: acquireDVFSLockLocked : type : DVFS_MIN_LIMIT  frequency : 1300000  uid : 1000  pid : 2773  pkgName : com.sec.android.app.launcher@1
02-11 16:52:10.251 3248-3248/? I/Launcher.PagedView: determineScrollingStart : mTouchState=2, mIsPageMoving=true
02-11 16:52:10.271 3248-3248/? I/Launcher.PagedView: determineScrollingStart : mTouchState=1, mIsPageMoving=true
02-11 16:52:10.286 2185-2185/? I/display: [PrimaryDisplay] [DYNAMIC_RECOMP] first frame after HWC_2_GLES
02-11 16:52:10.286 2185-2185/? I/display: [PrimaryDisplay] [DYNAMIC_RECOMP] GLES_2_HWC by high FPS(5)
02-11 16:52:10.336 2773-2970/? D/InputReader: Input event(1): value=0 when=14622169078000
02-11 16:52:10.336 2773-2970/? D/InputReader: Input event(1): value=0 when=14622169078000
02-11 16:52:10.336 2773-2970/? I/InputReader: Touch event's action is 0x1 (deviceType=0) [pCnt=1, s=] when=14622169078000
02-11 16:52:10.336 2773-2969/? I/InputDispatcher: Delivering touch to (3248): action: 0x1, toolType: 1
02-11 16:52:10.336 2773-2969/? I/InputDispatcher: Delivering touch to (3064): action: 0x1, toolType: 1
02-11 16:52:10.341 3248-3248/? D/ViewRootImpl: ViewPostImeInputStage processPointer 1
02-11 16:52:10.341 2773-3915/? D/CustomFrequencyManagerService: releaseDVFSLockLocked : Getting Lock type frm List : DVFS_MIN_LIMIT  frequency : 1300000  uid : 1000  pid : 2773  tag : com.sec.android.app.launcher@1
02-11 16:52:10.631 3064-3329/? D/NetworkController.MobileSignalController(0/2147483643): onCellLocationChanged
02-11 16:52:10.666 2773-2970/? D/InputReader: Input event(1): value=1 when=14622499168000
02-11 16:52:10.666 2773-2970/? D/InputReader: Input event(1): value=1 when=14622499168000
02-11 16:52:10.666 2773-2970/? I/InputReader: Touch event's action is 0x0 (deviceType=0) [pCnt=1, s=0.768 ] when=14622499168000
02-11 16:52:10.666 2773-2970/? D/InputReader: lastThreadEndTime = 14622169458063, currentThreadStartTime = 14622169464216, diff = 0
02-11 16:52:10.671 2773-2969/? I/InputDispatcher: Delivering touch to (3064): action: 0x4, toolType: 1
02-11 16:52:10.671 2773-2969/? I/InputDispatcher: Delivering touch to (3248): action: 0x0, toolType: 1
02-11 16:52:10.671 2773-2969/? I/InputDispatcher: Delivering touch to (3064): action: 0x0, toolType: 1
02-11 16:52:10.676 3248-3248/? D/ViewRootImpl: ViewPostImeInputStage processPointer 0
02-11 16:52:10.676 2773-2787/? D/CustomFrequencyManagerService: acquireDVFSLockLocked : type : DVFS_MIN_LIMIT  frequency : 1300000  uid : 1000  pid : 2773  pkgName : com.sec.android.app.launcher@1
02-11 16:52:10.681 3248-3248/? D/ApplicationPackageManager: we has com.sec.android.app.clockpackage class. reuse it 
02-11 16:52:10.706 3248-3248/? I/Launcher.PagedView: determineScrollingStart : mTouchState=0, mIsPageMoving=false
02-11 16:52:10.716 3248-3248/? I/Launcher.PagedView: determineScrollingStart : mTouchState=0, mIsPageMoving=false
02-11 16:52:10.736 3248-3248/? I/Launcher.PagedView: determineScrollingStart : mTouchState=2, mIsPageMoving=true
02-11 16:52:10.751 3248-3248/? I/Launcher.PagedView: determineScrollingStart : mTouchState=1, mIsPageMoving=true
02-11 16:52:10.761 2773-2970/? D/InputReader: Input event(1): value=0 when=14622590199000
02-11 16:52:10.761 2773-2970/? D/InputReader: Input event(1): value=0 when=14622590199000
02-11 16:52:10.761 2773-2970/? I/InputReader: Touch event's action is 0x1 (deviceType=0) [pCnt=1, s=] when=14622590199000
02-11 16:52:10.761 2773-2969/? I/InputDispatcher: Delivering touch to (3248): action: 0x1, toolType: 1
02-11 16:52:10.761 2773-2969/? I/InputDispatcher: Delivering touch to (3064): action: 0x1, toolType: 1
02-11 16:52:10.761 3248-3248/? D/ViewRootImpl: ViewPostImeInputStage processPointer 1
02-11 16:52:10.761 2773-3148/? D/CustomFrequencyManagerService: releaseDVFSLockLocked : Getting Lock type frm List : DVFS_MIN_LIMIT  frequency : 1300000  uid : 1000  pid : 2773  tag : com.sec.android.app.launcher@1
02-11 16:52:10.871 2773-2786/? D/BatteryService: !@BatteryListener : batteryPropertiesChanged!
02-11 16:52:10.871 2773-2786/? D/BatteryService: level:93, scale:100, status:2, health:2, present:true, voltage: 4179, temperature: 348, technology: Li-ion, AC powered:false, USB powered:true, POGO powered:false, Wireless powered:false, icon:17303453, invalid charger:0, maxChargingCurrent:0
02-11 16:52:10.871 2773-2786/? D/BatteryService: online:4, current avg:58, charge type:2, power sharing:false, high voltage charger:false, capacity:280000, batterySWSelfDischarging:false, current_now:58
02-11 16:52:10.876 2773-2773/? D/BatteryService: Sending ACTION_BATTERY_CHANGED.
02-11 16:52:10.876 2773-2773/? D/GameManagerService: new battery level: 93
02-11 16:52:10.881 3064-3064/? D/KeyguardUpdateMonitor: received broadcast android.intent.action.BATTERY_CHANGED
02-11 16:52:10.881 3064-3064/? D/KeyguardUpdateMonitor: handleBatteryUpdate
02-11 16:52:10.881 3064-3064/? D/PowerUI: priorPlugType = 2 mPlugType =  2
02-11 16:52:10.881 3064-3064/? D/PowerUI.Notification: Charging remaining time is not supported and connected cable is not a fast/slow charger, so return!
02-11 16:52:10.881 3064-3064/? D/PowerUI.Notification: dismissPowerSavingRecommendNotice
02-11 16:52:10.886 3594-3594/? D/CommonServiceConfiguration: getStringValueSetting
02-11 16:52:10.906 3594-3594/? D/BatteryMonitor: new battery level: 93
02-11 16:52:10.911 3064-3064/? D/BatteryMeterView: ACTION_BATTERY_CHANGED : level:93 status:2 health:2
02-11 16:52:10.911 3064-3064/? D/BatteryMeterView: ACTION_BATTERY_CHANGED : level:93 status:2 health:2
02-11 16:52:11.341 3248-3248/? D/ApplicationPackageManager: we has com.sec.android.app.clockpackage class. reuse it 
02-11 16:52:11.701 2773-6121/? D/SSRM:s: SIOP:: AP = 370, LCD = 136
02-11 16:52:11.701 2773-6121/? D/ConnectivityService: returning getNetworkInfo for network type 1 : [type: WIFI[] - WIFI, state: DISCONNECTED/DISCONNECTED, reason: (unspecified), extra: (none), roaming: false, failover: false, isAvailable: true]
02-11 16:52:11.706 2773-6121/? D/SSRM:P: reading: 37 37 0
02-11 16:52:11.731 2185-12597/? I/display: [PrimaryDisplay] [DYNAMIC_RECOMP] HWC_2_GLES by low FPS(0)
02-11 16:52:11.956 3064-3329/? D/NetworkController.MobileSignalController(0/2147483643): onSignalStrengthsChanged signalStrength=SignalStrength: 14 99 -14 -200 -14 -200 -1 99 2147483647 2147483647 2147483647 2147483647 2147483647 0x4 gsm|lte level=4
02-11 16:52:11.956 3064-3329/? D/NetworkController.MobileSignalController(0/2147483643): getMobileIconGroup(): 0
02-11 16:52:16.821 13245-13245/? I/FIPS_bssl: FIPS approved mode (1) | 13245 | app_process
02-11 16:52:16.836 13245-13245/? D/AndroidRuntime: >>>>>> START com.android.internal.os.RuntimeInit uid 2000 <<<<<<
02-11 16:52:16.841 13245-13245/? D/AndroidRuntime: CheckJNI is OFF
02-11 16:52:16.841 13245-13245/? D/AndroidRuntime: readGMSProperty: start
02-11 16:52:16.841 13245-13245/? D/AndroidRuntime: readGMSProperty: already setted!!
02-11 16:52:16.841 13245-13245/? D/AndroidRuntime: propertySet: couldn't set property (it is from app)
02-11 16:52:16.841 13245-13245/? D/AndroidRuntime: readGMSProperty: could not set the property(default)!!
02-11 16:52:16.841 13245-13245/? D/AndroidRuntime: readGMSProperty: end
02-11 16:52:16.841 13245-13245/? D/AndroidRuntime: addProductProperty: start
02-11 16:52:16.906 13245-13245/? D/ICU: No timezone override file found: /data/misc/zoneinfo/current/icu/icu_tzdata.dat
02-11 16:52:16.971 13245-13245/? I/Radio-JNI: register_android_hardware_Radio DONE
02-11 16:52:16.981 13245-13245/? E/AffinityControl: AffinityControl: registerfunction enter
02-11 16:52:17.011 13245-13245/? D/AndroidRuntime: Calling main entry com.android.commands.am.Am
02-11 16:52:17.021 2773-3502/? I/ActivityManager: Force stopping com.example.imageuploading__retrofit appid=10201 user=0: from pid 13245
02-11 16:52:17.021 13245-13245/? D/AndroidRuntime: Shutting down VM
02-11 16:52:17.026 2773-2773/? V/AlarmManager: Remove alarm for next reason : android.intent.action.PACKAGE_RESTARTED : package: com.example.imageuploading__retrofit
02-11 16:52:17.036 13245-13247/? W/libc: It seems that pthread_join() is not invoked or PTHREAD_ATTR_FLAG_DETACHED is not set.
02-11 16:52:17.036 13245-13247/? W/libc:     pthread tid          : 13247
02-11 16:52:17.036 13245-13247/? W/libc:     pthread start_routine: 0xb46d8e51
02-11 16:52:17.041 2773-2830/? V/BroadcastQueue: [background] Process cur broadcast BroadcastRecord{e997c1c u0 android.intent.action.PACKAGE_RESTARTED qIdx=4}, state= (APP_RECEIVE) DELIVERED for app ProcessRecord{f6b017 2773:system/1000}
02-11 16:52:17.041 2773-2773/? V/BroadcastQueue: [background] Process cur broadcast BroadcastRecord{e997c1c u0 android.intent.action.PACKAGE_RESTARTED qIdx=4}, state= (APP_RECEIVE) DELIVERED for app ProcessRecord{398c2ee 12635:com.sec.android.app.soundalive/u0a37}
02-11 16:52:17.046 12635-12635/? D/SAControlPanelReceiver: *****onReceive()*****
02-11 16:52:17.046 12635-12635/? D/SAControlPanelReceiver: Action: android.intent.action.PACKAGE_RESTARTED
02-11 16:52:17.051 2773-3893/? V/BroadcastQueue: [background] Process cur broadcast BroadcastRecord{e997c1c u0 android.intent.action.PACKAGE_RESTARTED qIdx=4}, state= (APP_RECEIVE) DELIVERED for app ProcessRecord{4f6f31b 4449:com.sec.android.daemonapp/u0a102}
02-11 16:52:17.051 4449-4449/? D/[WeatherWidget(1506)]ClearDataReceiver: {[2B4A2AC40B5A9FD87A06E8EADDAC90141AB26CE73CEA67D26374843B4F15B9D28BF31589F63FEA9C50720EB2CE1D334837FF2C86AD35B0982E6AFD5D1B0008B4F4AE4E2047DF0D006C2B0AC177F6160538D5610BAC19B40DE0B9EFDBFCE802FDA774DBA6A9CE7CF12013B525E4C611E496CAEC473ED6BEE755471E4ACDEC0FEE]}
02-11 16:52:17.146 2773-2967/? V/AlarmManager: Expired Alarm result :4
02-11 16:52:17.161 2773-2967/? I/PersonaManager: mKnoxInfo is empty
02-11 16:52:17.171 2773-4113/? D/MountService: getExternalStorageMountMode : 1
02-11 16:52:17.171 2773-4113/? D/MountService: getExternalStorageMountMode : 3
02-11 16:52:17.171 2773-4113/? D/MountService: getExternalStorageMountMode : final mountMode=1, uid : 10026, packageName : com.samsung.android.email.provider
02-11 16:52:17.186 13255-13255/? E/Zygote: no v2
02-11 16:52:17.186 2773-4113/? I/ActivityManager: Start proc 13255:com.samsung.android.email.provider/u0a26 for content provider com.samsung.android.email.provider/.provider.database.EmailProvider
02-11 16:52:17.186 13255-13255/? I/SELinux: Function: selinux_compare_spd_ram, index[1], SPD-policy is existed. and_ver=SEPF_SM-G550FY_5.1.1 ver=51
02-11 16:52:17.186 13255-13255/? W/SELinux: Function: selinux_compare_spd_ram, index[1], priority [2], priority version is VE=SEPF_SECMOBILE_6.0.1_0035
02-11 16:52:17.191 13255-13255/? W/SELinux: SELinux: seapp_context_lookup: seinfo=platform, level=s0:c512,c768, pkgname=com.samsung.android.email.provider 
02-11 16:52:17.226 13255-13255/? D/TimaKeyStoreProvider: TimaSignature is unavailable
02-11 16:52:17.226 13255-13255/? D/ActivityThread: Added TimaKeyStore provider
02-11 16:52:17.301 2773-2970/? D/InputReader: Input event(1): value=1 when=14629133386000
02-11 16:52:17.301 2773-2970/? D/InputReader: Input event(1): value=1 when=14629133386000
