        at aaii.run(:com.google.android.gms@203019017@20.30.19 (040306-326531024):11)
        at bnyw.run(:com.google.android.gms@203019017@20.30.19 (040306-326531024):2)
        at suq.b(:com.google.android.gms@203019017@20.30.19 (040306-326531024):12)
        at suq.run(:com.google.android.gms@203019017@20.30.19 (040306-326531024):7)
        at java.util.concurrent.ThreadPoolExecutor.runWorker(ThreadPoolExecutor.java:1113)
        at java.util.concurrent.ThreadPoolExecutor$Worker.run(ThreadPoolExecutor.java:588)
        at tas.run(:com.google.android.gms@203019017@20.30.19 (040306-326531024):0)
        at java.lang.Thread.run(Thread.java:818)
     Caused by: com.google.android.gms.auth.UserRecoverableAuthException: BadAuthentication
        at gao.a(:com.google.android.gms@203019017@20.30.19 (040306-326531024):3)
        at gai.a(:com.google.android.gms@203019017@20.30.19 (040306-326531024))
        at gao.a(:com.google.android.gms@203019017@20.30.19 (040306-326531024):8)
        at gao.c(:com.google.android.gms@203019017@20.30.19 (040306-326531024):15)
        at gao.b(:com.google.android.gms@203019017@20.30.19 (040306-326531024):1)
        at gao.b(:com.google.android.gms@203019017@20.30.19 (040306-326531024):2)
        at gao.e(:com.google.android.gms@203019017@20.30.19 (040306-326531024))
        at axfr.call(Unknown Source)
        at bsyo.b(:com.google.android.gms@203019017@20.30.19 (040306-326531024):0)
        at bsxp.run(:com.google.android.gms@203019017@20.30.19 (040306-326531024):3)
        at bsyp.run(:com.google.android.gms@203019017@20.30.19 (040306-326531024):0)
        at bsxw.execute(:com.google.android.gms@203019017@20.30.19 (040306-326531024):5)
        at java.util.concurrent.AbstractExecutorService.submit(AbstractExecutorService.java:104)
        at bsvd.b(:com.google.android.gms@203019017@20.30.19 (040306-326531024))
        at axfs.a(:com.google.android.gms@203019017@20.30.19 (040306-326531024):7)
        at axax.a(:com.google.android.gms@203019017@20.30.19 (040306-326531024):3)
        at axax.a(:com.google.android.gms@203019017@20.30.19 (040306-326531024):68) 
        at aaii.run(:com.google.android.gms@203019017@20.30.19 (040306-326531024):11) 
        at bnyw.run(:com.google.android.gms@203019017@20.30.19 (040306-326531024):2) 
        at suq.b(:com.google.android.gms@203019017@20.30.19 (040306-326531024):12) 
        at suq.run(:com.google.android.gms@203019017@20.30.19 (040306-326531024):7) 
        at java.util.concurrent.ThreadPoolExecutor.runWorker(ThreadPoolExecutor.java:1113) 
        at java.util.concurrent.ThreadPoolExecutor$Worker.run(ThreadPoolExecutor.java:588) 
        at tas.run(:com.google.android.gms@203019017@20.30.19 (040306-326531024):0) 
        at java.lang.Thread.run(Thread.java:818) 
02-11 12:50:35.324 3643-7822/? E/axfe: Exception occurred while getting SettingsStore instance.
    java.util.concurrent.ExecutionException: com.google.android.gms.auth.UserRecoverableAuthException: BadAuthentication
        at bsvc.a(:com.google.android.gms@203019017@20.30.19 (040306-326531024):19)
        at bsvc.get(:com.google.android.gms@203019017@20.30.19 (040306-326531024):13)
        at axfe.b(:com.google.android.gms@203019017@20.30.19 (040306-326531024):3)
        at axfe.a(:com.google.android.gms@203019017@20.30.19 (040306-326531024):20)
        at axax.a(:com.google.android.gms@203019017@20.30.19 (040306-326531024):4)
        at axax.a(:com.google.android.gms@203019017@20.30.19 (040306-326531024):68)
        at aaii.run(:com.google.android.gms@203019017@20.30.19 (040306-326531024):11)
        at bnyw.run(:com.google.android.gms@203019017@20.30.19 (040306-326531024):2)
        at suq.b(:com.google.android.gms@203019017@20.30.19 (040306-326531024):12)
        at suq.run(:com.google.android.gms@203019017@20.30.19 (040306-326531024):7)
        at java.util.concurrent.ThreadPoolExecutor.runWorker(ThreadPoolExecutor.java:1113)
        at java.util.concurrent.ThreadPoolExecutor$Worker.run(ThreadPoolExecutor.java:588)
        at tas.run(:com.google.android.gms@203019017@20.30.19 (040306-326531024):0)
        at java.lang.Thread.run(Thread.java:818)
     Caused by: com.google.android.gms.auth.UserRecoverableAuthException: BadAuthentication
        at gao.a(:com.google.android.gms@203019017@20.30.19 (040306-326531024):3)
        at gai.a(:com.google.android.gms@203019017@20.30.19 (040306-326531024))
        at gao.a(:com.google.android.gms@203019017@20.30.19 (040306-326531024):8)
        at gao.c(:com.google.android.gms@203019017@20.30.19 (040306-326531024):15)
        at gao.b(:com.google.android.gms@203019017@20.30.19 (040306-326531024):1)
        at gao.b(:com.google.android.gms@203019017@20.30.19 (040306-326531024):2)
        at gao.e(:com.google.android.gms@203019017@20.30.19 (040306-326531024))
        at axfr.call(Unknown Source)
        at bsyo.b(:com.google.android.gms@203019017@20.30.19 (040306-326531024):0)
        at bsxp.run(:com.google.android.gms@203019017@20.30.19 (040306-326531024):3)
        at bsyp.run(:com.google.android.gms@203019017@20.30.19 (040306-326531024):0)
        at bsxw.execute(:com.google.android.gms@203019017@20.30.19 (040306-326531024):5)
        at java.util.concurrent.AbstractExecutorService.submit(AbstractExecutorService.java:104)
        at bsvd.b(:com.google.android.gms@203019017@20.30.19 (040306-326531024))
        at axfs.a(:com.google.android.gms@203019017@20.30.19 (040306-326531024):7)
        at axax.a(:com.google.android.gms@203019017@20.30.19 (040306-326531024):3)
        at axax.a(:com.google.android.gms@203019017@20.30.19 (040306-326531024):68) 
        at aaii.run(:com.google.android.gms@203019017@20.30.19 (040306-326531024):11) 
        at bnyw.run(:com.google.android.gms@203019017@20.30.19 (040306-326531024):2) 
        at suq.b(:com.google.android.gms@203019017@20.30.19 (040306-326531024):12) 
        at suq.run(:com.google.android.gms@203019017@20.30.19 (040306-326531024):7) 
        at java.util.concurrent.ThreadPoolExecutor.runWorker(ThreadPoolExecutor.java:1113) 
        at java.util.concurrent.ThreadPoolExecutor$Worker.run(ThreadPoolExecutor.java:588) 
        at tas.run(:com.google.android.gms@203019017@20.30.19 (040306-326531024):0) 
        at java.lang.Thread.run(Thread.java:818) 
02-11 12:50:39.909 2773-3156/? E/Watchdog: !@Sync 184 [02-11 12:50:39.913]
02-11 12:50:57.264 27808-27808/? E/MtpServerJNI: server is null in send_object_removed
02-11 12:51:06.934 19291-19291/? E/wpa_supplicant: wpa_supplicant_select_bss: selected_bss is null
02-11 12:51:06.934 19291-19291/? E/wpa_supplicant: wpa_supplicant_select_bss: selected_bss is null
02-11 12:51:09.909 2773-3156/? E/Watchdog: !@Sync 185 [02-11 12:51:09.914]
02-11 12:51:11.324 30475-30475/com.example.imageuploading__retrofit E/ViewRootImpl: sendUserActionEvent() mView == null
02-11 12:51:26.884 27305-27320/? E/ContactsProvider_EventLog: Flush buffer to file cnt : 3 size : 1Kb duration : 8ms lastUpdatedAfter : 60126 ms mFlush_time_threasold : 2000 mCurrentSize : 930
02-11 12:51:30.729 14772-14772/? E/SamsungIME: lang.getLanguageCode():en, lang.getCountryCode():GB
02-11 12:51:30.729 14772-14772/? E/SamsungIME: lang.getLanguageCode():ml, lang.getCountryCode():
02-11 12:51:30.729 14772-14772/? E/SamsungIME: sendInputLanguage() : en_GB, en_GB;ml;
02-11 12:51:30.759 14772-14772/? E/SamsungIME: getMethod(): java.lang.NoSuchMethodException: changeFullInputMethod []
02-11 12:51:30.759 14772-14772/? E/SamsungIME: invoke(): method is null
02-11 12:51:30.784 14772-14772/? E/SamsungIME: <AbstractKeyboardView> - onDraw() called
02-11 12:51:30.829 14772-14772/? E/SamsungIME: <AbstractKeyboardView> - onDraw() called
02-11 12:51:39.914 2773-3156/? E/Watchdog: !@Sync 186 [02-11 12:51:39.915]
02-11 12:52:09.909 2773-3156/? E/Watchdog: !@Sync 187 [02-11 12:52:09.917]
02-11 12:52:26.994 27305-27320/? E/ContactsProvider_EventLog: Flush buffer to file cnt : 3 size : 1Kb duration : 5ms lastUpdatedAfter : 60111 ms mFlush_time_threasold : 2000 mCurrentSize : 930
02-11 12:52:39.914 2773-3156/? E/Watchdog: !@Sync 188 [02-11 12:52:39.918]
02-11 12:52:53.059 2773-2858/? E/MARsDBManager: updateDBAll : begin --size 1
02-11 12:52:53.074 2773-2858/? E/MARsDBManager: updateDBAll : end
02-11 12:53:09.919 2773-3156/? E/Watchdog: !@Sync 189 [02-11 12:53:09.920]
02-11 12:53:16.094 19291-19291/? E/wpa_supplicant: wpa_supplicant_select_bss: selected_bss is null
02-11 12:53:16.104 19291-19291/? E/wpa_supplicant: wpa_supplicant_select_bss: selected_bss is null
02-11 12:53:27.044 27305-27320/? E/ContactsProvider_EventLog: Flush buffer to file cnt : 3 size : 1Kb duration : 6ms lastUpdatedAfter : 60049 ms mFlush_time_threasold : 2000 mCurrentSize : 930
02-11 12:53:39.914 2773-3156/? E/Watchdog: !@Sync 190 [02-11 12:53:39.922]
02-11 12:54:09.919 2773-3156/? E/Watchdog: !@Sync 191 [02-11 12:54:09.923]
02-11 12:54:27.089 27305-27320/? E/ContactsProvider_EventLog: Flush buffer to file cnt : 3 size : 1Kb duration : 5ms lastUpdatedAfter : 60046 ms mFlush_time_threasold : 2000 mCurrentSize : 930
02-11 12:54:39.764 28782-28838/? E/PlayCommon: [2277] axex.h(133): Failed to connect to server for server timestamp: java.net.UnknownHostException: Unable to resolve host "play.googleapis.com": No address associated with hostname
02-11 12:54:39.774 28782-28838/? E/PlayCommon: [2277] axex.h(172): Failed to connect to server for log upload.
02-11 12:54:39.924 2773-3156/? E/Watchdog: !@Sync 192 [02-11 12:54:39.925]
02-11 12:55:09.924 2773-3156/? E/Watchdog: !@Sync 193 [02-11 12:55:09.927]
02-11 12:55:25.309 19291-19291/? E/wpa_supplicant: wpa_supplicant_select_bss: selected_bss is null
02-11 12:55:25.314 19291-19291/? E/wpa_supplicant: wpa_supplicant_select_bss: selected_bss is null
02-11 12:55:27.154 27305-27320/? E/ContactsProvider_EventLog: Flush buffer to file cnt : 3 size : 1Kb duration : 6ms lastUpdatedAfter : 60067 ms mFlush_time_threasold : 2000 mCurrentSize : 930
02-11 12:55:39.924 2773-3156/? E/Watchdog: !@Sync 194 [02-11 12:55:39.928]
02-11 12:56:09.929 2773-3156/? E/Watchdog: !@Sync 195 [02-11 12:56:09.930]
02-11 12:56:27.289 27305-27320/? E/ContactsProvider_EventLog: Flush buffer to file cnt : 3 size : 1Kb duration : 5ms lastUpdatedAfter : 60134 ms mFlush_time_threasold : 2000 mCurrentSize : 930
02-11 12:56:29.764 27808-27808/? E/MtpServerJNI: server is null in send_object_removed
02-11 12:56:39.924 2773-3156/? E/Watchdog: !@Sync 196 [02-11 12:56:39.931]
02-11 12:56:53.504 3643-30791/? E/WakeLock: GCM_HB_ALARM release without a matched acquire!
02-11 12:56:53.509 3643-30791/? E/WakeLock: GCM_CONN_ALARM release without a matched acquire!
02-11 12:57:09.929 2773-3156/? E/Watchdog: !@Sync 197 [02-11 12:57:09.933]
02-11 12:57:27.404 27305-27320/? E/ContactsProvider_EventLog: Flush buffer to file cnt : 3 size : 1Kb duration : 5ms lastUpdatedAfter : 60115 ms mFlush_time_threasold : 2000 mCurrentSize : 930
02-11 12:57:34.469 19291-19291/? E/wpa_supplicant: wpa_supplicant_select_bss: selected_bss is null
02-11 12:57:34.474 19291-19291/? E/wpa_supplicant: wpa_supplicant_select_bss: selected_bss is null
02-11 12:57:39.934 2773-3156/? E/Watchdog: !@Sync 198 [02-11 12:57:39.935]
02-11 12:58:09.934 2773-3156/? E/Watchdog: !@Sync 199 [02-11 12:58:09.936]
02-11 12:58:27.544 27305-27320/? E/ContactsProvider_EventLog: Flush buffer to file cnt : 3 size : 1Kb duration : 6ms lastUpdatedAfter : 60137 ms mFlush_time_threasold : 2000 mCurrentSize : 930
02-11 12:58:39.934 2773-3156/? E/Watchdog: !@Sync 200 [02-11 12:58:39.938]
02-11 12:58:41.734 30828-30828/? E/Zygote: no v2
02-11 12:58:41.754 30838-30838/? E/Zygote: no v2
02-11 12:58:41.839 30838-30838/? E/<GBA>: GbaSrv: initGbaAccessibleObj GBA not supported tm /need to support GBA-ME
02-11 12:58:41.839 30838-30838/? E/<GBA>: GbaSrv: intent is null
02-11 12:59:00.274 30894-30894/? E/Zygote: no v2
02-11 12:59:09.934 2773-3156/? E/Watchdog: !@Sync 201 [02-11 12:59:09.940]
02-11 12:59:27.629 27305-27320/? E/ContactsProvider_EventLog: Flush buffer to file cnt : 3 size : 1Kb duration : 4ms lastUpdatedAfter : 60084 ms mFlush_time_threasold : 2000 mCurrentSize : 930
02-11 12:59:39.884 28782-28838/? E/PlayCommon: [2277] axex.h(133): Failed to connect to server for server timestamp: java.net.UnknownHostException: Unable to resolve host "play.googleapis.com": No address associated with hostname
02-11 12:59:39.894 28782-28838/? E/PlayCommon: [2277] axex.h(172): Failed to connect to server for log upload.
02-11 12:59:39.934 2773-3156/? E/Watchdog: !@Sync 202 [02-11 12:59:39.941]
02-11 12:59:43.629 19291-19291/? E/wpa_supplicant: wpa_supplicant_select_bss: selected_bss is null
02-11 12:59:43.634 19291-19291/? E/wpa_supplicant: wpa_supplicant_select_bss: selected_bss is null
02-11 12:59:44.734 30949-30949/? E/Zygote: no v2
02-11 13:00:09.939 2773-3156/? E/Watchdog: !@Sync 203 [02-11 13:00:09.943]
02-11 13:00:27.684 27305-27320/? E/ContactsProvider_EventLog: Flush buffer to file cnt : 3 size : 1Kb duration : 6ms lastUpdatedAfter : 60056 ms mFlush_time_threasold : 2000 mCurrentSize : 930
02-11 13:00:39.944 2773-3156/? E/Watchdog: !@Sync 204 [02-11 13:00:39.944]
02-11 13:01:09.944 2773-3156/? E/Watchdog: !@Sync 205 [02-11 13:01:09.946]
02-11 13:01:27.774 27305-27320/? E/ContactsProvider_EventLog: Flush buffer to file cnt : 3 size : 1Kb duration : 6ms lastUpdatedAfter : 60093 ms mFlush_time_threasold : 2000 mCurrentSize : 930
02-11 13:01:30.259 14772-14772/? E/KeyboardInfoUtils: getInstance start
02-11 13:01:30.259 14772-14772/? E/KeyboardInfoUtils: sendSIPInformation state:6  isAbstractKeyboardView : true
02-11 13:01:30.259 14772-14772/? E/KeyboardInfoUtils: sending null keyboardInfo as SIP is closed
02-11 13:01:30.269 3064-10191/? E/KeyguardViewMediator: lockAfterTimeout = 5000 policyTimeout = 0
02-11 13:01:30.294 14772-14772/? E/SamsungIME: lang.getLanguageCode():en, lang.getCountryCode():GB
02-11 13:01:30.294 14772-14772/? E/SamsungIME: lang.getLanguageCode():ml, lang.getCountryCode():
02-11 13:01:30.294 14772-14772/? E/SamsungIME: sendInputLanguage() : en_GB, en_GB;ml;
02-11 13:01:30.299 14772-14772/? E/SamsungIME: lang.getLanguageCode():en, lang.getCountryCode():GB
02-11 13:01:30.299 14772-14772/? E/SamsungIME: lang.getLanguageCode():ml, lang.getCountryCode():
02-11 13:01:30.299 14772-14772/? E/SamsungIME: sendInputLanguage() : en_GB, en_GB;ml;
02-11 13:01:30.354 14772-14772/? E/SamsungIME: <AbstractKeyboardView> - onDraw() called
02-11 13:01:30.419 14772-14772/? E/SamsungIME: <AbstractKeyboardView> - onDraw() called
02-11 13:01:31.089 2773-2868/? E/PowerManagerService: handleSandman : startDreaming, but isDreaming false
02-11 13:01:31.114 2773-2773/? E/InputMethodManagerService: Perflock object null
02-11 13:01:31.129 31040-31040/? E/Zygote: no v2
02-11 13:01:31.139 4085-4103/? E/ucsBai_agentService: notifyChange NOT SUPPORTED
02-11 13:01:31.164 2773-3007/? E/WifiNative-wlan0: do suspend true
02-11 13:01:31.319 14772-14772/? E/SamsungIME: getMethod(): java.lang.NoSuchMethodException: isLockScreenEnabled []
02-11 13:01:31.319 14772-14772/? E/SamsungIME: invoke(): method is null
02-11 13:01:31.324 6307-6427/? E/BtGatt.GattService: [GSIM LOG]: gsimLogHandler: com.samsung.android.beaconmanager, msg: MESSAGE_STOP_SCAN
02-11 13:01:32.334 31054-31054/? E/Zygote: no v2
02-11 13:01:32.424 31054-31066/? E/SPPClientService: ShipBuild Binary : True
02-11 13:01:32.544 31068-31068/? E/Zygote: no v2
02-11 13:01:32.684 31068-31087/? E/SPPClientService: ShipBuild Binary : True
02-11 13:01:32.689 31054-31054/? E/SPPClientService: [ICommonReqService] invalid request. do nothing
02-11 13:01:32.764 2773-3012/? E/ConnectivityService: RemoteException caught trying to send a callback msg for NetworkRequest [ id=61, legacyType=-1, [ Capabilities: INTERNET&NOT_RESTRICTED&TRUSTED] ]
02-11 13:01:35.304 3064-3064/? E/KeyguardViewMediator: setShowingLocked mShowing = true
02-11 13:01:35.489 3064-3064/? E/LSO: LSO Service is not yet ready!!!
02-11 13:01:39.944 2773-3156/? E/Watchdog: !@Sync 206 [02-11 13:01:39.947]
02-11 13:01:42.154 27808-27808/? E/MtpServerJNI: server is null in send_object_removed
02-11 13:02:09.949 2773-3156/? E/Watchdog: !@Sync 207 [02-11 13:02:09.949]
02-11 13:02:27.909 27305-27320/? E/ContactsProvider_EventLog: Flush buffer to file cnt : 3 size : 1Kb duration : 6ms lastUpdatedAfter : 60135 ms mFlush_time_threasold : 2000 mCurrentSize : 930
02-11 13:02:39.949 2773-3156/? E/Watchdog: !@Sync 208 [02-11 13:02:39.951]
02-11 13:03:09.949 2773-3156/? E/Watchdog: !@Sync 209 [02-11 13:03:09.952]
02-11 13:03:28.024 27305-27320/? E/ContactsProvider_EventLog: Flush buffer to file cnt : 3 size : 1Kb duration : 6ms lastUpdatedAfter : 60116 ms mFlush_time_threasold : 2000 mCurrentSize : 930
02-11 13:03:39.949 2773-3156/? E/Watchdog: !@Sync 210 [02-11 13:03:39.954]
02-11 13:03:40.339 19291-19291/? E/wpa_supplicant: wpa_supplicant_select_bss: selected_bss is null
02-11 13:03:40.344 19291-19291/? E/wpa_supplicant: wpa_supplicant_select_bss: selected_bss is null
02-11 13:04:09.954 2773-3156/? E/Watchdog: !@Sync 211 [02-11 13:04:09.955]
02-11 13:04:28.164 27305-27320/? E/ContactsProvider_EventLog: Flush buffer to file cnt : 3 size : 1Kb duration : 6ms lastUpdatedAfter : 60136 ms mFlush_time_threasold : 2000 mCurrentSize : 930
02-11 13:04:39.954 2773-3156/? E/Watchdog: !@Sync 212 [02-11 13:04:39.957]
02-11 13:04:53.064 2773-2858/? E/MARsDBManager: updateDBAll : begin --size 0
02-11 13:04:53.064 2773-2858/? E/MARsDBManager: updateDBAll : end
02-11 13:05:09.954 2773-3156/? E/Watchdog: !@Sync 213 [02-11 13:05:09.958]
02-11 13:05:17.534 2773-2970/? E/SamsungWindowManager: mCoreNumLockHelper.acquire
02-11 13:05:17.669 4085-4103/? E/ucsBai_agentService: notifyChange NOT SUPPORTED
02-11 13:05:17.749 2773-3007/? E/WifiNative-wlan0: do suspend false
02-11 13:05:17.809 14772-14772/? E/SamsungIME: getMethod(): java.lang.NoSuchMethodException: isLockScreenEnabled []
02-11 13:05:17.809 14772-14772/? E/SamsungIME: invoke(): method is null
02-11 13:05:17.864 2773-3044/? E/lights: write_int failed to open -1
02-11 13:05:17.979 6307-6427/? E/BtGatt.GattService: [GSIM LOG]: gsimLogHandler: com.samsung.android.beaconmanager, msg: MESSAGE_START_SCAN
02-11 13:05:17.989 6307-6415/? E/BtGatt.ScanManager: default value of curScanSetting 0 is choosen
02-11 13:05:18.864 19291-19291/? E/wpa_supplicant: wpa_supplicant_select_bss: selected_bss is null
02-11 13:05:18.864 19291-19291/? E/wpa_supplicant: wpa_supplicant_select_bss: selected_bss is null
02-11 13:05:19.364 2773-3044/? E/lights: write_int failed to open -1
02-11 13:05:19.614 31425-31425/? E/AffinityControl: AffinityControl: registerfunction enter
02-11 13:05:19.689 31434-31434/? E/Zygote: no v2
02-11 13:05:19.709 2773-2969/? E/InputDispatcher: channel ~ Channel is unrecoverably broken and will be disposed!
02-11 13:05:19.724 2773-2830/? E/JavaBinder: !!! FAILED BINDER TRANSACTION !!!  (parcel size = 56)
02-11 13:05:19.789 31448-31448/? E/Zygote: no v2
02-11 13:05:21.209 3064-3064/? E/LockPatternView: notifyPatternDetected
02-11 13:05:21.279 2215-2215/? E/gatekeeperd: verify ret = 0
02-11 13:05:21.279 2215-2215/? E/GateKeeperService: verify ret = 0
02-11 13:05:21.284 3064-3064/? E/SecurityPatternView: onPatternChecked true
02-11 13:05:21.509 3064-3064/? E/KeyguardViewMediator: setShowingLocked mShowing = false
02-11 13:05:21.534 31473-31473/? E/Zygote: no v2
02-11 13:05:21.624 14772-14772/? E/SamsungIME: getMethod(): java.lang.NoSuchMethodException: isLockScreenEnabled []
02-11 13:05:21.624 14772-14772/? E/SamsungIME: invoke(): method is null
02-11 13:05:21.679 4085-4097/? E/ucsBai_agentService: notifyChange NOT SUPPORTED
02-11 13:05:21.814 31467-31467/? E/AffinityControl: AffinityControl: registerfunction enter
02-11 13:05:22.039 2773-3480/? E/InputMethodManagerService: Perflock object null
02-11 13:05:22.049 14772-14772/? E/KeyboardInfoUtils: getInstance start
02-11 13:05:22.049 14772-14772/? E/KeyboardInfoUtils: sendSIPInformation state:6  isAbstractKeyboardView : true
02-11 13:05:22.049 14772-14772/? E/KeyboardInfoUtils: sending null keyboardInfo as SIP is closed
02-11 13:05:22.054 31465-31465/? E/AffinityControl: AffinityControl: registerfunction enter
02-11 13:05:22.064 14772-14772/? E/SamsungIME: getMethod(): java.lang.NoSuchMethodException: changeFullInputMethod []
02-11 13:05:22.064 14772-14772/? E/SamsungIME: invoke(): method is null
02-11 13:05:22.249 31507-31507/? E/Zygote: no v2
02-11 13:05:22.729 31519-31519/? E/Zygote: no v2
02-11 13:05:23.674 31500-31500/? E/AffinityControl: AffinityControl: registerfunction enter
02-11 13:05:23.779 27808-27808/? E/MtpServerJNI: server is null in send_object_removed
02-11 13:05:24.849 19291-19291/? E/wpa_supplicant: wpa_supplicant_select_bss: selected_bss is null
02-11 13:05:24.849 19291-19291/? E/wpa_supplicant: wpa_supplicant_select_bss: selected_bss is null
02-11 13:05:27.164 31553-31553/? E/AffinityControl: AffinityControl: registerfunction enter
02-11 13:05:27.949 2773-2944/? E/NativeLibraryHelper: Failed to load assets verifier: 0
02-11 13:05:27.969 31564-31564/? E/Zygote: no v2
02-11 13:05:28.069 31564-31575/? E/NativeLibraryHelper: Failed to load assets verifier: 0
02-11 13:05:28.079 31564-31574/? E/NativeLibraryHelper: Failed to load assets verifier: 0
02-11 13:05:28.099 31577-31577/? E/Zygote: no v2
02-11 13:05:28.289 27305-27320/? E/ContactsProvider_EventLog: Flush buffer to file cnt : 3 size : 1Kb duration : 7ms lastUpdatedAfter : 60127 ms mFlush_time_threasold : 2000 mCurrentSize : 930
02-11 13:05:29.734 31577-31577/? E/Finsky: [1] VerifyPerSourceInstallationConsentInstallTask.f(2): Package name null is not an installed package
02-11 13:05:29.964 31649-31649/? E/Zygote: no v2
02-11 13:05:32.559 31674-31674/? E/Zygote: no v2
02-11 13:05:39.184 31699-31699/? E/Zygote: no v2
02-11 13:05:39.954 2773-3156/? E/Watchdog: !@Sync 214 [02-11 13:05:39.960]
02-11 13:05:42.034 19291-19291/? E/wpa_supplicant: wpa_supplicant_select_bss: selected_bss is null
02-11 13:05:42.039 19291-19291/? E/wpa_supplicant: wpa_supplicant_select_bss: selected_bss is null
02-11 13:05:55.409 2773-2884/? E/NativeLibraryHelper: Failed to load assets verifier: 0
02-11 13:06:07.944 2773-2884/? E/SecureStorageService: Process failed status=0x0200
02-11 13:06:08.244 2199-2199/? E/installd: Couldn't opendir /data/app/vmdl2147413579.tmp: No such file or directory
02-11 13:06:08.334 4085-4097/? E/ucsBai_agentService: notifyChange NOT SUPPORTED
02-11 13:06:08.409 31739-31739/? E/Zygote: no v2
02-11 13:06:08.684 2773-2858/? E/MARsDBManager: insertPackage com.example.imageuploading__retrofit is already exist in DB!
02-11 13:06:08.874 3248-3248/? E/Launcher.Model: onPackageChanged :com.example.imageuploading__retrofit
02-11 13:06:09.739 31739-31795/? E/cr_VariationsUtils: Failed reading seed file "/data/user/0/com.cricbuzz.android/app_webview/variations_seed_new": /data/user/0/com.cricbuzz.android/app_webview/variations_seed_new: open failed: ENOENT (No such file or directory)
02-11 13:06:09.954 2773-3156/? E/Watchdog: !@Sync 215 [02-11 13:06:09.961]
02-11 13:06:10.299 31739-31809/? E/libEGL: validate_display:255 error 3008 (EGL_BAD_DISPLAY)
02-11 13:06:11.044 31779-31789/? A/libc: Fatal signal 11 (SIGSEGV), code 1, fault addr 0x3000e in tid 31789 (Compiler driver)
02-11 13:06:11.079 4104-4104/? E/audit: type=1701 msg=audit(1613028971.079:1449): auid=4294967295 uid=10027 gid=10027 ses=4294967295 subj=u:r:untrusted_app:s0:c512,c768 pid=31779 comm="main" reason="memory violation" sig=11
02-11 13:06:11.084 4104-4104/? E/audit: type=1701 msg=audit(1613028971.079:1450): auid=4294967295 uid=10027 gid=10027 ses=4294967295 subj=u:r:untrusted_app:s0:c512,c768 pid=31789 comm=436F6D70696C657220647269766572 reason="memory violation" sig=11
02-11 13:06:11.099 25924-25924/? E/DEBUG: unexpected waitpid response: n=31789, status=0000000b
02-11 13:06:11.099 25924-25924/? E/DEBUG: tid exited before attach completed: tid 31789
02-11 13:06:11.144 31848-31848/? E/Zygote: no v2
02-11 13:06:11.339 31863-31863/? E/Zygote: no v2
02-11 13:06:11.514 31877-31877/? E/Zygote: no v2
02-11 13:06:11.724 31897-31897/? E/Zygote: no v2
02-11 13:06:11.824 31910-31910/? E/Zygote: no v2
02-11 13:06:11.889 2773-3894/? E/SensorService: getSensorList a sensor (Sensor's Diagnostic Monitor) without holding its required permission: com.samsung.permission.SSENSOR
02-11 13:06:11.894 31739-31923/? E/SensorManager: nativeGetSensorAtIndex: name, vendor - 0, K2HH Acceleration , STM
02-11 13:06:11.899 31739-31923/? E/SensorManager: nativeGetSensorAtIndex: name, vendor - 1, CM36672P Proximity Sensor, Capella Microsystems, Inc.
02-11 13:06:11.899 31739-31923/? E/SensorManager: nativeGetSensorAtIndex: name, vendor - 2, Screen Orientation Sensor, Samsung Electronics
02-11 13:06:11.969 31926-31926/? E/Zygote: no v2
02-11 13:06:12.114 2182-2182/? E/lowmemorykiller: Error writing /proc/31926/oom_score_adj; errno=22
02-11 13:06:12.139 31941-31941/? E/Zygote: no v2
02-11 13:06:12.204 2773-2830/? E/EdmStorageProvider: Admin not in database, something went wrong
02-11 13:06:12.204 2773-2830/? E/EdmStorageProvider: Admin not in database, something went wrong
02-11 13:06:12.349 3234-3951/? E/PhoneInterfaceManager: [PhoneIntfMgr] getIccId: ICC ID is null or empty.
02-11 13:06:12.634 31967-31967/? E/Zygote: no v2
02-11 13:06:12.924 31967-31967/? E/SALog: false
02-11 13:06:13.284 31967-32018/? E/ActivityThread: Failed to find provider info for null
02-11 13:06:13.379 32028-32028/? E/Zygote: no v2
02-11 13:06:13.419 2773-2832/? E/JavaBinder: !!! FAILED BINDER TRANSACTION !!!  (parcel size = 80)
02-11 13:06:13.444 32028-32028/? E/AASAservice-TokenRule: parseToken() : TokenFile is null
02-11 13:06:13.454 32028-32028/? E/AASAservice-UpdateReceiver: AASAUpdateReceiver : myrule is null.
02-11 13:06:13.604 32042-32042/? E/Zygote: no v2
02-11 13:06:13.884 32061-32061/? E/Zygote: no v2
02-11 13:06:13.894 27127-27657/? E/GmsClient: unable to connect to service: com.google.android.gms.auth.key.retrieval.service.START on com.google.android.gms
02-11 13:06:14.154 27127-31987/? E/ChromeSync: [Sync,SyncIntentOperation] Error handling the intent: Intent { act=android.intent.action.PACKAGE_ADDED dat=package:com.example.imageuploading__retrofit flg=0x4000010 cmp=com.google.android.gms/.chimera.GmsIntentOperationService bqHint=4 (has extras) }.
02-11 13:06:14.259 32061-32061/? E/ACRA: Initializing ANR detector for process: com.facebook.appmanager
02-11 13:06:14.494 32061-32061/? E/SQLiteLog: (14) cannot open file at line 31558 of [5a3022e081]
02-11 13:06:14.494 32061-32061/? E/SQLiteLog: (14) os_unix.c:31558: (2) open(/data/user/0/com.facebook.appmanager/databases/androidx.work.workdb) - 
02-11 13:06:14.499 32061-32061/? E/SQLiteDatabase: Failed to open database '/data/user/0/com.facebook.appmanager/databases/androidx.work.workdb'.
    android.database.sqlite.SQLiteCantOpenDatabaseException: unknown error (code 1294): Could not open database
    #################################################################
    Error Code : 1294 (SQLITE_CANTOPEN_ENOENT)
    Caused By : Specified directory or database file does not exist.
    	(unknown error (code 1294): Could not open database)
    #################################################################
        at android.database.sqlite.SQLiteConnection.nativeOpen(Native Method)
        at android.database.sqlite.SQLiteConnection.open(SQLiteConnection.java:238)
        at android.database.sqlite.SQLiteConnection.open(SQLiteConnection.java:199)
        at android.database.sqlite.SQLiteConnectionPool.openConnectionLocked(SQLiteConnectionPool.java:514)
        at android.database.sqlite.SQLiteConnectionPool.open(SQLiteConnectionPool.java:206)
        at android.database.sqlite.SQLiteConnectionPool.open(SQLiteConnectionPool.java:178)
        at android.database.sqlite.SQLiteDatabase.openInner(SQLiteDatabase.java:934)
        at android.database.sqlite.SQLiteDatabase.open(SQLiteDatabase.java:895)
        at android.database.sqlite.SQLiteDatabase.openDatabase(SQLiteDatabase.java:708)
        at android.database.sqlite.SQLiteDatabase.openDatabase(SQLiteDatabase.java:683)
        at com.facebook.oxygen.common.androidx.workmanager.initializer.b.a(WorkManagerDatabase.java:20)
        at com.facebook.oxygen.appmanager.app.c.b(AppManagerApplicationImpl.java:19)
        at com.facebook.oxygen.common.e.b.d.onCreate(OxpDelegatingApplication.java:68)
        at android.app.Instrumentation.callApplicationOnCreate(Instrumentation.java:1037)
        at android.app.ActivityThread.handleBindApplication(ActivityThread.java:6456)
        at android.app.ActivityThread.access$1800(ActivityThread.java:229)
        at android.app.ActivityThread$H.handleMessage(ActivityThread.java:1898)
        at android.os.Handler.dispatchMessage(Handler.java:102)
        at android.os.Looper.loop(Looper.java:148)
        at android.app.ActivityThread.main(ActivityThread.java:7402)
        at java.lang.reflect.Method.invoke(Native Method)
        at com.android.internal.os.ZygoteInit$MethodAndArgsCaller.run(ZygoteInit.java:1230)
        at com.android.internal.os.ZygoteInit.main(ZygoteInit.java:1120)
02-11 13:06:14.589 32094-32094/? E/Zygote: no v2
02-11 13:06:14.904 32061-32108/? E/ActivityThread: Failed to find provider info for com.facebook.appmanager.nekodirect
02-11 13:06:15.484 2773-3012/? E/ConnectivityService: updateNetworkInfo()
02-11 13:06:15.664 2773-3007/? E/WifiNative-wlan0: do suspend false
02-11 13:06:15.754 32119-32119/? E/dhcpcd: fopen `/system/etc/dhcpcd/dhcpcd.conf': No such file or directory
02-11 13:06:15.764 32119-32119/? E/dhcpcd: fopen `/system/etc/dhcpcd/dhcpcd.conf': No such file or directory
02-11 13:06:16.514 32146-32146/? E/Zygote: no v2
02-11 13:06:16.714 2773-3012/? E/ConnectivityService: updateNetworkInfo()
02-11 13:06:16.729 3594-3738/? E/CII: IMSConnectivityManager MOBILE_INET [DISCONNECTED] Since (N/A) MOBILE_IMS [DISCONNECTED] Since (N/A) WIFI [CONNECTING] Since (13:06:15.520): changeState : Already In State [0]
02-11 13:06:16.804 2773-3007/? E/WifiStateMachine: Did not find remoteAddress {192.168.152.97} in /proc/net/arp
02-11 13:06:16.804 2773-3007/? E/WifiStateMachine: Did not find remoteAddress {192.168.152.97} in /proc/net/arp
02-11 13:06:16.909 2193-2938/? E/Netd: netlink response contains error (File exists)
02-11 13:06:16.909 2773-3012/? E/ConnectivityService: Unexpected mtu value: 0, wlan0
02-11 13:06:16.959 2773-3012/? E/ConnectivityService: updateNetworkInfo()
02-11 13:06:17.209 2773-3012/? E/CSLegacyTypeTracker: add() : Adding agent NetworkAgentInfo{ ni{[type: WIFI[] - WIFI, state: CONNECTED/CONNECTED, reason: (unspecified), extra: "Galaxy M218440", roaming: false, failover: false, isAvailable: true]}  network{503}  lp{{InterfaceName: wlan0 LinkAddresses: [192.168.152.43/24,fe80::e65d:75ff:fe37:ce70/64,]  Routes: [fe80::/64 -> :: wlan0,::/0 -> fe80::70be:47ff:fe0a:fde2 wlan0,2401:4900:260b:9f47::/64 -> :: wlan0,192.168.152.0/24 -> 0.0.0.0 wlan0,0.0.0.0/0 -> 192.168.152.97 wlan0,] DnsAddresses: [192.168.152.97,] Domains:  MTU: 0 TcpBufferSizes: 524288,1048576,2097152,524288,1048576,4525824}}  nc{[ Transports: WIFI Capabilities: INTERNET&NOT_RESTRICTED&TRUSTED&NOT_VPN LinkUpBandwidth>=1048576Kbps LinkDnBandwidth>=1048576Kbps SignalStrength: -20]}  Score{20}  everValidated{false}  lastValidated{false}  created{true} lingering{false} explicitlySelected{false} acceptUnvalidated{false} everCaptivePortalDetected{false} lastCaptivePortalDetected{false} } for legacy network type 1
02-11 13:06:17.279 3594-3738/? E/CII: IMSConnectivityManager MOBILE_INET [DISCONNECTED] Since (N/A) MOBILE_IMS [DISCONNECTED] Since (N/A) WIFI [CONNECTED] Since (13:06:16.848): changeState : Already In State [1]
02-11 13:06:17.319 32180-32180/? E/Zygote: no v2
02-11 13:06:17.394 3594-3649/? E/RegistrationManager: selectMatchingProfileForEPDN : No matching profile for EPDN!
02-11 13:06:17.649 32180-32205/? E/SPPClientService: ShipBuild Binary : True
02-11 13:06:18.029 32222-32222/? E/Zygote: no v2
02-11 13:06:18.554 2773-3185/? E/libgps: LIBGPS: Cannot communicate (write) with a GPSD
02-11 13:06:18.554 2773-3185/? E/libgps: IPC Communication Error, ../../../../tmp/14666616_258815/proprietary/deliverables/android/gps_interface/gpsi_client/GpsiClient.cpp:1634 agps_ril_update_network_state
02-11 13:06:18.774 3643-32241/? E/WakeLock: GCM_CONN_ALARM release without a matched acquire!
02-11 13:06:18.934 27127-27127/? E/GCM: Dropping message to GMS from null as no component is set
02-11 13:06:19.604 2773-3185/? E/libgps: LIBGPS: Cannot communicate (write) with a GPSD
02-11 13:06:19.614 2773-3185/? E/libgps: IPC Communication Error, ../../../../tmp/14666616_258815/proprietary/deliverables/android/gps_interface/gpsi_client/GpsiClient.cpp:1653 agps_ril_update_network_availability
02-11 13:06:20.269 32222-32264/? E/GEL_DELAYED_EVENT_DEBUG: Failed delayed event dispatch, no dispatchers.
02-11 13:06:20.444 32146-32146/? E/ConnectionService: Failed to connect to GoogleApiClient: ConnectionResult{statusCode=API_UNAVAILABLE, resolution=null, message=null}
02-11 13:06:20.449 32146-32321/? E/CustomThreadFactory: UNCAUGHT in thread DataSyncServiceHelper-0
    java.lang.IllegalStateException: could not connect to GoogleApiClient: ConnectionResult{statusCode=API_UNAVAILABLE, resolution=null, message=null}
        at com.google.android.wearable.datatransfer.internal.DefaultPeerProvider.blockingConnect(DefaultPeerProvider.java:73)
        at com.google.android.wearable.datatransfer.internal.DefaultPeerProvider.getConnectedPeers(DefaultPeerProvider.java:30)
        at com.google.android.wearable.datatransfer.internal.DataSyncServiceHelper.processIntent(DataSyncServiceHelper.java:380)
        at com.google.android.wearable.datatransfer.internal.DataSyncServiceHelper.access$000(DataSyncServiceHelper.java:49)
        at com.google.android.wearable.datatransfer.internal.DataSyncServiceHelper$IntentProcessor.run(DataSyncServiceHelper.java:727)
        at java.util.concurrent.ThreadPoolExecutor.runWorker(ThreadPoolExecutor.java:1113)
        at java.util.concurrent.ThreadPoolExecutor$Worker.run(ThreadPoolExecutor.java:588)
        at java.lang.Thread.run(Thread.java:818)
02-11 13:06:20.484 32146-32336/? E/CustomThreadFactory: UNCAUGHT in thread DataSyncServiceHelper-1
    java.lang.IllegalStateException: could not connect to GoogleApiClient: ConnectionResult{statusCode=API_UNAVAILABLE, resolution=null, message=null}
        at com.google.android.wearable.datatransfer.internal.DefaultPeerProvider.blockingConnect(DefaultPeerProvider.java:73)
        at com.google.android.wearable.datatransfer.internal.DefaultPeerProvider.getConnectedPeers(DefaultPeerProvider.java:30)
        at com.google.android.wearable.datatransfer.internal.DataSyncServiceHelper.processIntent(DataSyncServiceHelper.java:380)
        at com.google.android.wearable.datatransfer.internal.DataSyncServiceHelper.access$000(DataSyncServiceHelper.java:49)
        at com.google.android.wearable.datatransfer.internal.DataSyncServiceHelper$IntentProcessor.run(DataSyncServiceHelper.java:727)
        at java.util.concurrent.ThreadPoolExecutor.runWorker(ThreadPoolExecutor.java:1113)
        at java.util.concurrent.ThreadPoolExecutor$Worker.run(ThreadPoolExecutor.java:588)
        at java.lang.Thread.run(Thread.java:818)
02-11 13:06:20.539 32146-32339/? E/CustomThreadFactory: UNCAUGHT in thread DataSyncServiceHelper-2
    java.lang.IllegalStateException: could not connect to GoogleApiClient: ConnectionResult{statusCode=API_UNAVAILABLE, resolution=null, message=null}
        at com.google.android.wearable.datatransfer.internal.DefaultPeerProvider.blockingConnect(DefaultPeerProvider.java:73)
        at com.google.android.wearable.datatransfer.internal.DefaultPeerProvider.getConnectedPeers(DefaultPeerProvider.java:30)
        at com.google.android.wearable.datatransfer.internal.DataSyncServiceHelper.processIntent(DataSyncServiceHelper.java:380)
        at com.google.android.wearable.datatransfer.internal.DataSyncServiceHelper.access$000(DataSyncServiceHelper.java:49)
        at com.google.android.wearable.datatransfer.internal.DataSyncServiceHelper$IntentProcessor.run(DataSyncServiceHelper.java:727)
        at java.util.concurrent.ThreadPoolExecutor.runWorker(ThreadPoolExecutor.java:1113)
        at java.util.concurrent.ThreadPoolExecutor$Worker.run(ThreadPoolExecutor.java:588)
        at java.lang.Thread.run(Thread.java:818)
02-11 13:06:22.554 32222-32362/? E/WM-WorkerWrapper: Didn't find WorkSpec for id 9d7d256e-232b-43fc-bd1d-5834508e0488
02-11 13:06:22.749 3643-4056/? E/art: invalid stream - problem with parameter iterator in /data/app/com.google.android.gms-2/base.apk:classes3.dex for method void com.google.android.gms.org.conscrypt.ConscryptFileDescriptorSocket.setSoWriteTimeout(int)
02-11 13:06:22.854 32222-32362/? E/WM-WorkerWrapper: Didn't find WorkSpec for id 9d7d256e-232b-43fc-bd1d-5834508e0488
02-11 13:06:22.889 3643-4056/? E/art: invalid stream - problem with parameter iterator in /data/app/com.google.android.gms-2/base.apk:classes3.dex for method void com.google.android.gms.org.conscrypt.ConscryptFileDescriptorSocket.setSoWriteTimeout(int)
02-11 13:06:23.149 32356-32356/? E/AffinityControl: AffinityControl: registerfunction enter
02-11 13:06:23.234 32397-32397/? E/Zygote: no v2
02-11 13:06:25.019 32146-32425/? E/GmsUtils: Failed to connect to Google API client: ConnectionResult{statusCode=API_UNAVAILABLE, resolution=null, message=null}
02-11 13:06:25.094 32413-32413/? E/AffinityControl: AffinityControl: registerfunction enter
02-11 13:06:25.104 32411-32411/? E/AffinityControl: AffinityControl: registerfunction enter
02-11 13:06:25.294 32146-32444/? E/GmsUtils: Failed to connect to Google API client: ConnectionResult{statusCode=API_UNAVAILABLE, resolution=null, message=null}
02-11 13:06:26.684 32442-32442/? E/AffinityControl: AffinityControl: registerfunction enter
02-11 13:06:28.414 27305-27320/? E/ContactsProvider_EventLog: Flush buffer to file cnt : 3 size : 1Kb duration : 9ms lastUpdatedAfter : 60122 ms mFlush_time_threasold : 2000 mCurrentSize : 930
02-11 13:06:29.139 32460-32460/? E/Zygote: no v2
02-11 13:06:29.779 32472-32472/? E/Zygote: no v2
02-11 13:06:29.894 32458-32458/? E/AffinityControl: AffinityControl: registerfunction enter
02-11 13:06:30.619 2773-2944/? E/NativeLibraryHelper: Failed to load assets verifier: 0
02-11 13:06:30.639 31564-31574/? E/NativeLibraryHelper: Failed to load assets verifier: 0
02-11 13:06:30.654 31564-31575/? E/NativeLibraryHelper: Failed to load assets verifier: 0
02-11 13:06:30.669 31577-31577/? E/Finsky: [1] VerifyPerSourceInstallationConsentInstallTask.f(2): Package name null is not an installed package
02-11 13:06:32.314 32497-32497/? E/Zygote: no v2
02-11 13:06:32.914 32527-32527/? E/Zygote: no v2
02-11 13:06:34.424 32546-32546/? E/Zygote: no v2
02-11 13:06:35.039 2773-3002/? E/SensorService: getSensorList a sensor (Sensor's Diagnostic Monitor) without holding its required permission: com.samsung.permission.SSENSOR
02-11 13:06:35.354 32546-32602/? E/AudioSystem: AudioSystem::getInputBufferSize failed sampleRate 8000 format 9d7172bc00000010 channelMask 5
02-11 13:06:36.294 32546-32618/? E/SensorManager: nativeGetSensorAtIndex: name, vendor - 0, K2HH Acceleration , STM
02-11 13:06:36.294 32546-32618/? E/SensorManager: nativeGetSensorAtIndex: name, vendor - 1, CM36672P Proximity Sensor, Capella Microsystems, Inc.
02-11 13:06:36.294 32546-32618/? E/SensorManager: nativeGetSensorAtIndex: name, vendor - 2, Screen Orientation Sensor, Samsung Electronics
02-11 13:06:36.394 32546-32618/? E/FBAudienceNetwork: You are using custom Application class and don't call AudienceNetworkAds.isInAdsProcess(). Multi-process support will be disabled. Please call AudienceNetworkAds.isInAdsProcess() if you want to support multi-process mode.
02-11 13:06:36.644 32634-32634/? E/Zygote: no v2
02-11 13:06:39.524 32670-32670/? E/Zygote: no v2
02-11 13:06:39.734 32685-32685/? E/Zygote: no v2
02-11 13:06:39.854 32698-32698/? E/Zygote: no v2
02-11 13:06:39.954 32714-32714/? E/Zygote: no v2
02-11 13:06:39.954 2773-3156/? E/Watchdog: !@Sync 216 [02-11 13:06:39.962]
02-11 13:06:40.044 32670-32727/? E/DBG_POLICYDM: [com.policydm.XDMService(374/lllIlIlIIIllIIlIllIl)] network changed.... 
02-11 13:06:40.044 32670-32727/? E/DBG_POLICYDM: [com.policydm.XDMBroadcastReceiver(418/llllIIIllIlIIIIllllI)] bNetworkChange : true
02-11 13:06:40.044 32670-32727/? E/DBG_POLICYDM: [com.policydm.XDMBroadcastReceiver(245/llIIIIlllllIIllIIllI)] DM Not Init
02-11 13:06:40.084 32670-32727/? E/DBG_POLICYDM: [com.policydm.XDMBroadcastReceiver(409/llIIllllIIlllIIIIlll)] SPD SERVICE Stop!!
02-11 13:06:40.144 32670-32727/? E/DBG_POLICYDM: [com.policydm.XDMBroadcastReceiver(418/llllIIIllIlIIIIllllI)] bNetworkChange : false
02-11 13:06:40.494 32670-32712/? E/SQLiteLog: (1) no such column: servicetype
02-11 13:06:40.744 2773-3012/? E/ConnectivityService: RemoteException caught trying to send a callback msg for NetworkRequest [ id=67, legacyType=-1, [ Capabilities: INTERNET&NOT_RESTRICTED&TRUSTED] ]
02-11 13:06:40.744 2773-3012/? E/ConnectivityService: RemoteException caught trying to send a callback msg for NetworkRequest [ id=66, legacyType=-1, [ Capabilities: INTERNET&NOT_RESTRICTED&TRUSTED] ]
02-11 13:06:42.684 32735-32735/? E/Zygote: no v2
02-11 13:06:44.329 27808-27808/? E/MtpServerJNI: server is null in send_object_removed
02-11 13:06:45.134 2773-2773/? E/NotificationService: Suppressing notification from package com.samsung.android.email.provider by user request.
02-11 13:06:46.749 2773-2773/? E/NotificationService: Suppressing notification from package com.samsung.android.email.provider by user request.
02-11 13:06:47.289 301-301/? E/Zygote: no v2
02-11 13:06:47.959 315-315/? E/Zygote: no v2
02-11 13:06:48.049 315-315/? E/ActivityThread: Failed to find provider info for com.myscript.atk.rmc
02-11 13:06:49.959 333-333/? E/Zygote: no v2
02-11 13:06:50.064 347-347/? E/Zygote: no v2
02-11 13:06:50.174 3248-3248/? E/Launcher.Model: onPackageChanged :com.sec.android.soagent
02-11 13:06:50.224 2773-2773/? E/NotificationService: Suppressing notification from package com.samsung.android.email.provider by user request.
02-11 13:06:52.234 2773-2773/? E/NotificationService: Suppressing notification from package com.samsung.android.email.provider by user request.
02-11 13:06:53.344 374-374/? E/Zygote: no v2
02-11 13:06:53.464 386-386/? E/Zygote: no v2
02-11 13:06:53.654 386-386/? E/GooglePlayServicesUtil: The Google Play services resources were not found. Check your project configuration to ensure that the resources are included.
02-11 13:06:53.824 414-414/? E/Zygote: no v2
02-11 13:06:53.909 2773-3012/? E/ConnectivityService: RemoteException caught trying to send a callback msg for NetworkRequest [ id=68, legacyType=-1, [ Capabilities: INTERNET&NOT_RESTRICTED&TRUSTED] ]
02-11 13:06:57.339 467-467/? E/Zygote: no v2
02-11 13:06:58.254 467-520/? E/cr_VariationsUtils: Failed reading seed file "/data/user/0/com.cricbuzz.android/app_webview/variations_seed_new": /data/user/0/com.cricbuzz.android/app_webview/variations_seed_new: open failed: ENOENT (No such file or directory)
02-11 13:06:58.699 467-537/? E/libEGL: validate_display:255 error 3008 (EGL_BAD_DISPLAY)
02-11 13:07:00.664 506-522/? A/libc: Fatal signal 11 (SIGSEGV), code 1, fault addr 0x3000e in tid 522 (Compiler driver)
02-11 13:07:00.729 4104-4104/? E/audit: type=1701 msg=audit(1613029020.729:1469): auid=4294967295 uid=10027 gid=10027 ses=4294967295 subj=u:r:untrusted_app:s0:c512,c768 pid=523 comm=436F6D70696C657220647269766572 reason="memory violation" sig=11
02-11 13:07:00.734 4104-4104/? E/audit: type=1701 msg=audit(1613029020.729:1470): auid=4294967295 uid=10027 gid=10027 ses=4294967295 subj=u:r:untrusted_app:s0:c512,c768 pid=522 comm=436F6D70696C657220647269766572 reason="memory violation" sig=11
02-11 13:07:00.779 25924-25924/? E/DEBUG: unexpected waitpid response: n=522, status=0000000b
02-11 13:07:00.779 25924-25924/? E/DEBUG: tid exited before attach completed: tid 522
02-11 13:07:00.854 2773-2884/? E/NativeLibraryHelper: Failed to load assets verifier: 0
02-11 13:07:01.349 2773-3263/? E/SensorService: getSensorList a sensor (Sensor's Diagnostic Monitor) without holding its required permission: com.samsung.permission.SSENSOR
02-11 13:07:01.349 467-613/? E/SensorManager: nativeGetSensorAtIndex: name, vendor - 0, K2HH Acceleration , STM
02-11 13:07:01.349 467-613/? E/SensorManager: nativeGetSensorAtIndex: name, vendor - 1, CM36672P Proximity Sensor, Capella Microsystems, Inc.
02-11 13:07:01.349 467-613/? E/SensorManager: nativeGetSensorAtIndex: name, vendor - 2, Screen Orientation Sensor, Samsung Electronics
02-11 13:07:09.959 2773-3156/? E/Watchdog: !@Sync 217 [02-11 13:07:09.963]
02-11 13:07:13.729 2773-2884/? E/SecureStorageService: Process failed status=0x0200
02-11 13:07:13.979 2199-2199/? E/installd: Couldn't opendir /data/app/vmdl383456224.tmp: No such file or directory
02-11 13:07:14.164 4085-4103/? E/ucsBai_agentService: notifyChange NOT SUPPORTED
02-11 13:07:14.404 643-643/? E/Zygote: no v2
02-11 13:07:14.424 651-651/? E/Zygote: no v2
02-11 13:07:14.624 2773-2858/? E/MARsDBManager: insertPackage com.example.imageuploading__retrofit is already exist in DB!
02-11 13:07:14.699 674-674/? E/Zygote: no v2
02-11 13:07:14.819 3248-3248/? E/Launcher.Model: onPackageChanged :com.example.imageuploading__retrofit
02-11 13:07:15.424 688-688/? E/Zygote: no v2
02-11 13:07:15.494 2773-3012/? E/ConnectivityService: RemoteException caught trying to send a callback msg for NetworkRequest [ id=70, legacyType=-1, [ Capabilities: INTERNET&NOT_RESTRICTED&TRUSTED] ]
02-11 13:07:15.544 700-700/? E/Zygote: no v2
02-11 13:07:15.674 713-713/? E/Zygote: no v2
02-11 13:07:15.834 726-726/? E/Zygote: no v2
02-11 13:07:15.949 742-742/? E/Zygote: no v2
02-11 13:07:16.064 755-755/? E/Zygote: no v2
02-11 13:07:16.104 2773-2830/? E/EdmStorageProvider: Admin not in database, something went wrong
02-11 13:07:16.109 2773-2830/? E/EdmStorageProvider: Admin not in database, something went wrong
02-11 13:07:16.239 3234-3246/? E/PhoneInterfaceManager: [PhoneIntfMgr] getIccId: ICC ID is null or empty.
02-11 13:07:16.324 638-638/? E/AffinityControl: AffinityControl: registerfunction enter
02-11 13:07:16.434 781-781/? E/Zygote: no v2
02-11 13:07:16.624 806-806/? E/Zygote: no v2
02-11 13:07:16.769 806-806/? E/AASAservice-TokenRule: parseToken() : TokenFile is null
02-11 13:07:16.789 806-806/? E/AASAservice-UpdateReceiver: AASAUpdateReceiver : myrule is null.
02-11 13:07:16.909 827-827/? E/Zygote: no v2
02-11 13:07:17.319 27127-27657/? E/GmsClient: unable to connect to service: com.google.android.gms.auth.key.retrieval.service.START on com.google.android.gms
02-11 13:07:17.449 864-864/? E/Zygote: no v2
02-11 13:07:17.574 14772-14772/? E/SamsungIME: lang.getLanguageCode():en, lang.getCountryCode():GB
02-11 13:07:17.574 14772-14772/? E/SamsungIME: lang.getLanguageCode():ml, lang.getCountryCode():
02-11 13:07:17.574 14772-14772/? E/SamsungIME: sendInputLanguage() : en_GB, en_GB;ml;
02-11 13:07:17.604 14772-14772/? E/SamsungIME: getMethod(): java.lang.NoSuchMethodException: changeFullInputMethod []
02-11 13:07:17.604 14772-14772/? E/SamsungIME: invoke(): method is null
02-11 13:07:17.614 14772-14772/? E/KeyboardInfoUtils: getInstance start
02-11 13:07:17.614 14772-14772/? E/KeyboardInfoUtils: sendSIPInformation state:6  isAbstractKeyboardView : true
02-11 13:07:17.614 14772-14772/? E/KeyboardInfoUtils: sending null keyboardInfo as SIP is closed
02-11 13:07:17.639 14772-14772/? E/SamsungIME: lang.getLanguageCode():en, lang.getCountryCode():GB
02-11 13:07:17.639 14772-14772/? E/SamsungIME: lang.getLanguageCode():ml, lang.getCountryCode():
02-11 13:07:17.639 14772-14772/? E/SamsungIME: sendInputLanguage() : en_GB, en_GB;ml;
02-11 13:07:17.649 14772-14772/? E/SamsungIME: lang.getLanguageCode():en, lang.getCountryCode():GB
02-11 13:07:17.649 14772-14772/? E/SamsungIME: lang.getLanguageCode():ml, lang.getCountryCode():
02-11 13:07:17.649 14772-14772/? E/SamsungIME: sendInputLanguage() : en_GB, en_GB;ml;
02-11 13:07:17.724 880-880/? E/Zygote: no v2
02-11 13:07:17.779 14772-14772/? E/SamsungIME: <AbstractKeyboardView> - onDraw() called
02-11 13:07:17.894 14772-14772/? E/SamsungIME: <AbstractKeyboardView> - onDraw() called
02-11 13:07:18.024 27127-28069/? E/art: invalid stream - problem with parameter iterator in /data/app/com.google.android.gms-2/base.apk:classes3.dex for method void com.google.android.gms.org.conscrypt.ConscryptFileDescriptorSocket.setSoWriteTimeout(int)
02-11 13:07:18.329 27127-28069/? E/art: invalid stream - problem with parameter iterator in /data/app/com.google.android.gms-2/base.apk:classes3.dex for method void com.google.android.gms.org.conscrypt.ConscryptFileDescriptorSocket.setSoWriteTimeout(int)
02-11 13:07:18.734 914-914/? E/Zygote: no v2
02-11 13:07:21.384 939-939/? E/Zygote: no v2
02-11 13:07:21.729 31577-31627/? E/PlayCommon: [2530] axeo.<init>(8): Failed to restore PlayMetalog
02-11 13:07:21.729 31577-31627/? E/PlayCommon: [2530] axeo.<init>(11): Failed to restore LogsUploadAttempt
02-11 13:07:22.559 939-980/? E/GEL_DELAYED_EVENT_DEBUG: Failed delayed event dispatch, no dispatchers.
02-11 13:07:28.559 27305-27320/? E/ContactsProvider_EventLog: Flush buffer to file cnt : 3 size : 1Kb duration : 17ms lastUpdatedAfter : 60144 ms mFlush_time_threasold : 2000 mCurrentSize : 930
02-11 13:07:39.959 2773-3156/? E/Watchdog: !@Sync 218 [02-11 13:07:39.964]
02-11 13:07:49.884 2193-2930/? E/NetlinkEvent: NetlinkEvent::FindParam(): Parameter 'TIME_NS' not found
02-11 13:07:49.884 2193-2930/? E/NetlinkEvent: NetlinkEvent::FindParam(): Parameter 'UID' not found
02-11 13:07:51.209 1085-1085/? E/Zygote: no v2
02-11 13:07:51.214 781-781/com.example.imageuploading__retrofit E/ViewRootImpl: sendUserActionEvent() mView == null
02-11 13:07:51.309 1085-1101/? E/Resources: RunTimeException
