02-11 13:29:46.249 2326-2326/? E/SensorManager: nativeGetSensorAtIndex: name, vendor - 2, Screen Orientation Sensor, Samsung Electronics
02-11 13:29:46.249 2326-2326/? E/SensorManager: nativeGetSensorAtIndex: name, vendor - 3, Sensor's Diagnostic Monitor, Samsung Electronics
02-11 13:29:46.254 2326-2326/? E/AXLOG: GLSurfaceCreate**StartU[1613030386260]**
02-11 13:29:46.254 2326-2326/? E/AXLOG: onCreate-End**End[1613030386261]**[245]**[]**
02-11 13:29:46.259 2326-2326/? E/AXLOG: onResume**Start[1613030386267]**
02-11 13:29:46.264 2198-2943/? E/ExynosCamera: Build Date is (Apr 16 2018) (21:45:46) 
02-11 13:29:46.339 2326-2349/? E/AXLOG: HW Open**EndU[1613030386345]**
02-11 13:29:46.374 2326-2326/? E/AXLOG: surfaceCreate**StartU[1613030386379]**
02-11 13:29:46.419 2326-2346/? E/SecCamera-JNI-Java: checkSupportedShotMode(1000)
02-11 13:29:46.474 2326-2326/? E/AXLOG: onResume**End[1613030386481]**[214]**[]**
02-11 13:29:46.549 2326-2326/? E/AXLOG: surfaceCreate**EndU[1613030386557]**
02-11 13:29:46.564 2326-2346/? E/AXLOG: PrepareStartPreview-End**End[1613030386571]**[10]**[]**
02-11 13:29:46.569 2326-2385/? E/AXLOG: StartPreview**StartU[1613030386576]**
02-11 13:29:46.594 2198-2388/? E/ExynosCameraBufferManager: [CAM_ID(0)][SCP_BUF]-ERR(m_alloc[1918]):m_reqBufCount(12)
02-11 13:29:46.664 2326-2352/? E/AXLOG: GLSurfaceChanged**EndU[1613030386673]**
02-11 13:29:46.679 2326-2399/? E/AXLOG: BaseMenu-loading**StartU[1613030386686]**
02-11 13:29:46.814 2326-2352/? E/GLContext: Start drawing frame #1
02-11 13:29:46.814 2326-2352/? E/GLContext: End drawing frame #1 Elapsed time: 1ms
02-11 13:29:46.874 2326-2352/? E/GLContext: Start drawing frame #2
02-11 13:29:46.874 2326-2352/? E/GLContext: End drawing frame #2 Elapsed time: 1ms
02-11 13:29:46.899 2326-2326/? E/ViewRootImpl: mStopped=false mHasWindowFocus=false mPausedForTransition=false
02-11 13:29:46.934 2326-2352/? E/GLContext: Start drawing frame #3
02-11 13:29:46.939 2326-2352/? E/GLContext: End drawing frame #3 Elapsed time: 0ms
02-11 13:29:46.944 2326-2352/? E/GLContext: Start drawing frame #4
02-11 13:29:46.944 2326-2352/? E/GLContext: End drawing frame #4 Elapsed time: 0ms
02-11 13:29:47.194 2326-2385/? E/AXLOG: StartPreview**EndU[1613030387202]**
02-11 13:29:47.194 2326-2385/? E/AXLOG: Total-CameraPreviewLoading**EndU[1613030387202]**
02-11 13:29:47.194 2326-2385/? E/AXLOG: Total-Shot2Shot**EndU[1613030387202]**
02-11 13:29:47.289 2326-2399/? E/AXLOG: BaseMenu-loading**added[1613030387294]**
02-11 13:29:47.459 2326-2326/? E/AXLOG: Shot2Shot-Autofocus**EndU[1613030387467]**
02-11 13:29:47.709 2326-2326/? E/AXLOG: StopPreview**End[1613030387715]**[76]**[]**
02-11 13:29:47.924 2198-2198/? E/libcsc: csc_deinit:: unsupported csc_hw_type
02-11 13:29:47.924 2198-2198/? E/libcsc: csc_deinit:: unsupported csc_hw_type
02-11 13:29:47.924 2198-2198/? E/libcsc: csc_deinit:: unsupported csc_hw_type
02-11 13:29:47.924 2198-2198/? E/libcsc: csc_deinit:: unsupported csc_hw_type
02-11 13:29:47.934 2198-2198/? E/CameraService: onTorchStatusChangedLocked: cannot get torch status of camera 0
    : No such file or directory (-2)
02-11 13:29:47.939 2326-2326/? E/SecCamera-JNI-Java: release mQueue FD Size = 0
02-11 13:29:47.979 2326-2326/? E/Camera4: Black overlay is already invisible
02-11 13:29:47.984 2326-2326/? E/AXLOG: BaseMenu-loading**EndU[1613030387990]**
02-11 13:29:47.984 2326-2326/? E/AXLOG: Total-CameraUILoading(TSP)**EndU[1613030387990]**
02-11 13:29:48.019 2326-2326/? E/AXLOG: HeavyResource-loading**StartU[1613030388027]**
02-11 13:29:48.019 2326-2326/? E/AXLOG: HeavyResource-loading**previewThreadComplete[1613030388027]**
02-11 13:29:48.119 2326-2337/? E/SecCamera-JNI-Java: release mQueue FD Size = 0
02-11 13:29:48.239 2326-2326/? E/AXLOG: HeavyResource-loading**EndU[1613030388244]**
02-11 13:29:48.319 2326-2373/? E/ion: ioctl c0044901 failed with code -1: Invalid argument
02-11 13:29:50.684 2193-2930/? E/NetlinkEvent: NetlinkEvent::FindParam(): Parameter 'TIME_NS' not found
02-11 13:29:50.684 2193-2930/? E/NetlinkEvent: NetlinkEvent::FindParam(): Parameter 'UID' not found
02-11 13:30:10.034 2773-3156/? E/Watchdog: !@Sync 263 [02-11 13:30:10.034]
02-11 13:30:10.724 2193-2930/? E/NetlinkEvent: NetlinkEvent::FindParam(): Parameter 'TIME_NS' not found
02-11 13:30:10.724 2193-2930/? E/NetlinkEvent: NetlinkEvent::FindParam(): Parameter 'UID' not found
02-11 13:30:20.664 31577-31577/? E/Finsky: [1] aoqr.run(3): Error while cleaning up task
    java.util.concurrent.ExecutionException: com.google.common.util.concurrent.TimeoutFuture$TimeoutFutureException: Timed out: cfn@5bd3a42[status=PENDING, info=[tag=[class anut]]]
        at bale.s(PG:3)
        at bale.get(PG:2)
        at baog.a(PG:1)
        at banb.r(PG)
        at aoqr.run(Unknown Source)
        at android.os.Handler.handleCallback(Handler.java:739)
        at android.os.Handler.dispatchMessage(Handler.java:95)
        at android.os.Looper.loop(Looper.java:148)
        at android.app.ActivityThread.main(ActivityThread.java:7402)
        at java.lang.reflect.Method.invoke(Native Method)
        at com.android.internal.os.ZygoteInit$MethodAndArgsCaller.run(ZygoteInit.java:1230)
        at com.android.internal.os.ZygoteInit.main(ZygoteInit.java:1120)
     Caused by: com.google.common.util.concurrent.TimeoutFuture$TimeoutFutureException: Timed out: cfn@5bd3a42[status=PENDING, info=[tag=[class anut]]]
02-11 13:30:21.774 2475-2475/? E/Zygote: no v2
02-11 13:30:24.559 2193-2930/? E/NetlinkEvent: NetlinkEvent::FindParam(): Parameter 'TIME_NS' not found
02-11 13:30:24.559 2193-2930/? E/NetlinkEvent: NetlinkEvent::FindParam(): Parameter 'UID' not found
02-11 13:30:25.044 2773-2884/? E/NativeLibraryHelper: Failed to load assets verifier: 0
02-11 13:30:31.309 27305-27320/? E/ContactsProvider_EventLog: Flush buffer to file cnt : 3 size : 1Kb duration : 16ms lastUpdatedAfter : 60147 ms mFlush_time_threasold : 2000 mCurrentSize : 930
02-11 13:30:37.149 2773-2884/? E/SecureStorageService: Process failed status=0x0200
02-11 13:30:37.524 2199-2199/? E/installd: Couldn't opendir /data/app/vmdl731253147.tmp: No such file or directory
02-11 13:30:37.669 4085-4097/? E/ucsBai_agentService: notifyChange NOT SUPPORTED
02-11 13:30:37.724 2507-2507/? E/Zygote: no v2
02-11 13:30:38.429 2773-2858/? E/MARsDBManager: insertPackage com.example.imageuploading__retrofit is already exist in DB!
02-11 13:30:38.494 3248-3248/? E/Launcher.Model: onPackageChanged :com.example.imageuploading__retrofit
02-11 13:30:39.684 2506-2506/? E/AffinityControl: AffinityControl: registerfunction enter
02-11 13:30:39.794 2593-2593/? E/Zygote: no v2
02-11 13:30:39.869 2507-2607/? E/cr_VariationsUtils: Failed reading seed file "/data/user/0/com.cricbuzz.android/app_webview/variations_seed_new": /data/user/0/com.cricbuzz.android/app_webview/variations_seed_new: open failed: ENOENT (No such file or directory)
02-11 13:30:40.029 2773-3156/? E/Watchdog: !@Sync 264 [02-11 13:30:40.036]
02-11 13:30:40.669 14772-14772/? E/SamsungIME: lang.getLanguageCode():en, lang.getCountryCode():GB
02-11 13:30:40.669 14772-14772/? E/SamsungIME: lang.getLanguageCode():ml, lang.getCountryCode():
02-11 13:30:40.669 14772-14772/? E/SamsungIME: sendInputLanguage() : en_GB, en_GB;ml;
02-11 13:30:40.699 14772-14772/? E/SamsungIME: getMethod(): java.lang.NoSuchMethodException: changeFullInputMethod []
02-11 13:30:40.699 14772-14772/? E/SamsungIME: invoke(): method is null
02-11 13:30:40.709 14772-14772/? E/KeyboardInfoUtils: getInstance start
02-11 13:30:40.709 14772-14772/? E/KeyboardInfoUtils: sendSIPInformation state:6  isAbstractKeyboardView : true
02-11 13:30:40.709 14772-14772/? E/KeyboardInfoUtils: sending null keyboardInfo as SIP is closed
02-11 13:30:40.724 14772-14772/? E/SamsungIME: lang.getLanguageCode():en, lang.getCountryCode():GB
02-11 13:30:40.724 14772-14772/? E/SamsungIME: lang.getLanguageCode():ml, lang.getCountryCode():
02-11 13:30:40.724 14772-14772/? E/SamsungIME: sendInputLanguage() : en_GB, en_GB;ml;
02-11 13:30:40.734 14772-14772/? E/SamsungIME: lang.getLanguageCode():en, lang.getCountryCode():GB
02-11 13:30:40.734 14772-14772/? E/SamsungIME: lang.getLanguageCode():ml, lang.getCountryCode():
02-11 13:30:40.734 14772-14772/? E/SamsungIME: sendInputLanguage() : en_GB, en_GB;ml;
02-11 13:30:40.849 14772-14772/? E/SamsungIME: <AbstractKeyboardView> - onDraw() called
02-11 13:30:40.949 14772-14772/? E/SamsungIME: <AbstractKeyboardView> - onDraw() called
02-11 13:30:40.959 2507-2648/? E/libEGL: validate_display:255 error 3008 (EGL_BAD_DISPLAY)
02-11 13:30:41.679 2562-2576/? A/libc: Fatal signal 11 (SIGSEGV), code 1, fault addr 0x3000e in tid 2576 (Compiler driver)
02-11 13:30:41.764 25924-25924/? A/DEBUG: *** *** *** *** *** *** *** *** *** *** *** *** *** *** *** ***
02-11 13:30:41.764 25924-25924/? E/DEBUG: AM write failed: Broken pipe
02-11 13:30:41.764 25924-25924/? A/DEBUG: Build fingerprint: 'samsung/o5ltedd/o5lte:6.0.1/MMB29K/G550FYDDU1BRD1:user/release-keys'
02-11 13:30:41.764 25924-25924/? A/DEBUG: Revision: '0'
02-11 13:30:41.764 25924-25924/? A/DEBUG: ABI: 'arm'
02-11 13:30:41.764 25924-25924/? A/DEBUG: pid: 2562, tid: 2576, name: Compiler driver  >>> /system/bin/dex2oat <<<
02-11 13:30:41.764 25924-25924/? A/DEBUG: signal 11 (SIGSEGV), code 1 (SEGV_MAPERR), fault addr 0x3000e
02-11 13:30:41.774 25924-25924/? A/DEBUG:     r0 b1642040  r1 b1642210  r2 ffffffcc  r3 b16420d8
02-11 13:30:41.774 25924-25924/? A/DEBUG:     r4 b1642040  r5 b16424e8  r6 b1642480  r7 b1644058
02-11 13:30:41.774 25924-25924/? A/DEBUG:     r8 0003000e  r9 00000000  sl 00000000  fp b1643c08
02-11 13:30:41.774 25924-25924/? A/DEBUG:     ip b6ef5988  sp b1abf420  lr b6c415f5  pc b6c3f234  cpsr 200f0030
02-11 13:30:41.794 25924-25924/? A/DEBUG: backtrace:
02-11 13:30:41.794 25924-25924/? A/DEBUG:     #00 pc 00139234  /system/lib/libart-compiler.so (_ZNSt3__16__treeINS_12__value_typeIjjEENS_19__map_value_compareIjS2_NS_4lessIjEELb1EEEN3art21ArenaAllocatorAdapterIS2_EEE7destroyEPNS_11__tree_nodeIS2_PvEE+655)
02-11 13:30:41.794 25924-25924/? A/DEBUG:     #01 pc 0013b5f1  /system/lib/libart-compiler.so (_ZN3art20GlobalValueNumberingD1Ev+1264)
02-11 13:30:41.794 25924-25924/? A/DEBUG:     #02 pc 00218d2d  /system/lib/libart-compiler.so (_ZN3art8MIRGraph27GlobalValueNumberingCleanupEv+28)
02-11 13:30:41.794 25924-25924/? A/DEBUG:     #03 pc 00218eff  /system/lib/libart-compiler.so (_ZN3art16PassDriverMEOpts9ApplyPassEPNS_14PassDataHolderEPKNS_4PassE+18)
02-11 13:30:41.794 25924-25924/? A/DEBUG:     #04 pc 001ca01f  /system/lib/libart-compiler.so
02-11 13:30:41.794 25924-25924/? A/DEBUG:     #05 pc 001ca8a3  /system/lib/libart-compiler.so (_ZNK3art13QuickCompiler7CompileEPKNS_7DexFile8CodeItemEjNS_10InvokeTypeEtjP8_jobjectRKS1_+1478)
02-11 13:30:41.794 25924-25924/? A/DEBUG:     #06 pc 002ba57f  /system/lib/libart-compiler.so (_ZNK3art18OptimizingCompiler7CompileEPKNS_7DexFile8CodeItemEjNS_10InvokeTypeEtjP8_jobjectRKS1_+98)
02-11 13:30:41.794 25924-25924/? A/DEBUG:     #07 pc 00227335  /system/lib/libart-compiler.so (_ZN3art14CompilerDriver13CompileMethodEPNS_6ThreadEPKNS_7DexFile8CodeItemEjNS_10InvokeTypeEtjP8_jobjectRKS3_NS_24DexToDexCompilationLevelEb+1848)
02-11 13:30:41.794 25924-25924/? A/DEBUG:     #08 pc 00227fcf  /system/lib/libart-compiler.so (_ZN3art14CompilerDriver12CompileClassEPKNS_26ParallelCompilationManagerEj+1942)
02-11 13:30:41.794 25924-25924/? A/DEBUG:     #09 pc 0021e7b1  /system/lib/libart-compiler.so
02-11 13:30:41.794 25924-25924/? A/DEBUG:     #10 pc 00348741  /system/lib/libart.so (_ZN3art16ThreadPoolWorker3RunEv+256)
02-11 13:30:41.794 25924-25924/? A/DEBUG:     #11 pc 00348d79  /system/lib/libart.so (_ZN3art16ThreadPoolWorker8CallbackEPv+52)
02-11 13:30:41.794 25924-25924/? A/DEBUG:     #12 pc 0003fe37  /system/lib/libc.so (_ZL15__pthread_startPv+30)
02-11 13:30:41.794 25924-25924/? A/DEBUG:     #13 pc 0001a56d  /system/lib/libc.so (__start_thread+6)
02-11 13:30:41.979 25924-25924/? A/DEBUG: Tombstone written to: /data/tombstones/tombstone_09
02-11 13:30:41.984 4104-4104/? E/audit: type=1701 msg=audit(1613030441.979:1479): auid=4294967295 uid=10027 gid=10027 ses=4294967295 subj=u:r:untrusted_app:s0:c512,c768 pid=2576 comm=436F6D70696C657220647269766572 reason="memory violation" sig=11
02-11 13:30:42.074 2686-2686/? E/Zygote: no v2
02-11 13:30:42.314 2701-2701/? E/Zygote: no v2
02-11 13:30:42.544 2720-2720/? E/Zygote: no v2
02-11 13:30:42.899 2745-2745/? E/Zygote: no v2
02-11 13:30:42.999 2758-2758/? E/Zygote: no v2
02-11 13:30:43.144 2789-2789/? E/Zygote: no v2
02-11 13:30:43.329 2801-2801/? E/Zygote: no v2
02-11 13:30:43.364 2773-2830/? E/EdmStorageProvider: Admin not in database, something went wrong
02-11 13:30:43.364 2773-2830/? E/EdmStorageProvider: Admin not in database, something went wrong
02-11 13:30:43.364 2773-2830/? E/EdmStorageProvider: Admin not in database, something went wrong
02-11 13:30:43.389 27127-27127/? E/ActivityThread: Service com.google.android.gms.chimera.GmsBoundBrokerService has leaked IntentReceiver artm@f931332 that was originally registered here. Are you missing a call to unregisterReceiver()?
    android.app.IntentReceiverLeaked: Service com.google.android.gms.chimera.GmsBoundBrokerService has leaked IntentReceiver artm@f931332 that was originally registered here. Are you missing a call to unregisterReceiver()?
        at android.app.LoadedApk$ReceiverDispatcher.<init>(LoadedApk.java:1034)
        at android.app.LoadedApk.getReceiverDispatcher(LoadedApk.java:821)
        at android.app.ContextImpl.registerReceiverInternal(ContextImpl.java:1271)
        at android.app.ContextImpl.registerReceiver(ContextImpl.java:1251)
        at android.content.ContextWrapper.registerReceiver(ContextWrapper.java:583)
        at android.content.ContextWrapper.registerReceiver(ContextWrapper.java:583)
        at android.content.ContextWrapper.registerReceiver(ContextWrapper.java:583)
        at android.content.ContextWrapper.registerReceiver(ContextWrapper.java:583)
        at android.content.ContextWrapper.registerReceiver(ContextWrapper.java:583)
        at android.content.ContextWrapper.registerReceiver(ContextWrapper.java:583)
        at android.content.ContextWrapper.registerReceiver(ContextWrapper.java:583)
        at android.content.ContextWrapper.registerReceiver(ContextWrapper.java:583)
        at arug.a(:com.google.android.gms@203019017@20.30.19 (040306-326531024):3)
        at aruy.a(:com.google.android.gms@203019017@20.30.19 (040306-326531024):41)
        at aaii.run(:com.google.android.gms@203019017@20.30.19 (040306-326531024):11)
        at bnyw.run(:com.google.android.gms@203019017@20.30.19 (040306-326531024):2)
        at suq.b(:com.google.android.gms@203019017@20.30.19 (040306-326531024):12)
        at suq.run(:com.google.android.gms@203019017@20.30.19 (040306-326531024):7)
        at java.util.concurrent.ThreadPoolExecutor.runWorker(ThreadPoolExecutor.java:1113)
        at java.util.concurrent.ThreadPoolExecutor$Worker.run(ThreadPoolExecutor.java:588)
        at tas.run(:com.google.android.gms@203019017@20.30.19 (040306-326531024):0)
        at java.lang.Thread.run(Thread.java:818)
02-11 13:30:43.484 2773-3012/? E/ConnectivityService: RemoteException caught trying to send a callback msg for NetworkRequest [ id=75, legacyType=-1, [ Capabilities: INTERNET&NOT_RESTRICTED&TRUSTED] ]
02-11 13:30:43.484 2773-3012/? E/ConnectivityService: RemoteException caught trying to send a callback msg for NetworkRequest [ id=76, legacyType=-1, [ Capabilities: INTERNET&NOT_RESTRICTED&TRUSTED] ]
02-11 13:30:43.489 3234-3532/? E/PhoneInterfaceManager: [PhoneIntfMgr] getIccId: ICC ID is null or empty.
02-11 13:30:43.779 2828-2828/? E/Zygote: no v2
02-11 13:30:44.329 2866-2866/? E/Zygote: no v2
02-11 13:30:44.514 2828-2828/? E/SALog: false
02-11 13:30:45.334 2994-2994/? E/Zygote: no v2
02-11 13:30:45.339 2593-2593/com.example.imageuploading__retrofit E/ViewRootImpl: sendUserActionEvent() mView == null
02-11 13:30:45.544 2994-3057/? E/Resources: RunTimeException
    android.content.res.Resources$NotFoundException: Resource ID #0x7f030000
        at android.content.res.Resources.getValue(Resources.java:2598)
        at android.content.res.Resources.startRC(Resources.java:1132)
        at android.app.ActivityThread$mRunnable.run(ActivityThread.java:3105)
        at java.lang.Thread.run(Thread.java:818)
02-11 13:30:45.604 2866-2963/? E/WM-WorkerWrapper: Didn't find WorkSpec for id d62363c1-28a6-41e9-b104-dc4732481c0f
02-11 13:30:45.619 3065-3065/? E/Zygote: no v2
02-11 13:30:45.729 2828-3089/? E/ActivityThread: Failed to find provider info for null
02-11 13:30:45.929 3065-3065/? E/GooglePlayServicesUtil: The Google Play services resources were not found. Check your project configuration to ensure that the resources are included.
02-11 13:30:46.044 1104-1104/? E/MotionRecognitionManager: mSContextService = null
02-11 13:30:46.044 1104-1104/? E/MotionRecognitionManager: motionService = null
02-11 13:30:46.054 3115-3115/? E/Zygote: no v2
02-11 13:30:46.189 3115-3115/? E/AASAservice-TokenRule: parseToken() : TokenFile is null
02-11 13:30:46.214 3115-3115/? E/AASAservice-UpdateReceiver: AASAUpdateReceiver : myrule is null.
02-11 13:30:46.314 3143-3143/? E/Zygote: no v2
02-11 13:30:46.329 2773-3263/? E/InputMethodManagerService: Perflock object null
02-11 13:30:46.344 14772-14772/? E/KeyboardInfoUtils: getInstance start
02-11 13:30:46.344 14772-14772/? E/KeyboardInfoUtils: sendSIPInformation state:6  isAbstractKeyboardView : true
02-11 13:30:46.344 14772-14772/? E/KeyboardInfoUtils: sending null keyboardInfo as SIP is closed
02-11 13:30:46.364 14772-14772/? E/SamsungIME: getMethod(): java.lang.NoSuchMethodException: changeFullInputMethod []
02-11 13:30:46.364 14772-14772/? E/SamsungIME: invoke(): method is null
02-11 13:30:46.954 27127-27657/? E/GmsClient: unable to connect to service: com.google.android.gms.auth.key.retrieval.service.START on com.google.android.gms
02-11 13:30:47.054 3176-3176/? E/Zygote: no v2
02-11 13:30:47.174 3201-3201/? E/Zygote: no v2
02-11 13:30:47.294 2773-2832/? E/JavaBinder: !!! FAILED BINDER TRANSACTION !!!  (parcel size = 80)
02-11 13:30:47.924 27127-28068/? E/art: invalid stream - problem with parameter iterator in /data/app/com.google.android.gms-2/base.apk:classes3.dex for method void com.google.android.gms.org.conscrypt.ConscryptFileDescriptorSocket.setSoWriteTimeout(int)
02-11 13:30:48.099 27127-28068/? E/art: invalid stream - problem with parameter iterator in /data/app/com.google.android.gms-2/base.apk:classes3.dex for method void com.google.android.gms.org.conscrypt.ConscryptFileDescriptorSocket.setSoWriteTimeout(int)
02-11 13:30:56.884 2593-2593/com.example.imageuploading__retrofit E/File: [/storage/emulated/0/mediapicker/images/ef55779c-d65d-4507-8e7b-0d0b333c398d.jpg, /storage/emulated/0/mediapicker/images/f7af5aa5-476e-4f4f-858f-11fc98ec9305.jpg]
02-11 13:30:56.884 2593-2593/com.example.imageuploading__retrofit E/stream: java.io.FileInputStream@99cca8c
02-11 13:30:56.904 2593-2593/com.example.imageuploading__retrofit E/IMages From Stream: android.graphics.Bitmap@70a3a51
02-11 13:30:57.164 3252-3252/? E/Zygote: no v2
02-11 13:30:57.179 2593-2593/com.example.imageuploading__retrofit E/MediaStore: Failed to insert image
    java.io.FileNotFoundException: No such file or directory
        at android.database.DatabaseUtils.readExceptionWithFileNotFoundExceptionFromParcel(DatabaseUtils.java:144)
        at android.content.ContentProviderProxy.openAssetFile(ContentProviderNative.java:621)
        at android.content.ContentResolver.openAssetFileDescriptor(ContentResolver.java:1009)
        at android.content.ContentResolver.openOutputStream(ContentResolver.java:751)
        at android.content.ContentResolver.openOutputStream(ContentResolver.java:727)
        at android.provider.MediaStore$Images$Media.insertImage(MediaStore.java:995)
        at com.example.imageuploading__retrofit.MainActivity.resizeIMagestoAdapter(MainActivity.java:188)
        at com.example.imageuploading__retrofit.MainActivity.onActivityResult(MainActivity.java:309)
        at android.app.Activity.dispatchActivityResult(Activity.java:7165)
        at android.app.ActivityThread.deliverResults(ActivityThread.java:5028)
        at android.app.ActivityThread.handleSendResult(ActivityThread.java:5075)
        at android.app.ActivityThread.access$1600(ActivityThread.java:229)
        at android.app.ActivityThread$H.handleMessage(ActivityThread.java:1886)
        at android.os.Handler.dispatchMessage(Handler.java:102)
        at android.os.Looper.loop(Looper.java:148)
        at android.app.ActivityThread.main(ActivityThread.java:7402)
        at java.lang.reflect.Method.invoke(Native Method)
        at com.android.internal.os.ZygoteInit$MethodAndArgsCaller.run(ZygoteInit.java:1230)
        at com.android.internal.os.ZygoteInit.main(ZygoteInit.java:1120)
02-11 13:30:57.464 2593-2593/com.example.imageuploading__retrofit E/ViewRootImpl: sendUserActionEvent() mView == null
02-11 13:30:57.474 2593-2593/com.example.imageuploading__retrofit E/ViewRootImpl: sendUserActionEvent() mView == null
02-11 13:30:57.494 3252-3278/? E/ServiceManager: [#CMH#] Failed binding To Service  EnhanceService
02-11 13:30:57.514 3291-3291/? E/Zygote: no v2
02-11 13:30:57.689 3252-3281/? E/Controller: [#CMH#] Content inserted without datetaken 
02-11 13:31:00.519 3252-3300/? E/ServiceManager: [#CMH#] Failed binding To Service  IPService
02-11 13:31:00.519 3252-3300/? E/ServiceManager: [#CMH#] Failed binding To Service  FaceService
02-11 13:31:00.524 3252-3300/? E/ServiceManager: [#CMH#] Failed binding To Service  TapestryService
02-11 13:31:10.029 2773-3156/? E/Watchdog: !@Sync 265 [02-11 13:31:10.037]
02-11 13:31:14.689 2593-2593/com.example.imageuploading__retrofit E/ViewRootImpl: sendUserActionEvent() mView == null
02-11 13:31:14.689 2994-3360/? E/Resources: RunTimeException
    android.content.res.Resources$NotFoundException: Resource ID #0x7f030000
        at android.content.res.Resources.getValue(Resources.java:2598)
        at android.content.res.Resources.startRC(Resources.java:1132)
        at android.app.ActivityThread$mRunnable.run(ActivityThread.java:3105)
        at java.lang.Thread.run(Thread.java:818)
02-11 13:31:14.799 1104-1104/? E/MotionRecognitionManager: mSContextService = null
02-11 13:31:14.799 1104-1104/? E/MotionRecognitionManager: motionService = null
02-11 13:31:17.084 2193-2930/? E/NetlinkEvent: NetlinkEvent::FindParam(): Parameter 'TIME_NS' not found
02-11 13:31:17.084 2193-2930/? E/NetlinkEvent: NetlinkEvent::FindParam(): Parameter 'UID' not found
02-11 13:31:31.364 27305-27320/? E/ContactsProvider_EventLog: Flush buffer to file cnt : 3 size : 1Kb duration : 17ms lastUpdatedAfter : 60058 ms mFlush_time_threasold : 2000 mCurrentSize : 930
02-11 13:31:40.034 2773-3156/? E/Watchdog: !@Sync 266 [02-11 13:31:40.038]
02-11 13:31:48.939 2193-2930/? E/NetlinkEvent: NetlinkEvent::FindParam(): Parameter 'TIME_NS' not found
02-11 13:31:48.939 2193-2930/? E/NetlinkEvent: NetlinkEvent::FindParam(): Parameter 'UID' not found
