02-11 16:53:07.396 13366-13596/? W/System.err:     at com.android.okhttp.internal.huc.HttpURLConnectionImpl.execute(HttpURLConnectionImpl.java:476)
02-11 16:53:07.396 13366-13596/? W/System.err:     at com.android.okhttp.internal.huc.HttpURLConnectionImpl.connect(HttpURLConnectionImpl.java:118)
02-11 16:53:07.396 13366-13596/? W/System.err:     at com.android.okhttp.internal.huc.DelegatingHttpsURLConnection.connect(DelegatingHttpsURLConnection.java:89)
02-11 16:53:07.396 13366-13596/? W/System.err:     at com.android.okhttp.internal.huc.HttpsURLConnectionImpl.connect(HttpsURLConnectionImpl.java:25)
02-11 16:53:07.396 13366-13596/? W/System.err:     at com.facebook.ads.redexgen.X.7h.A01(:16256)
02-11 16:53:07.396 13366-13596/? W/System.err:     at com.facebook.ads.redexgen.X.7h.A0I(:16429)
02-11 16:53:07.396 13366-13596/? W/System.err:     at com.facebook.ads.redexgen.X.Ez.A00(:24303)
02-11 16:53:07.396 13366-13596/? W/System.err:     at com.facebook.ads.redexgen.X.Ez.doInBackground(:24323)
02-11 16:53:07.396 13366-13596/? W/System.err:     at android.os.AsyncTask$2.call(AsyncTask.java:295)
02-11 16:53:07.396 13366-13596/? W/System.err:     at java.util.concurrent.FutureTask.run(FutureTask.java:237)
02-11 16:53:07.396 13366-13596/? W/System.err:     at java.util.concurrent.ThreadPoolExecutor.runWorker(ThreadPoolExecutor.java:1113)
02-11 16:53:07.396 13366-13596/? W/System.err:     at java.util.concurrent.ThreadPoolExecutor$Worker.run(ThreadPoolExecutor.java:588)
02-11 16:53:07.396 13366-13596/? W/System.err:     at java.lang.Thread.run(Thread.java:818)
02-11 16:53:07.396 13366-13596/? W/System.err: Caused by: android.system.GaiException: android_getaddrinfo failed: EAI_NODATA (No address associated with hostname)
02-11 16:53:07.396 13366-13596/? W/System.err:     at libcore.io.Posix.android_getaddrinfo(Native Method)
02-11 16:53:07.396 13366-13596/? W/System.err:     at libcore.io.ForwardingOs.android_getaddrinfo(ForwardingOs.java:55)
02-11 16:53:07.396 13366-13596/? W/System.err:     at java.net.InetAddress.lookupHostByName(InetAddress.java:451)
02-11 16:53:07.396 13366-13596/? W/System.err: 	... 23 more
02-11 16:53:07.506 2773-2787/? D/SensorService: SensorEventConnection::SocketBufferSize, SystemSocketBufferSize - 4096, 2097152
02-11 16:53:07.516 13366-13586/? D/SensorManager: registerListener :: 0, K2HH Acceleration , 200000, 0,  
02-11 16:53:07.541 2185-12597/? I/display: [PrimaryDisplay] [DYNAMIC_RECOMP] HWC_2_GLES by low FPS(0)
02-11 16:53:07.556 2773-3502/? I/PersonaManager: mKnoxInfo is empty
02-11 16:53:07.716 2185-2185/? I/display: [PrimaryDisplay] [DYNAMIC_RECOMP] first frame after HWC_2_GLES
02-11 16:53:07.716 2185-2185/? I/display: [PrimaryDisplay] [DYNAMIC_RECOMP] GLES_2_HWC by high FPS(5)
02-11 16:53:07.721 13366-13366/? D/SensorManager: unregisterListener ::   
02-11 16:53:08.046 2185-12597/? I/display: [PrimaryDisplay] [DYNAMIC_RECOMP] HWC_2_GLES by low FPS(0)
02-11 16:53:08.216 2185-2185/? I/display: [PrimaryDisplay] [DYNAMIC_RECOMP] first frame after HWC_2_GLES
02-11 16:53:08.216 2185-2185/? I/display: [PrimaryDisplay] [DYNAMIC_RECOMP] GLES_2_HWC by high FPS(5)
02-11 16:53:08.311 2773-2970/? D/InputReader: Input event(1): value=1 when=14680139749000
02-11 16:53:08.311 2773-2970/? D/InputReader: Input event(1): value=1 when=14680139749000
02-11 16:53:08.311 2773-2970/? I/InputReader: Touch event's action is 0x0 (deviceType=0) [pCnt=1, s=0.771 ] when=14680139749000
02-11 16:53:08.311 2773-2970/? D/InputReader: lastThreadEndTime = 14673993591681, currentThreadStartTime = 14673993596950, diff = 0
02-11 16:53:08.311 2773-2969/? I/InputDispatcher: Delivering touch to (3064): action: 0x4, toolType: 1
02-11 16:53:08.311 2773-2969/? I/InputDispatcher: Delivering touch to (13465): action: 0x0, toolType: 1
02-11 16:53:08.311 13465-13465/com.example.imageuploading__retrofit D/ViewRootImpl: ViewPostImeInputStage processPointer 0
02-11 16:53:08.341 2773-2970/? D/InputReader: Input event(1): value=0 when=14680174603000
02-11 16:53:08.341 2773-2970/? D/InputReader: Input event(1): value=0 when=14680174603000
02-11 16:53:08.341 2773-2970/? I/InputReader: Touch event's action is 0x1 (deviceType=0) [pCnt=1, s=] when=14680174603000
02-11 16:53:08.346 2773-2969/? I/InputDispatcher: Delivering touch to (13465): action: 0x1, toolType: 1
02-11 16:53:08.346 13465-13465/com.example.imageuploading__retrofit D/ViewRootImpl: ViewPostImeInputStage processPointer 1
02-11 16:53:08.346 2773-3481/? V/AudioService: AudioService playSoundEffect Type : 0, volume : -1.0
02-11 16:53:08.346 2773-3021/? V/AudioService: received MSG_PLAY_SOUND_EFFECT onPlaySoundEffect start
02-11 16:53:08.351 2198-2943/? I/APM::AudioPolicyManager: getSituationVolume: isBTConnected:0 isHeadConnected:0
02-11 16:53:08.351 13465-13465/com.example.imageuploading__retrofit I/Timeline: Timeline: Activity_launch_request id:com.example.imageuploading__retrofit time:14680184
02-11 16:53:08.356 2198-15804/? W/AudioPolicyIntefaceImpl: Skipped to add effects on session 358
02-11 16:53:08.356 2198-15804/? I/APM::AudioPolicyManager: startOutput() output 4, stream 1, session 358
02-11 16:53:08.356 2773-4111/? I/PersonaManager: mKnoxInfo is empty
02-11 16:53:08.361 2773-4111/? D/CustomFrequencyManagerService: acquireDVFSLockLocked : type : DVFS_MIN_LIMIT  frequency : 1105000  uid : 1000  pid : 2773  pkgName : ACTIVITY_RESUME_BOOSTER@7
02-11 16:53:08.361 2773-4111/? D/ActivityManager: mDVFSHelper.acquire()
02-11 16:53:08.361 2198-2565/? D/audio_hw_primary: out_set_parameters: enter: kvpairs: routing=2
02-11 16:53:08.361 2198-2565/? D/AudioFlinger: setCurDevice() 0x2
02-11 16:53:08.371 2773-4111/? V/WindowManager: addAppToken: AppWindowToken{463f3e4 token=Token{8d2b77 ActivityRecord{60f0976 u0 com.example.imageuploading__retrofit/com.gun0912.tedpermission.TedPermissionActivity t210}}} to stack=1 task=210 at 1
02-11 16:53:08.371 2773-4111/? D/ActivityTrigger: ActivityTrigger activityPauseTrigger 
02-11 16:53:08.376 2198-2565/? V/audio_hw_primary: start_output_stream+, out->device : 00000002 , out->type = 1
02-11 16:53:08.381 2773-4111/? D/InputDispatcher: Focused application set to: xxxx
02-11 16:53:08.381 2773-4111/? D/InputDispatcher: Focus left window: 13465
02-11 16:53:08.381 2773-2863/? D/PointerIcon: setMouseIconStyle1 pointerType: 1001 iconType:101 flag:0 pid:2773 uid:1000
02-11 16:53:08.381 2773-2863/? D/PointerIcon: setMouseCustomIcon IconType is same.101
02-11 16:53:08.401 2773-2773/? D/GameManagerService: NotifyRunnable. pkg: com.example.imageuploading__retrofit, type: 4, isMinimized: false, isTunableApp: false
02-11 16:53:08.401 2773-2773/? D/GameManagerService: unexpected mPrevNotiType: -1
02-11 16:53:08.401 2773-2830/? V/MARsPolicyManager: updatePackagesScore PackageInfo name -- com.example.imageuploading__retrofit
02-11 16:53:08.421 2198-2565/? D/audio_hw_primary: start_output_stream (0xb2aaca80) out->pcm_device:0 out->config.rate:48000 out->config.format:0 out->period_size:240
02-11 16:53:08.421 2198-2565/? D/audio_hw_primary: start_output_stream (0xb2aaca80) out->config.rate:48000 out->config.format:0 out->period_size:240
02-11 16:53:08.421 2198-2565/? V/audio_hw_primary: select_devices output_scenario:0 input_scenario:-1 out_snd_device 0x2 in_snd_device:0x0
02-11 16:53:08.421 2198-2565/? I/audio_route: > audio_route_reset :
02-11 16:53:08.421 2198-2565/? I/audio_route: > audio_route_apply_path : "media-speaker"
02-11 16:53:08.421 2198-2565/? V/audio_hw_primary: select_devices() output_route "media-speaker" 
02-11 16:53:08.421 2198-2565/? I/audio_route: > audio_route_apply_path : "gain-media-speaker"
02-11 16:53:08.421 2198-2565/? V/audio_hw_primary: select_devices() output_gain "gain-media-speaker" 
02-11 16:53:08.421 2198-2565/? I/audio_route: > audio_route_update_mixer : +
02-11 16:53:08.421 2198-2565/? I/audio_route: > audio_route_update_mixer : changed(0) -
02-11 16:53:08.421 2198-2565/? I/audio_hw_primary: select_devices - 
02-11 16:53:08.421 2198-2565/? V/audio_hw_primary: start_output_stream-
02-11 16:53:08.421 13465-13465/com.example.imageuploading__retrofit V/TedPermission: permissionResult(): null
02-11 16:53:08.426 2773-3480/? D/InputDispatcher: Focused application set to: xxxx
02-11 16:53:08.426 2773-3480/? D/InputDispatcher: Focus entered window: 13465
02-11 16:53:08.426 2773-3480/? D/ActivityTrigger: ActivityTrigger activityPauseTrigger 
02-11 16:53:08.426 2773-2863/? D/PointerIcon: setMouseIconStyle1 pointerType: 1001 iconType:101 flag:0 pid:2773 uid:1000
02-11 16:53:08.426 2773-2863/? D/PointerIcon: setMouseCustomIcon IconType is same.101
02-11 16:53:08.441 13465-13465/com.example.imageuploading__retrofit I/Timeline: Timeline: Activity_launch_request id:com.example.imageuploading__retrofit time:14680271
02-11 16:53:08.456 2773-3481/? I/PersonaManager: mKnoxInfo is empty
02-11 16:53:08.471 2773-3481/? D/CustomFrequencyManagerService: releaseDVFSLockLocked : Getting Lock type frm List : DVFS_MIN_LIMIT  frequency : 1105000  uid : 1000  pid : 2773  tag : ACTIVITY_RESUME_BOOSTER@7
02-11 16:53:08.471 2773-3481/? D/CustomFrequencyManagerService: acquireDVFSLockLocked : type : DVFS_MIN_LIMIT  frequency : 1105000  uid : 1000  pid : 2773  pkgName : ACTIVITY_RESUME_BOOSTER@7
02-11 16:53:08.471 2773-3481/? D/ActivityManager: mDVFSHelper.acquire()
02-11 16:53:08.476 2773-3481/? V/WindowManager: addAppToken: AppWindowToken{f1f0813 token=Token{fda4702 ActivityRecord{936804d u0 com.example.imageuploading__retrofit/net.alhazmy13.mediapicker.Image.ImageActivity t210}}} to stack=1 task=210 at 2
02-11 16:53:08.481 2773-3481/? D/InputDispatcher: Focused application set to: xxxx
02-11 16:53:08.481 2773-3481/? D/InputDispatcher: Focus left window: 13465
02-11 16:53:08.481 2773-2863/? D/PointerIcon: setMouseIconStyle1 pointerType: 1001 iconType:101 flag:0 pid:2773 uid:1000
02-11 16:53:08.481 2773-2863/? D/PointerIcon: setMouseCustomIcon IconType is same.101
02-11 16:53:08.486 2773-2952/? D/InputMethodManagerService: windowGainedFocus mCurrentFocusedUserId - 0 and mSecureKeypadEnabled-false
02-11 16:53:08.486 2773-2952/? W/InputMethodManagerService: Window already focused, ignoring focus gain of: com.android.internal.view.IInputMethodClient$Stub$Proxy@65e6a50 attribute=null, token = android.os.BinderProxy@29e6ae1
02-11 16:53:08.486 2773-2952/? D/InputMethodManagerService: [HARDWARE_KEYBOARD] (refreshImeWindowVis) mImeWindowVis= 3 inputVisible = truehaveHardKeyboard = false hardKeyShown = false
02-11 16:53:08.491 2773-2773/? D/GameManagerService: NotifyRunnable. pkg: com.example.imageuploading__retrofit, type: 4, isMinimized: false, isTunableApp: false
02-11 16:53:08.491 2773-2773/? D/GameManagerService: unexpected mPrevNotiType: -1
02-11 16:53:08.491 2773-2830/? V/MARsPolicyManager: updatePackagesScore PackageInfo name -- com.example.imageuploading__retrofit
02-11 16:53:08.516 13465-13465/com.example.imageuploading__retrofit D/Utility: createFolder: true
02-11 16:53:08.531 3064-3329/? D/NetworkController.MobileSignalController(0/2147483643): onSignalStrengthsChanged signalStrength=SignalStrength: 19 99 -19 -200 -19 -200 -1 99 2147483647 2147483647 2147483647 2147483647 2147483647 0x4 gsm|lte level=4
02-11 16:53:08.531 3064-3329/? D/NetworkController.MobileSignalController(0/2147483643): getMobileIconGroup(): 0
02-11 16:53:08.556 13465-13465/com.example.imageuploading__retrofit D/TextView: setTypeface with style : 0
02-11 16:53:08.566 13465-13465/com.example.imageuploading__retrofit D/TextView: setTypeface with style : 0
02-11 16:53:08.571 13465-13465/com.example.imageuploading__retrofit D/TextView: setTypeface with style : 0
02-11 16:53:08.576 13465-13465/com.example.imageuploading__retrofit D/TextView: setTypeface with style : 0
02-11 16:53:08.581 13465-13465/com.example.imageuploading__retrofit D/ViewRootImpl: #1 mView = com.android.internal.policy.PhoneWindow$DecorView{f9d94e7 V.E...... R.....I. 0,0-0,0}
02-11 16:53:08.581 2773-2832/? D/StatusBarManagerService: manageDisableList userId=0 what=0x0 pkg=Window{329d14e u0 d0 p13465 com.example.imageuploading__retrofit/net.alhazmy13.mediapicker.Image.ImageActivity}
02-11 16:53:08.586 2773-3480/? D/InputDispatcher: Focus entered window: 13465
02-11 16:53:08.586 3064-3064/? D/PhoneStatusBar: setSystemUiVisibility vis=8000 mask=ffffffff oldVal=8600 newVal=8000 diff=600
02-11 16:53:08.586 2773-2863/? D/PointerIcon: setMouseIconStyle1 pointerType: 1001 iconType:101 flag:0 pid:2773 uid:1000
02-11 16:53:08.586 2773-2863/? D/PointerIcon: setMouseCustomIcon IconType is same.101
02-11 16:53:08.586 13465-13465/com.example.imageuploading__retrofit D/ImagePicker: ImageConfig{extension=JPG, compressLevel=SOFT, mode=CAMERA_AND_GALLERY, directory='/storage/emulated/0/mediapicker/images/', reqHeight=0, reqWidth=0, allowMultiple=true, isImgFromCamera=false, allowOnlineImages=false, debug=true}
02-11 16:53:08.606 13465-13465/com.example.imageuploading__retrofit D/ViewRootImpl: #1 mView = com.android.internal.policy.PhoneWindow$DecorView{bc42f71 I.E...... R.....I. 0,0-0,0}
02-11 16:53:08.616 2185-2185/? I/SurfaceFlinger: id=476 createSurf (129x129),1 flag=4, JmageActivi
02-11 16:53:08.646 13465-13494/com.example.imageuploading__retrofit D/mali_winsys: new_window_surface returns 0x3000,  [796x415]-format:1
02-11 16:53:08.651 2185-2185/? I/SurfaceFlinger: id=477 createSurf (720x1280),1 flag=4, JmageActivi
02-11 16:53:08.661 13465-13494/com.example.imageuploading__retrofit D/mali_winsys: new_window_surface returns 0x3000,  [720x1280]-format:1
02-11 16:53:08.666 2198-2548/? I/APM::AudioPolicyManager: stopOutput() output 4, stream 1, session 358
02-11 16:53:08.691 2773-3263/? V/WindowStateAnimator: Finishing drawing window Window{329d14e u0 d0 p13465 com.example.imageuploading__retrofit/net.alhazmy13.mediapicker.Image.ImageActivity}: mDrawState=DRAW_PENDING
02-11 16:53:08.701 2185-2185/? D/libEGL: eglInitialize EGLDisplay = 0xbecba464
02-11 16:53:08.706 2773-3915/? V/WindowStateAnimator: Finishing drawing window Window{747db7c u0 d0 p13465 com.example.imageuploading__retrofit/net.alhazmy13.mediapicker.Image.ImageActivity}: mDrawState=DRAW_PENDING
02-11 16:53:08.706 13465-13465/com.example.imageuploading__retrofit D/ViewRootImpl: MSG_RESIZED_REPORT: ci=Rect(0, 0 - 0, 0) vi=Rect(0, 0 - 0, 0) or=1
02-11 16:53:08.706 13465-13465/com.example.imageuploading__retrofit D/ViewRootImpl: MSG_RESIZED_REPORT: ci=Rect(0, 48 - 0, 0) vi=Rect(0, 48 - 0, 0) or=1
02-11 16:53:08.716 2773-2863/? I/ActivityManager: Displayed com.example.imageuploading__retrofit/net.alhazmy13.mediapicker.Image.ImageActivity: +226ms (total +315ms)
02-11 16:53:08.716 2185-2185/? D/libEGL: eglInitialize EGLDisplay = 0xbecba464
02-11 16:53:08.721 2773-3502/? V/WindowStateAnimator: Finishing drawing window Window{329d14e u0 d0 p13465 com.example.imageuploading__retrofit/net.alhazmy13.mediapicker.Image.ImageActivity}: mDrawState=HAS_DRAWN
02-11 16:53:08.726 2773-3481/? V/WindowStateAnimator: Finishing drawing window Window{747db7c u0 d0 p13465 com.example.imageuploading__retrofit/net.alhazmy13.mediapicker.Image.ImageActivity}: mDrawState=HAS_DRAWN
02-11 16:53:08.726 13465-13465/com.example.imageuploading__retrofit D/ViewRootImpl: MSG_RESIZED: ci=Rect(0, 48 - 0, 0) vi=Rect(0, 48 - 0, 500) or=1
02-11 16:53:08.731 13465-13465/com.example.imageuploading__retrofit I/Timeline: Timeline: Activity_idle id: android.os.BinderProxy@cf5d68a time:14680563
02-11 16:53:08.731 2773-2863/? V/WindowManager: Dim Duration=150
02-11 16:53:08.731 2185-2185/? D/libEGL: eglInitialize EGLDisplay = 0xbecba464
02-11 16:53:08.886 2773-2863/? D/CustomFrequencyManagerService: releaseDVFSLockLocked : Getting Lock type frm List : DVFS_MIN_LIMIT  frequency : 1105000  uid : 1000  pid : 2773  tag : ACTIVITY_RESUME_BOOSTER@7
02-11 16:53:08.886 2773-2863/? D/ActivityManager: mDVFSHelper.release()
02-11 16:53:08.886 2773-2863/? I/Timeline: Timeline: Activity_windows_visible id: ActivityRecord{936804d u0 com.example.imageuploading__retrofit/net.alhazmy13.mediapicker.Image.ImageActivity t210} time:14680716
02-11 16:53:08.886 2773-2830/? D/ActivityTrigger: ActivityTrigger activityStopTrigger 
02-11 16:53:08.886 2773-2830/? D/CustomFrequencyManagerService: acquireDVFSLockLocked : type : DVFS_MIN_LIMIT  frequency : 1105000  uid : 1000  pid : 2773  pkgName : ACTIVITY_RESUME_BOOSTER@15
02-11 16:53:08.891 13465-13465/com.example.imageuploading__retrofit V/ActivityThread: updateVisibility : ActivityRecord{9d2ace2 token=android.os.BinderProxy@3eafbbd {com.example.imageuploading__retrofit/com.example.imageuploading__retrofit.MainActivity}} show : true
02-11 16:53:09.361 2773-2970/? D/InputReader: Input event(1): value=1 when=14681189446000
02-11 16:53:09.361 2773-2970/? D/InputReader: Input event(1): value=1 when=14681189446000
02-11 16:53:09.361 2773-2970/? I/InputReader: Touch event's action is 0x0 (deviceType=0) [pCnt=1, s=0.772 ] when=14681189446000
02-11 16:53:09.361 2773-2970/? D/InputReader: lastThreadEndTime = 14680174964720, currentThreadStartTime = 14680174972335, diff = 0
02-11 16:53:09.361 2773-2969/? I/InputDispatcher: Delivering touch to (3064): action: 0x4, toolType: 1
02-11 16:53:09.361 2773-2969/? I/InputDispatcher: Delivering touch to (13465): action: 0x0, toolType: 1
02-11 16:53:09.361 13465-13465/com.example.imageuploading__retrofit D/ViewRootImpl: ViewPostImeInputStage processPointer 0
02-11 16:53:09.381 2185-2185/? D/libEGL: eglInitialize EGLDisplay = 0xbecba464
02-11 16:53:09.381 2185-2185/? I/display: [PrimaryDisplay] [DYNAMIC_RECOMP] HWC_2_GLES by low FPS(3)
02-11 16:53:09.391 2773-2970/? D/InputReader: Input event(1): value=0 when=14681224665000
02-11 16:53:09.391 2773-2970/? D/InputReader: Input event(1): value=0 when=14681224665000
02-11 16:53:09.391 2773-2970/? I/InputReader: Touch event's action is 0x1 (deviceType=0) [pCnt=1, s=] when=14681224665000
02-11 16:53:09.396 2773-2969/? I/InputDispatcher: Delivering touch to (13465): action: 0x1, toolType: 1
02-11 16:53:09.396 13465-13465/com.example.imageuploading__retrofit D/ViewRootImpl: ViewPostImeInputStage processPointer 1
02-11 16:53:09.396 2773-3893/? V/AudioService: AudioService playSoundEffect Type : 0, volume : -1.0
02-11 16:53:09.396 2773-3021/? V/AudioService: received MSG_PLAY_SOUND_EFFECT onPlaySoundEffect start
02-11 16:53:09.396 13465-13465/com.example.imageuploading__retrofit D/ImagePicker: Alert Dialog - Start From Gallery
02-11 16:53:09.396 2198-2943/? I/APM::AudioPolicyManager: getSituationVolume: isBTConnected:0 isHeadConnected:0
02-11 16:53:09.396 2185-2185/? I/display: [PrimaryDisplay] [DYNAMIC_RECOMP] first frame after HWC_2_GLES
02-11 16:53:09.396 2185-2185/? I/display: [PrimaryDisplay] [DYNAMIC_RECOMP] GLES_2_HWC by high FPS(5)
02-11 16:53:09.401 2773-3894/? I/PersonaManager: mKnoxInfo is empty
02-11 16:53:09.401 2198-2943/? W/AudioPolicyIntefaceImpl: Skipped to add effects on session 359
02-11 16:53:09.401 2198-2943/? I/APM::AudioPolicyManager: startOutput() output 4, stream 1, session 359
02-11 16:53:09.406 2773-3894/? D/CustomFrequencyManagerService: acquireDVFSLockLocked : type : DVFS_MIN_LIMIT  frequency : 1105000  uid : 1000  pid : 2773  pkgName : ACTIVITY_RESUME_BOOSTER@7
02-11 16:53:09.406 2773-3894/? D/ActivityManager: mDVFSHelper.acquire()
02-11 16:53:09.406 2198-2565/? D/audio_hw_primary: out_set_parameters: enter: kvpairs: routing=2
02-11 16:53:09.406 2198-2565/? I/audio_hw_primary: out_set_parameters adev->out_device:2
02-11 16:53:09.406 2198-2565/? V/audio_hw_primary: select_devices output_scenario:0 input_scenario:-1 out_snd_device 0x2 in_snd_device:0x0
02-11 16:53:09.406 2198-2565/? I/audio_hw_primary: select_devices - do not update mixer_path
02-11 16:53:09.406 2198-2565/? D/AudioFlinger: setCurDevice() 0x2
02-11 16:53:09.411 2773-3894/? V/WindowManager: addAppToken: AppWindowToken{c80c381 token=Token{4f53368 ActivityRecord{d8d668b u0 android/com.android.internal.app.ChooserActivity t210}}} to stack=1 task=210 at 2
02-11 16:53:09.411 2773-3894/? D/ActivityTrigger: ActivityTrigger activityPauseTrigger 
02-11 16:53:09.416 2773-3894/? D/InputDispatcher: Focused application set to: xxxx
02-11 16:53:09.416 2773-2832/? D/StatusBarManagerService: manageDisableList userId=0 what=0x0 pkg=Window{747db7c u0 d0 p13465 com.example.imageuploading__retrofit/net.alhazmy13.mediapicker.Image.ImageActivity}
02-11 16:53:09.416 2773-3894/? D/InputDispatcher: Focus left window: 13465
02-11 16:53:09.421 2773-2863/? D/PointerIcon: setMouseIconStyle1 pointerType: 1001 iconType:101 flag:0 pid:2773 uid:1000
02-11 16:53:09.421 2773-2863/? D/PointerIcon: setMouseCustomIcon IconType is same.101
02-11 16:53:09.421 3064-3064/? D/PhoneStatusBar: setSystemUiVisibility vis=8600 mask=ffffffff oldVal=8000 newVal=8600 diff=600
02-11 16:53:09.421 13465-13465/com.example.imageuploading__retrofit D/ImagePicker: Gallery Start with Multiple Images mode
02-11 16:53:09.421 2185-2238/? D/libEGL: eglTerminate EGLDisplay = 0xb6841624
02-11 16:53:09.421 2185-2238/? D/libEGL: eglTerminate EGLDisplay = 0xb6841624
02-11 16:53:09.421 13465-13465/com.example.imageuploading__retrofit D/ViewRootImpl: #3 mView = null
02-11 16:53:09.431 2773-2952/? D/MountService: getExternalStorageMountMode : 1
02-11 16:53:09.431 2773-2952/? D/MountService: getExternalStorageMountMode : 3
02-11 16:53:09.431 2773-2952/? D/MountService: getExternalStorageMountMode : final mountMode=1, uid : 1000, packageName : android
02-11 16:53:09.446 2773-2952/? I/ActivityManager: Start proc 13607:android:ui/1000 for activity android/com.android.internal.app.ChooserActivity
02-11 16:53:09.446 13465-13465/com.example.imageuploading__retrofit E/ViewRootImpl: sendUserActionEvent() mView == null
02-11 16:53:09.446 13607-13607/? E/Zygote: no v2
02-11 16:53:09.446 13607-13607/? I/SELinux: Function: selinux_compare_spd_ram, index[1], SPD-policy is existed. and_ver=SEPF_SM-G550FY_5.1.1 ver=51
02-11 16:53:09.446 13607-13607/? W/SELinux: Function: selinux_compare_spd_ram, index[1], priority [2], priority version is VE=SEPF_SECMOBILE_6.0.1_0035
02-11 16:53:09.491 13607-13607/? D/TimaKeyStoreProvider: TimaSignature is unavailable
02-11 16:53:09.491 13607-13607/? D/ActivityThread: Added TimaKeyStore provider
02-11 16:53:09.496 2198-2548/? I/APM::AudioPolicyManager: stopOutput() output 4, stream 1, session 359
02-11 16:53:09.496 2773-4111/? D/ActivityManager:  Launching android, updated priority
02-11 16:53:09.501 2773-2773/? D/GameManagerService: NotifyRunnable. pkg: android, type: 4, isMinimized: false, isTunableApp: false
02-11 16:53:09.501 2773-2773/? D/GameManagerService: unexpected mPrevNotiType: -1
02-11 16:53:09.501 2773-2830/? V/MARsPolicyManager: updatePackagesScore PackageInfo name -- android
02-11 16:53:09.506 2773-6121/? D/GameManagerService: identifyGamePackage. android
02-11 16:53:09.506 2773-6121/? D/GameManagerService: GameService is not exist
02-11 16:53:09.506 2773-6121/? D/GameManagerService: identifyGamePackage. android
02-11 16:53:09.506 2773-6121/? D/GameManagerService: GameService is not exist
02-11 16:53:09.506 2773-6121/? D/GameManagerService: identifyGamePackage. android
02-11 16:53:09.506 2773-6121/? D/GameManagerService: GameService is not exist
02-11 16:53:09.536 13607-13619/? W/ResourceType: No known package when getting value for resource number 0x7f030000
02-11 16:53:09.541 13607-13619/? E/Resources: RunTimeException
    android.content.res.Resources$NotFoundException: Resource ID #0x7f030000
        at android.content.res.Resources.getValue(Resources.java:2598)
        at android.content.res.Resources.startRC(Resources.java:1132)
        at android.app.ActivityThread$mRunnable.run(ActivityThread.java:3105)
        at java.lang.Thread.run(Thread.java:818)
02-11 16:53:09.546 2773-3893/? D/SecContentProvider: query(), uri = 17 selection = isShareListAllowed
02-11 16:53:09.546 13607-13607/? D/ResolverActivity: onCreate(): isShareListAllowed(true)
02-11 16:53:09.551 13607-13607/? W/ResolverActivity: mLaunchedFromPackage=com.example.imageuploading__retrofit
02-11 16:53:09.566 2773-3148/? I/PersonaManager: mKnoxInfo is empty
02-11 16:53:09.566 2773-3148/? D/PackageManager: getLastChosenActivity for 0
02-11 16:53:09.576 13607-13607/? I/PersonaManager: mKnoxInfo is empty
02-11 16:53:09.576 13607-13607/? I/PersonaManager: mKnoxInfo is empty
02-11 16:53:09.576 13607-13607/? I/PersonaManager: mKnoxInfo is empty
02-11 16:53:09.586 13607-13607/? D/EasySignUpManager_1.0.6: userSerialNumber = 0
02-11 16:53:09.586 2773-3893/? D/MountService: getExternalStorageMountMode : 3
02-11 16:53:09.586 2773-3893/? D/MountService: getExternalStorageMountMode : 3
02-11 16:53:09.586 2773-3893/? D/MountService: getExternalStorageMountMode : final mountMode=3, uid : 5011, packageName : com.samsung.android.coreapps
02-11 16:53:09.586 2209-13611/? I/art: Starting a blocking GC HeapTrim
02-11 16:53:09.596 13622-13622/? E/Zygote: no v2
02-11 16:53:09.601 13622-13622/? I/SELinux: Function: selinux_compare_spd_ram, index[1], SPD-policy is existed. and_ver=SEPF_SM-G550FY_5.1.1 ver=51
02-11 16:53:09.601 13622-13622/? W/SELinux: Function: selinux_compare_spd_ram, index[1], priority [2], priority version is VE=SEPF_SECMOBILE_6.0.1_0035
02-11 16:53:09.601 2185-2238/? I/SurfaceFlinger: id=476 Removed JmageActivi (7/10)
02-11 16:53:09.601 2185-2238/? I/SurfaceFlinger: id=476 Removed JmageActivi (-2/10)
02-11 16:53:09.601 13622-13622/? W/SELinux: SELinux: seapp_context_lookup: seinfo=platform, level=s0:c512,c768, pkgname=com.samsung.android.coreapps 
02-11 16:53:09.606 2773-3893/? I/ActivityManager: Start proc 13622:com.samsung.android.coreapps/5011 for content provider com.samsung.android.coreapps/.easysignup.db.EasySignUpProviderPublic
02-11 16:53:09.616 2185-2185/? D/libEGL: eglTerminate EGLDisplay = 0xbecba4e4
02-11 16:53:09.631 13622-13622/? D/TimaKeyStoreProvider: TimaSignature is unavailable
02-11 16:53:09.631 13622-13622/? D/ActivityThread: Added TimaKeyStore provider
02-11 16:53:09.666 13622-13622/? W/System: ClassLoader referenced unknown path: /system/app/CoreApps/lib/arm
02-11 16:53:09.691 13622-13622/? D/CoreApps: SEC_LOG - true
02-11 16:53:09.766 2773-3480/? I/PersonaManager: mKnoxInfo is empty
02-11 16:53:09.776 13622-13622/? E/GooglePlayServicesUtil: The Google Play services resources were not found. Check your project configuration to ensure that the resources are included.
02-11 16:53:09.781 2773-3915/? I/PersonaManager: mKnoxInfo is empty
02-11 16:53:09.786 13607-13607/? D/EasySignUpManager_1.0.6: serviceId : 2, features : 1
02-11 16:53:09.786 13607-13607/? D/SShareCommon: checkSimpleShareSupport = 1
02-11 16:53:09.791 13607-13607/? D/SShareCommon: featureEnable = true intentSupport = false knoxMode = false emergencyMode = false forceDisable = false
02-11 16:53:09.796 2773-3480/? I/PersonaManager: mKnoxInfo is empty
02-11 16:53:09.801 2773-3849/? I/PersonaManager: mKnoxInfo is empty
02-11 16:53:09.806 2773-3849/? D/CustomFrequencyManagerService: releaseDVFSLockLocked : Getting Lock type frm List : DVFS_MIN_LIMIT  frequency : 1105000  uid : 1000  pid : 2773  tag : ACTIVITY_RESUME_BOOSTER@7
02-11 16:53:09.806 2773-3849/? D/CustomFrequencyManagerService: acquireDVFSLockLocked : type : DVFS_MIN_LIMIT  frequency : 1105000  uid : 1000  pid : 2773  pkgName : ACTIVITY_RESUME_BOOSTER@7
02-11 16:53:09.806 2773-3849/? D/CustomFrequencyManagerService: FrequencyrequestList.getNextCStateDisableRequest, index: 0
02-11 16:53:09.806 2773-3849/? D/ActivityManager: mDVFSHelper.acquire()
02-11 16:53:09.811 2773-3849/? V/WindowManager: addAppToken: AppWindowToken{88f3444 token=Token{f15b157 ActivityRecord{3b07ad6 u0 com.android.documentsui/.DocumentsActivity t210}}} to stack=1 task=210 at 3
02-11 16:53:09.816 2773-3849/? D/ActivityTrigger: ActivityTrigger activityPauseTrigger 
02-11 16:53:09.821 2773-3849/? D/InputDispatcher: Focused application set to: xxxx
02-11 16:53:09.826 2773-2863/? D/ViewRootImpl: #1 mView = com.android.internal.policy.PhoneWindow$DecorView{69c0eae V.E...... R.....ID 0,0-0,0}
02-11 16:53:09.831 2185-2185/? I/SurfaceFlinger: id=478 createSurf (1x1),1 flag=404, eocumentsui
02-11 16:53:09.831 2773-3894/? I/ActivityManager: Killing 12710:com.sec.android.app.clockpackage/u0a60 (adj 15): DHA:empty #25
02-11 16:53:09.851 2773-2863/? D/ViewRootImpl: MSG_RESIZED_REPORT: ci=Rect(0, 48 - 0, 0) vi=Rect(0, 48 - 0, 0) or=1
02-11 16:53:09.856 2773-3915/? D/MountService: getExternalStorageMountMode : 1
02-11 16:53:09.856 2773-3915/? D/MountService: getExternalStorageMountMode : 3
02-11 16:53:09.856 2773-3915/? D/MountService: getExternalStorageMountMode : final mountMode=1, uid : 10064, packageName : com.android.documentsui
02-11 16:53:09.866 13646-13646/? E/Zygote: no v2
02-11 16:53:09.866 13646-13646/? I/SELinux: Function: selinux_compare_spd_ram, index[1], SPD-policy is existed. and_ver=SEPF_SM-G550FY_5.1.1 ver=51
02-11 16:53:09.866 13646-13646/? W/SELinux: Function: selinux_compare_spd_ram, index[1], priority [2], priority version is VE=SEPF_SECMOBILE_6.0.1_0035
02-11 16:53:09.871 2773-2863/? V/WindowStateAnimator: Finishing drawing window Window{cec7dc u0 d0 p2773 Starting com.android.documentsui}: mDrawState=DRAW_PENDING
02-11 16:53:09.871 2773-3915/? I/ActivityManager: Start proc 13646:com.android.documentsui/u0a64 for activity com.android.documentsui/.DocumentsActivity
02-11 16:53:09.871 13646-13646/? W/SELinux: SELinux: seapp_context_lookup: seinfo=platform, level=s0:c512,c768, pkgname=com.android.documentsui 
02-11 16:53:09.876 2773-3148/? I/PersonaManager: mKnoxInfo is empty
02-11 16:53:09.881 2185-2185/? D/libEGL: eglInitialize EGLDisplay = 0xbecba464
02-11 16:53:09.881 2773-3849/? D/ActivityManager: cleanUpApplicationRecord -- 12710
02-11 16:53:09.881 2773-3849/? D/ActivityManager: removeProcessNameLocked mProcessNames.remove pid=12710 ,hash=21524241 ,name=com.sec.android.app.clockpackage
02-11 16:53:09.886 2773-3002/? I/PersonaManager: mKnoxInfo is empty
02-11 16:53:09.891 2773-2773/? D/CustomFrequencyManagerService: releaseDVFSLockLocked : Getting Lock type frm List : DVFS_MIN_LIMIT  frequency : 1105000  uid : 1000  pid : 2773  tag : ACTIVITY_RESUME_BOOSTER@15
02-11 16:53:09.901 2773-2787/? I/PersonaManager: mKnoxInfo is empty
02-11 16:53:09.911 13646-13646/? D/TimaKeyStoreProvider: TimaSignature is unavailable
02-11 16:53:09.911 13646-13646/? D/ActivityThread: Added TimaKeyStore provider
02-11 16:53:09.916 2773-3148/? D/ActivityManager:  Launching com.android.documentsui, updated priority
02-11 16:53:09.921 13465-13465/com.example.imageuploading__retrofit V/ActivityThread: updateVisibility : ActivityRecord{9d2ace2 token=android.os.BinderProxy@3eafbbd {com.example.imageuploading__retrofit/com.example.imageuploading__retrofit.MainActivity}} show : false
02-11 16:53:09.926 2773-2773/? D/GameManagerService: NotifyRunnable. pkg: com.android.documentsui, type: 4, isMinimized: false, isTunableApp: false
02-11 16:53:09.926 2773-2773/? D/GameManagerService: unexpected mPrevNotiType: -1
02-11 16:53:09.931 2185-3042/? D/libEGL: eglTerminate EGLDisplay = 0xb3a7f624
02-11 16:53:09.931 2185-3042/? D/libEGL: eglTerminate EGLDisplay = 0xb3a7f624
02-11 16:53:09.941 2773-2863/? D/ViewRootImpl: MSG_RESIZED: ci=Rect(0, 48 - 0, 0) vi=Rect(0, 48 - 0, 500) or=1
02-11 16:53:09.941 2773-2830/? I/ActivityManager: Killing 12728:com.android.chrome/u0a58 (adj 15): DHA:empty #25
02-11 16:53:09.946 2773-2830/? V/MARsPolicyManager: updatePackagesScore PackageInfo name -- com.android.documentsui
02-11 16:53:09.951 2773-6121/? D/GameManagerService: identifyGamePackage. com.android.documentsui
02-11 16:53:09.951 2773-6121/? D/GameManagerService: GameService is not exist
02-11 16:53:09.951 2773-2832/? D/StatusBarManagerService: manageDisableList userId=0 what=0x0 pkg=Window{cec7dc u0 d0 p2773 Starting com.android.documentsui}
02-11 16:53:09.951 2773-6121/? D/GameManagerService: identifyGamePackage. com.android.documentsui
02-11 16:53:09.951 2773-6121/? D/GameManagerService: GameService is not exist
02-11 16:53:09.951 2773-6121/? D/GameManagerService: identifyGamePackage. com.android.documentsui
02-11 16:53:09.951 2773-6121/? D/GameManagerService: GameService is not exist
02-11 16:53:09.961 13646-13646/? W/System: ClassLoader referenced unknown path: /system/app/DocumentsUI/lib/arm
02-11 16:53:09.986 2773-3502/? D/ActivityManager: cleanUpApplicationRecord -- 12728
02-11 16:53:09.986 2773-3502/? D/ActivityManager: removeProcessNameLocked mProcessNames.remove pid=12728 ,hash=76360556 ,name=com.android.chrome
02-11 16:53:10.001 2773-4113/? D/MountService: getExternalStorageMountMode : 1
02-11 16:53:10.001 2773-4113/? D/MountService: getExternalStorageMountMode : 3
02-11 16:53:10.001 2773-4113/? D/MountService: getExternalStorageMountMode : final mountMode=1, uid : 10003, packageName : com.android.externalstorage
02-11 16:53:10.016 13661-13661/? E/Zygote: no v2
02-11 16:53:10.016 13661-13661/? I/SELinux: Function: selinux_compare_spd_ram, index[1], SPD-policy is existed. and_ver=SEPF_SM-G550FY_5.1.1 ver=51
02-11 16:53:10.016 13661-13661/? W/SELinux: Function: selinux_compare_spd_ram, index[1], priority [2], priority version is VE=SEPF_SECMOBILE_6.0.1_0035
02-11 16:53:10.016 2773-4113/? I/ActivityManager: Start proc 13661:com.android.externalstorage/u0a3 for content provider com.android.externalstorage/.ExternalStorageProvider
02-11 16:53:10.021 13661-13661/? W/SELinux: SELinux: seapp_context_lookup: seinfo=platform, level=s0:c512,c768, pkgname=com.android.externalstorage 
02-11 16:53:10.046 13661-13661/? D/TimaKeyStoreProvider: TimaSignature is unavailable
02-11 16:53:10.051 13661-13661/? D/ActivityThread: Added TimaKeyStore provider
02-11 16:53:10.076 13661-13661/? W/System: ClassLoader referenced unknown path: /system/priv-app/ExternalStorageProvider/lib/arm
02-11 16:53:10.086 13661-13661/? D/VolumeInfo: VolumeInfo from Parcel: id private ,type 1 ,disk null
02-11 16:53:10.086 13661-13661/? D/VolumeInfo: VolumeInfo from Parcel: id emulated ,type 2 ,disk null
02-11 16:53:10.086 13661-13661/? D/ExternalStorage: After updating volumes, found 1 active roots
02-11 16:53:10.116 13646-13646/? D/AbsListView: Get MotionRecognitionManager
02-11 16:53:10.121 13646-13646/? E/MotionRecognitionManager: mSContextService = null
02-11 16:53:10.126 13646-13646/? E/MotionRecognitionManager: motionService = null
02-11 16:53:10.151 2773-3893/? D/MountService: getExternalStorageMountMode : 1
02-11 16:53:10.151 2773-3893/? D/MountService: getExternalStorageMountMode : 3
02-11 16:53:10.151 2773-3893/? D/MountService: getExternalStorageMountMode : final mountMode=1, uid : 2000, packageName : com.android.shell
02-11 16:53:10.161 13646-13646/? D/ViewRootImpl: #1 mView = com.android.internal.policy.PhoneWindow$DecorView{d503c25 I.E...... R.....ID 0,0-0,0}
02-11 16:53:10.166 13677-13677/? E/Zygote: no v2
02-11 16:53:10.166 2773-3893/? I/ActivityManager: Start proc 13677:com.android.shell/2000 for content provider com.android.shell/.BugreportStorageProvider
02-11 16:53:10.166 13677-13677/? I/SELinux: Function: selinux_compare_spd_ram, index[1], SPD-policy is existed. and_ver=SEPF_SM-G550FY_5.1.1 ver=51
02-11 16:53:10.166 2185-14871/? I/SurfaceFlinger: id=474 Removed NainActivit (3/10)
02-11 16:53:10.166 2185-4734/? I/SurfaceFlinger: id=477 Removed JmageActivi (3/9)
02-11 16:53:10.166 2185-4734/? I/SurfaceFlinger: id=474 Removed NainActivit (-2/9)
02-11 16:53:10.166 13677-13677/? W/SELinux: Function: selinux_compare_spd_ram, index[1], priority [2], priority version is VE=SEPF_SECMOBILE_6.0.1_0035
02-11 16:53:10.166 2185-14871/? I/SurfaceFlinger: id=477 Removed JmageActivi (-2/9)
02-11 16:53:10.171 13646-13676/? D/OpenGLRenderer: Use EGL_SWAP_BEHAVIOR_PRESERVED: false
02-11 16:53:10.181 2185-2185/? D/libEGL: eglTerminate EGLDisplay = 0xbecba4e4
02-11 16:53:10.181 2185-2185/? D/libEGL: eglTerminate EGLDisplay = 0xbecba4e4
02-11 16:53:10.181 2185-2185/? W/SurfaceFlinger: couldn't log to binary event log: overflow.
02-11 16:53:10.181 2773-2787/? I/ActivityManager: Killing 12635:com.sec.android.app.soundalive/u0a37 (adj 15): DHA:empty #25
02-11 16:53:10.206 2185-2185/? I/SurfaceFlinger: id=479 createSurf (1x1),1 flag=404, EocumentsAc
02-11 16:53:10.206 13677-13677/? D/TimaKeyStoreProvider: TimaSignature is unavailable
02-11 16:53:10.206 13677-13677/? D/ActivityThread: Added TimaKeyStore provider
02-11 16:53:10.216 2773-3148/? D/InputDispatcher: Focus entered window: 13646
02-11 16:53:10.216 2773-2863/? D/PointerIcon: setMouseIconStyle1 pointerType: 1001 iconType:101 flag:0 pid:2773 uid:1000
02-11 16:53:10.216 2773-2863/? D/PointerIcon: setMouseCustomIcon IconType is same.101
02-11 16:53:10.226 13646-13676/? D/libEGL: eglInitialize EGLDisplay = 0xa157a7cc
02-11 16:53:10.226 13646-13676/? I/OpenGLRenderer: Initialized EGL, version 1.4
02-11 16:53:10.236 2773-2786/? D/ActivityManager: cleanUpApplicationRecord -- 12635
02-11 16:53:10.236 2773-2786/? D/ActivityManager: removeProcessNameLocked mProcessNames.remove pid=12635 ,hash=60343022 ,name=com.sec.android.app.soundalive
02-11 16:53:10.236 13677-13677/? W/System: ClassLoader referenced unknown path: /system/priv-app/Shell/lib/arm
02-11 16:53:10.236 13646-13676/? D/mali_winsys: new_window_surface returns 0x3000,  [720x1280]-format:1
02-11 16:53:10.241 13646-13646/? D/AbsListView:  onsize change 
02-11 16:53:10.266 2773-3849/? D/MountService: getExternalStorageMountMode : 3
02-11 16:53:10.266 2773-3849/? D/MountService: getExternalStorageMountMode : 3
02-11 16:53:10.266 2773-3849/? D/MountService: getExternalStorageMountMode : final mountMode=3, uid : 10065, packageName : com.google.android.apps.docs
02-11 16:53:10.276 13699-13699/? E/Zygote: no v2
02-11 16:53:10.276 13699-13699/? I/SELinux: Function: selinux_compare_spd_ram, index[1], SPD-policy is existed. and_ver=SEPF_SM-G550FY_5.1.1 ver=51
02-11 16:53:10.276 13699-13699/? W/SELinux: Function: selinux_compare_spd_ram, index[1], priority [2], priority version is VE=SEPF_SECMOBILE_6.0.1_0035
02-11 16:53:10.281 2773-3849/? I/ActivityManager: Start proc 13699:com.google.android.apps.docs/u0a65 for content provider com.google.android.apps.docs/.storagebackend.StorageBackendContentProvider
02-11 16:53:10.281 13699-13699/? W/SELinux: SELinux: seapp_context_lookup: seinfo=untrusted, level=s0:c512,c768, pkgname=com.google.android.apps.docs 
02-11 16:53:10.281 2773-3005/? D/NetworkPolicy: isUidForegroundLocked: 10065, mScreenOn: true, uidstate: -1, mProxSensorScreenOff: false
02-11 16:53:10.311 13699-13699/? D/TimaKeyStoreProvider: TimaSignature is unavailable
02-11 16:53:10.316 13699-13699/? D/ActivityThread: Added TimaKeyStore provider
02-11 16:53:10.321 13646-13646/? D/AbsListView:  onsize change 
02-11 16:53:10.371 2773-3915/? V/WindowStateAnimator: Finishing drawing window Window{b0bc20d u0 d0 p13646 com.android.documentsui/com.android.documentsui.DocumentsActivity}: mDrawState=DRAW_PENDING
02-11 16:53:10.376 13646-13646/? D/ViewRootImpl: MSG_RESIZED_REPORT: ci=Rect(0, 48 - 0, 500) vi=Rect(0, 48 - 0, 500) or=1
02-11 16:53:10.376 2773-4111/? D/InputMethodManagerService: windowGainedFocus mCurrentFocusedUserId - 0 and mSecureKeypadEnabled-false
02-11 16:53:10.381 2185-2185/? D/libEGL: eglInitialize EGLDisplay = 0xbecba464
02-11 16:53:10.381 2773-2863/? I/ActivityManager: Displayed com.android.documentsui/.DocumentsActivity: +529ms (total +951ms)
02-11 16:53:10.386 2773-4111/? E/InputMethodManagerService: Perflock object null
02-11 16:53:10.386 2773-2863/? D/CustomFrequencyManagerService: releaseDVFSLockLocked : Getting Lock type frm List : DVFS_MIN_LIMIT  frequency : 1105000  uid : 1000  pid : 2773  tag : ACTIVITY_RESUME_BOOSTER@7
02-11 16:53:10.386 2773-2863/? I/Timeline: Timeline: Activity_windows_visible id: ActivityRecord{3b07ad6 u0 com.android.documentsui/.DocumentsActivity t210} time:14682218
02-11 16:53:10.386 2773-2863/? D/ActivityManager: mDVFSHelper.release()
02-11 16:53:10.386 2773-2830/? D/CustomFrequencyManagerService: acquireDVFSLockLocked : type : DVFS_MIN_LIMIT  frequency : 1105000  uid : 1000  pid : 2773  pkgName : ACTIVITY_RESUME_BOOSTER@15
02-11 16:53:10.391 14772-14772/? E/KeyboardInfoUtils: getInstance start
02-11 16:53:10.391 14772-14772/? E/KeyboardInfoUtils: sendSIPInformation state:6  isAbstractKeyboardView : true
02-11 16:53:10.391 14772-14772/? E/KeyboardInfoUtils: sending null keyboardInfo as SIP is closed
02-11 16:53:10.391 14772-14772/? W/ContextImpl: Calling a method in the system process without a qualified user: android.app.ContextImpl.sendBroadcast:843 android.content.ContextWrapper.sendBroadcast:410 com.sec.android.inputmethod.base.view.KeyboardInfoUtils.sendSIPInformation:502 com.sec.android.inputmethod.base.common.InputManagerImpl.sendSIPClosedBroadcastToUniversalSwitch:7307 com.sec.android.inputmethod.base.common.InputManagerImpl.finishInputView:7279 
02-11 16:53:10.391 2773-2863/? D/ViewRootImpl: #3 mView = null
02-11 16:53:10.396 2773-2787/? I/ActivityManager: Killing 13255:com.samsung.android.email.provider/u0a26 (adj 15): DHA:empty #25
02-11 16:53:10.401 13646-13646/? D/ViewRootImpl: MSG_RESIZED_REPORT: ci=Rect(0, 48 - 0, 0) vi=Rect(0, 48 - 0, 500) or=1
02-11 16:53:10.406 14772-14772/? D/SamsungIME: onWindowHidden
02-11 16:53:10.406 14772-14772/? D/SamsungIME: notifyWindowStateChanged  Window Hidden. AutoText consider to shutdown
02-11 16:53:10.406 14772-14772/? E/SamsungIME: getMethod(): java.lang.NoSuchMethodException: changeFullInputMethod []
02-11 16:53:10.406 14772-14772/? E/SamsungIME: invoke(): method is null
02-11 16:53:10.411 14772-14772/? W/ContextImpl: Calling a method in the system process without a qualified user: android.app.ContextImpl.sendBroadcast:843 android.content.ContextWrapper.sendBroadcast:410 android.inputmethodservice.InputMethodService.sendInputViewShownState:447 android.inputmethodservice.InputMethodService.hideWindow:2340 android.inputmethodservice.InputMethodService.doHideWindow:2318 
02-11 16:53:10.411 2773-2773/? D/InputMethodManagerService: [HARDWARE_KEYBOARD] (refreshImeWindowVis) mImeWindowVis= 0 inputVisible = falsehaveHardKeyboard = false hardKeyShown = false
02-11 16:53:10.416 2773-2786/? V/WindowStateAnimator: Finishing drawing window Window{b0bc20d u0 d0 p13646 com.android.documentsui/com.android.documentsui.DocumentsActivity}: mDrawState=HAS_DRAWN
02-11 16:53:10.421 13646-13646/? I/Timeline: Timeline: Activity_idle id: android.os.BinderProxy@3d21d8f time:14682251
02-11 16:53:10.421 2773-3481/? D/ActivityTrigger: ActivityTrigger activityStopTrigger 
02-11 16:53:10.426 2185-4734/? D/libEGL: eglTerminate EGLDisplay = 0xb37af624
02-11 16:53:10.431 2773-3005/? D/NetworkPolicy: isUidForegroundLocked: 10201, mScreenOn: true, uidstate: 13, mProxSensorScreenOff: false
02-11 16:53:10.431 2185-2185/? D/libEGL: eglInitialize EGLDisplay = 0xbecba464
02-11 16:53:10.431 27325-27325/? D/Mms/SipHandler: onReceive() - isSipVisible = false
02-11 16:53:10.431 27325-27325/? D/Mms/ConversationListFragment: onSipStatChanged(isSipVisible: false)
02-11 16:53:10.431 13465-13465/com.example.imageuploading__retrofit V/ActivityThread: updateVisibility : ActivityRecord{9e2b2eb token=android.os.BinderProxy@cf5d68a {com.example.imageuploading__retrofit/net.alhazmy13.mediapicker.Image.ImageActivity}} show : false
02-11 16:53:10.441 13646-13646/? D/ViewRootImpl: MSG_RESIZED: ci=Rect(0, 48 - 0, 0) vi=Rect(0, 48 - 0, 0) or=1
02-11 16:53:10.446 14772-14772/? V/SamsungIME: onTrimMemory Level = 20
02-11 16:53:10.451 14772-14772/? D/SamsungIME: IMPL finishInput
02-11 16:53:10.451 14772-14772/? D/SamsungIME: SwiftKeyWrapper writeDBdataToFileOnFinishInput
02-11 16:53:10.451 14772-14772/? D/SamsungIME: saveAndClear +
02-11 16:53:10.451 2773-3914/? D/ActivityManager: cleanUpApplicationRecord -- 13255
02-11 16:53:10.451 14772-14772/? D/SamsungIME: saveAndClear -
02-11 16:53:10.451 2773-3914/? D/ActivityManager: removeProcessNameLocked mProcessNames.remove pid=13255 ,hash=120641018 ,name=com.samsung.android.email.provider
02-11 16:53:10.456 14772-14772/? D/SamsungIME: onStartInput: No inputType, No imeOption, isInputViewShown = false, isExtractViewShown = false, isShowInputRequested = false, isConfigChanged = false
02-11 16:53:10.481 2185-2185/? D/libEGL: eglInitialize EGLDisplay = 0xbecba464
02-11 16:53:10.581 2185-14871/? I/SurfaceFlinger: id=478 Removed eocumentsui (6/9)
02-11 16:53:10.581 2185-2240/? I/SurfaceFlinger: id=478 Removed eocumentsui (-2/9)
02-11 16:53:10.596 2185-2185/? D/libEGL: eglTerminate EGLDisplay = 0xbecba4e4
02-11 16:53:10.611 2773-3893/? I/PersonaManager: mKnoxInfo is empty
02-11 16:53:10.761 2773-4111/? I/PersonaManager: mKnoxInfo is empty
02-11 16:53:10.766 2185-4734/? I/SurfaceFlinger: id=475 Removed JnputMethod (6/8)
02-11 16:53:10.766 2773-2952/? I/PersonaManager: mKnoxInfo is empty
02-11 16:53:10.766 2185-14871/? I/SurfaceFlinger: id=475 Removed JnputMethod (-2/8)
02-11 16:53:10.776 2185-2185/? D/libEGL: eglTerminate EGLDisplay = 0xbecba4e4
02-11 16:53:10.841 13699-13699/? I/art: Rejecting re-init on previously-failed class java.lang.Class<j$.util.concurrent.ConcurrentHashMap$KeySpliterator>
02-11 16:53:10.841 13699-13699/? I/art: Rejecting re-init on previously-failed class java.lang.Class<j$.util.concurrent.ConcurrentHashMap$KeySpliterator>
02-11 16:53:10.856 13699-13720/? W/PrimesInit: initAfterResumed: true
02-11 16:53:10.856 13699-13720/? W/PrimesInit: scheduling Primes-init task
02-11 16:53:10.871 2773-3480/? I/PersonaManager: mKnoxInfo is empty
02-11 16:53:10.871 2773-3893/? I/PersonaManager: mKnoxInfo is empty
02-11 16:53:10.871 3116-3116/? D/Recents: onTaskStackChanged
02-11 16:53:10.886 2773-3263/? I/PersonaManager: mKnoxInfo is empty
02-11 16:53:10.906 13699-13699/? W/FieldDefinition: [main] Ignoring isIndexed constraint as field also has uniqueness constraint (on just this field, and therefore SQLite will have to create an index on that. For field: cqv$a@82c5cf0
02-11 16:53:11.086 2773-3480/? I/PersonaManager: mKnoxInfo is empty
02-11 16:53:11.096 2773-3002/? I/PersonaManager: mKnoxInfo is empty
02-11 16:53:11.096 2773-3894/? I/PersonaManager: mKnoxInfo is empty
02-11 16:53:11.141 2773-3002/? I/PersonaManager: mKnoxInfo is empty
02-11 16:53:11.141 2773-2786/? I/PersonaManager: mKnoxInfo is empty
02-11 16:53:11.146 2185-12597/? I/display: [PrimaryDisplay] [DYNAMIC_RECOMP] HWC_2_GLES by low FPS(0)
02-11 16:53:11.166 13699-13699/? W/ComponentDiscovery: Application info not found.
02-11 16:53:11.171 13699-13699/? W/ComponentDiscovery: Could not retrieve metadata, returning empty list of registrars.
02-11 16:53:11.191 2773-3502/? I/PersonaManager: mKnoxInfo is empty
02-11 16:53:11.191 2773-3894/? I/PersonaManager: mKnoxInfo is empty
02-11 16:53:11.226 2773-3915/? I/PersonaManager: mKnoxInfo is empty
02-11 16:53:11.226 2773-4111/? I/PersonaManager: mKnoxInfo is empty
02-11 16:53:11.231 2773-3002/? I/PersonaManager: mKnoxInfo is empty
02-11 16:53:11.241 2773-3481/? I/PersonaManager: mKnoxInfo is empty
02-11 16:53:11.246 2773-3894/? I/PersonaManager: mKnoxInfo is empty
02-11 16:53:11.246 13646-13660/? D/Documents: Update found 8 roots in 1264ms
02-11 16:53:11.251 2773-3894/? I/ActivityManager: Killing 13282:com.sec.android.provider.badge/u0a52 (adj 15): DHA:empty #25
02-11 16:53:11.251 2773-3005/? D/NetworkPolicy: isUidForegroundLocked: 10065, mScreenOn: true, uidstate: 16, mProxSensorScreenOff: false
02-11 16:53:11.251 2773-3148/? I/PersonaManager: mKnoxInfo is empty
02-11 16:53:11.256 2773-2952/? I/PersonaManager: mKnoxInfo is empty
02-11 16:53:11.256 2773-3849/? I/PersonaManager: mKnoxInfo is empty
02-11 16:53:11.271 2773-3005/? D/NetworkPolicy: isUidForegroundLocked: 10065, mScreenOn: true, uidstate: 2, mProxSensorScreenOff: false
02-11 16:53:11.271 13646-13685/? D/Documents: Update found 8 roots in 1092ms
02-11 16:53:11.276 2773-2952/? I/PersonaManager: mKnoxInfo is empty
02-11 16:53:11.281 2773-3915/? I/PersonaManager: mKnoxInfo is empty
02-11 16:53:11.286 13646-13731/? D/Documents: Update found 8 roots in 86ms
02-11 16:53:11.311 2773-3002/? D/ActivityManager: cleanUpApplicationRecord -- 13282
02-11 16:53:11.311 2773-3002/? D/ActivityManager: removeProcessNameLocked mProcessNames.remove pid=13282 ,hash=173635499 ,name=com.sec.android.provider.badge
02-11 16:53:11.311 2773-2952/? D/BatteryService: !@BatteryListener : batteryPropertiesChanged!
02-11 16:53:11.311 2773-2952/? D/BatteryService: level:93, scale:100, status:2, health:2, present:true, voltage: 4136, temperature: 349, technology: Li-ion, AC powered:false, USB powered:true, POGO powered:false, Wireless powered:false, icon:17303453, invalid charger:0, maxChargingCurrent:0
02-11 16:53:11.311 2773-2952/? D/BatteryService: online:4, current avg:-174, charge type:2, power sharing:false, high voltage charger:false, capacity:280000, batterySWSelfDischarging:false, current_now:-175
02-11 16:53:11.311 2773-2773/? D/BatteryService: Sending ACTION_BATTERY_CHANGED.
02-11 16:53:11.316 2773-2773/? D/GameManagerService: new battery level: 93
02-11 16:53:11.316 3064-3064/? D/KeyguardUpdateMonitor: received broadcast android.intent.action.BATTERY_CHANGED
02-11 16:53:11.316 3064-3064/? D/KeyguardUpdateMonitor: handleBatteryUpdate
02-11 16:53:11.321 3064-3064/? D/PowerUI: priorPlugType = 2 mPlugType =  2
02-11 16:53:11.321 3064-3064/? D/PowerUI.Notification: Charging remaining time is not supported and connected cable is not a fast/slow charger, so return!
02-11 16:53:11.321 3064-3064/? D/PowerUI.Notification: dismissPowerSavingRecommendNotice
02-11 16:53:11.321 3594-3594/? D/CommonServiceConfiguration: getStringValueSetting
02-11 16:53:11.331 3594-3594/? D/BatteryMonitor: new battery level: 93
02-11 16:53:11.336 3064-3064/? D/BatteryMeterView: ACTION_BATTERY_CHANGED : level:93 status:2 health:2
02-11 16:53:11.336 3064-3064/? D/BatteryMeterView: ACTION_BATTERY_CHANGED : level:93 status:2 health:2
02-11 16:53:11.346 2185-2185/? I/display: [PrimaryDisplay] [DYNAMIC_RECOMP] first frame after HWC_2_GLES
02-11 16:53:11.346 2185-2185/? I/display: [PrimaryDisplay] [DYNAMIC_RECOMP] GLES_2_HWC by high FPS(5)
