02-11 16:52:17.301 2773-2970/? I/InputReader: Touch event's action is 0x0 (deviceType=0) [pCnt=1, s=0.769 ] when=14629133386000
02-11 16:52:17.301 2773-2970/? D/InputReader: lastThreadEndTime = 14622590520986, currentThreadStartTime = 14622590528832, diff = 0
02-11 16:52:17.301 2773-2969/? I/InputDispatcher: Delivering touch to (3064): action: 0x0, toolType: 1
02-11 16:52:17.301 3064-3064/? D/ViewRootImpl: ViewPostImeInputStage processPointer 0
02-11 16:52:17.306 3064-3064/? D/PhoneStatusBar: Touch: rawY=23.981264 event=MotionEvent { action=ACTION_DOWN, actionButton=0, id[0]=0, x[0]=471.34537, y[0]=23.981264, toolType[0]=TOOL_TYPE_FINGER, buttonState=0, metaState=0, flags=0x0, edgeFlags=0x0, pointerCount=1, historySize=0, eventTime=14629133, downTime=14629133, deviceId=1, source=0x1002 } mDisabled1=0 mDisabled2=0 mTracking=false
02-11 16:52:17.306 3064-3064/? D/PhoneStatusBar: Touch: rawY=23.981264 event=MotionEvent { action=ACTION_DOWN, actionButton=0, id[0]=0, x[0]=471.34537, y[0]=23.981264, toolType[0]=TOOL_TYPE_FINGER, buttonState=0, metaState=0, flags=0x0, edgeFlags=0x0, pointerCount=1, historySize=0, eventTime=14629133, downTime=14629133, deviceId=1, source=0x1002 } mDisabled1=0 mDisabled2=0 mTracking=false
02-11 16:52:17.326 3064-3064/? D/PhoneStatusBar: Make expanded visible: expanded visible=false
02-11 16:52:17.326 3064-3064/? D/StatusBar-Window: fnf=true sanc=false, kni=false, sbf=true
02-11 16:52:17.326 3064-3064/? D/CoverUI: applyFocusableFlag() : Remove SAMSUNG_FLAG_SVIEW_COVER
02-11 16:52:17.326 3064-3064/? D/StatusBarWindowManager: forceCollapsed : false isKeyguardShowingAndNotOccluded() : false panelVisible : true keyguardFadingAway : false bouncerShowing : false headsUpShowing : false
02-11 16:52:17.326 3064-3064/? D/CoverUI: applyHeight h = -1, oc = false, fa = false, ac = false, sc = false
02-11 16:52:17.331 2773-2786/? V/Vibrator: Called cancel() API - PUID: 1000, PackageName: android, token: android.os.Binder@51e58cb
02-11 16:52:17.331 2773-2786/? D/VibratorService: Turning vibrator off
02-11 16:52:17.331 2773-2786/? W/CoverManager: getCoverState : This device is not supported cover
02-11 16:52:17.331 2773-2786/? D/LightsService: [api] [SvcLED] turnOff:: id = 6 (uid: 1000 pid: 2773) 
02-11 16:52:17.331 2773-2786/? D/EdgeLight: Turning off
02-11 16:52:17.331 2773-2786/? D/LightsService: [api] [SvcLED] LED indicator : Not supported.
02-11 16:52:17.356 2185-2185/? I/display: [PrimaryDisplay] [DYNAMIC_RECOMP] first frame after HWC_2_GLES
02-11 16:52:17.356 2185-2185/? I/display: [PrimaryDisplay] [DYNAMIC_RECOMP] GLES_2_HWC by high FPS(5)
02-11 16:52:17.371 2185-2240/? D/libEGL: eglTerminate EGLDisplay = 0xb65ff624
02-11 16:52:17.371 3064-3325/? D/mali_winsys: new_window_surface returns 0x3000,  [720x1280]-format:1
02-11 16:52:17.371 3064-3064/? D/KeyguardEffectViewController: onLayoutChange() v: com.android.keyguard.effect.EffectBehindView{c5eefeb I.E...... ......ID 0,0-720,1280 #7f0e03c2 app:id/keyguard_effect_behind}, bottom : 1280, oldBottom : 48
02-11 16:52:17.371 3064-3064/? D/KeyguardEffectViewController: mShowing=false, mOccluded=false, mKeyguardFadingAway=false, match_parent=true
02-11 16:52:17.371 3064-3064/? D/ScrollView:  onsize change changed 
02-11 16:52:17.376 3064-3064/? D/NotificationStackScrollLayout:  scroll range should be extended : 708
02-11 16:52:17.376 3064-3064/? I/PanelView: Delayed setQsExpansion
02-11 16:52:17.396 13255-13255/? W/System: ClassLoader referenced unknown path: /system/priv-app/SecEmail_M/lib/arm
02-11 16:52:17.406 3064-3064/? D/StatusBar-Window: fnf=false sanc=false, kni=false, sbf=true
02-11 16:52:17.406 3064-3064/? D/CoverUI: applyFocusableFlag() : Remove SAMSUNG_FLAG_SVIEW_COVER
02-11 16:52:17.406 3064-3064/? D/StatusBarWindowManager: forceCollapsed : false isKeyguardShowingAndNotOccluded() : false panelVisible : true keyguardFadingAway : false bouncerShowing : false headsUpShowing : false
02-11 16:52:17.406 3064-3064/? D/CoverUI: applyHeight h = -1, oc = false, fa = false, ac = false, sc = false
02-11 16:52:17.411 2773-2832/? D/StatusBarManagerService: manageDisableList userId=0 what=0x0 pkg=Window{bc9fa53 u0 d0 p3064 StatusBar}
02-11 16:52:17.416 2773-2970/? D/InputReader: Input event(1): value=0 when=14629243328000
02-11 16:52:17.416 2773-2970/? D/InputReader: Input event(1): value=0 when=14629243328000
02-11 16:52:17.416 2773-2970/? I/InputReader: Touch event's action is 0x1 (deviceType=0) [pCnt=1, s=] when=14629243328000
02-11 16:52:17.416 2773-2969/? I/InputDispatcher: Delivering touch to (3064): action: 0x1, toolType: 1
02-11 16:52:17.416 2773-3915/? D/InputDispatcher: Focus left window: 3248
02-11 16:52:17.416 2773-3915/? D/InputDispatcher: Focus entered window: 3064
02-11 16:52:17.421 2773-2863/? D/PointerIcon: setMouseIconStyle1 pointerType: 1001 iconType:101 flag:0 pid:2773 uid:1000
02-11 16:52:17.421 2773-2863/? D/PointerIcon: setMouseCustomIcon IconType is same.101
02-11 16:52:17.426 3064-3064/? D/ViewRootImpl: ViewPostImeInputStage processPointer 1
02-11 16:52:17.426 3064-3064/? D/PhoneStatusBar: Touch: rawY=227.822 event=MotionEvent { action=ACTION_UP, actionButton=0, id[0]=0, x[0]=443.3842, y[0]=227.822, toolType[0]=TOOL_TYPE_FINGER, buttonState=0, metaState=0, flags=0x0, edgeFlags=0x0, pointerCount=1, historySize=0, eventTime=14629243, downTime=14629133, deviceId=1, source=0x1002 } mDisabled1=0 mDisabled2=0 mTracking=false
02-11 16:52:17.426 2185-2185/? D/libEGL: eglInitialize EGLDisplay = 0xbecba464
02-11 16:52:17.426 2185-2185/? D/libEGL: eglTerminate EGLDisplay = 0xbecba4c4
02-11 16:52:17.441 2185-2185/? D/libEGL: eglInitialize EGLDisplay = 0xbecba464
02-11 16:52:17.446 3064-3064/? D/KeyguardEffectViewController: updateWindowFocusChanged : true
02-11 16:52:17.446 3064-3064/? D/KeyguardEffectViewController: mOnPauseFromScreenOffMemo : false
02-11 16:52:17.491 2185-2185/? D/libEGL: eglInitialize EGLDisplay = 0xbecba464
02-11 16:52:17.541 2773-2783/? I/art: Background partial concurrent mark sweep GC freed 103299(7MB) AllocSpace objects, 158(3MB) LOS objects, 31% free, 35MB/51MB, paused 4.491ms total 298.500ms
02-11 16:52:17.641 2773-3480/? I/PersonaManager: mKnoxInfo is empty
02-11 16:52:17.661 3064-3064/? D/StatusBar.BrightnessController: setListening  = true
02-11 16:52:17.791 2773-3914/? D/MountService: getExternalStorageMountMode : 1
02-11 16:52:17.791 2773-3914/? D/MountService: getExternalStorageMountMode : 3
02-11 16:52:17.791 2773-3914/? D/MountService: getExternalStorageMountMode : final mountMode=1, uid : 10052, packageName : com.sec.android.provider.badge
02-11 16:52:17.806 2773-3914/? I/ActivityManager: Start proc 13282:com.sec.android.provider.badge/u0a52 for content provider com.sec.android.provider.badge/.BadgeProvider
02-11 16:52:17.806 13282-13282/? E/Zygote: no v2
02-11 16:52:17.811 13282-13282/? I/SELinux: Function: selinux_compare_spd_ram, index[1], SPD-policy is existed. and_ver=SEPF_SM-G550FY_5.1.1 ver=51
02-11 16:52:17.811 13282-13282/? W/SELinux: Function: selinux_compare_spd_ram, index[1], priority [2], priority version is VE=SEPF_SECMOBILE_6.0.1_0035
02-11 16:52:17.811 13282-13282/? W/SELinux: SELinux: seapp_context_lookup: seinfo=platform, level=s0:c512,c768, pkgname=com.sec.android.provider.badge 
02-11 16:52:17.856 13282-13282/? D/TimaKeyStoreProvider: TimaSignature is unavailable
02-11 16:52:17.856 13282-13282/? D/ActivityThread: Added TimaKeyStore provider
02-11 16:52:17.856 13255-13279/? D/EmailProvider: cached Inbox 2/13
02-11 16:52:17.861 13255-13279/? D/EmailProvider: cached Inbox 3/24
02-11 16:52:17.861 13255-13279/? D/EmailProvider: cached Inbox 4/35
02-11 16:52:17.886 13282-13282/? W/System: ClassLoader referenced unknown path: /system/priv-app/BadgeProvider_M/lib/arm
02-11 16:52:17.891 13282-13282/? D/BadgeProvider: onCreate
02-11 16:52:17.891 13282-13282/? D/BadgeProvider: DatabaseHelper
02-11 16:52:17.896 2773-4113/? I/ActivityManager: Killing 12034:com.samsung.android.SettingsReceiver/1000 (adj 15): DHA:empty #25
02-11 16:52:17.926 13282-13292/? D/BaseReflect: null getOwnClass TEST
02-11 16:52:17.926 13282-13292/? D/MethodReflector: android.content.ContentResolver getClass TEST
02-11 16:52:17.926 13282-13292/? D/BaseReflect: class android.content.ContentResolver isSupportClass TEST
02-11 16:52:17.926 13282-13292/? D/BaseReflect: class android.content.ContentResolver getOwnClass TEST
02-11 16:52:17.936 3248-3248/? D/Launcher.Model: reloadBadges entered.
02-11 16:52:17.941 2773-4113/? D/ActivityManager: cleanUpApplicationRecord -- 12034
02-11 16:52:17.941 2773-4113/? D/ActivityManager: removeProcessNameLocked mProcessNames.remove pid=12034 ,hash=131111615 ,name=com.samsung.android.SettingsReceiver
02-11 16:52:17.946 13282-13293/? D/BadgeProvider: query, [selection] : null
02-11 16:52:17.951 13282-13292/? D/MethodReflector: notifyChange is called
02-11 16:52:17.956 3248-3352/? D/BadgeCache: 1. updateBadgeCounts: com.samsung.android.email.ui = 2
02-11 16:52:17.956 3248-3352/? D/BadgeCache: 2. updateBadgeCounts: com.samsung.android.email.ui/.activity.MessageListXL = 2
02-11 16:52:17.956 3248-3352/? D/BadgeCache: 1. updateBadgeCounts: com.android.mms = 762
02-11 16:52:17.956 3248-3352/? D/BadgeCache: 2. updateBadgeCounts: com.android.mms/.ui.ConversationComposer = 762
02-11 16:52:17.956 3248-3352/? D/BadgeCache: 1. updateBadgeCounts: com.android.contacts = 0
02-11 16:52:17.956 3248-3352/? D/BadgeCache: 1. updateBadgeCounts: com.whatsapp = 1
02-11 16:52:17.956 3248-3352/? D/BadgeCache: 2. updateBadgeCounts: com.whatsapp/.Main = 1
02-11 16:52:17.956 3248-3352/? D/BadgeCache: 1. updateBadgeCounts: com.samsung.android.sm = 0
02-11 16:52:17.956 3248-3352/? D/BadgeCache: 1. updateBadgeCounts: com.android.settings = 0
02-11 16:52:17.956 3248-3352/? D/BadgeCache: 1. updateBadgeCounts: com.android.settings = 0
02-11 16:52:17.956 3248-3352/? D/BadgeCache: 1. updateBadgeCounts: com.mygalaxy = 7
02-11 16:52:17.956 3248-3352/? D/BadgeCache: 2. updateBadgeCounts: com.mygalaxy/.SplashScreenActivity = 7
02-11 16:52:17.956 3248-3352/? D/BadgeCache: 1. updateBadgeCounts: com.android.vending = 2
02-11 16:52:17.956 3248-3352/? D/BadgeCache: 2. updateBadgeCounts: com.android.vending/.AssetBrowserActivity = 2
02-11 16:52:17.956 3248-3352/? D/BadgeCache: 1. updateBadgeCounts: com.samsung.android.email.provider = 272
02-11 16:52:17.956 3248-3352/? D/BadgeCache: 2. updateBadgeCounts: com.samsung.android.email.provider/com.samsung.android.email.ui.activity.MessageListXL = 272
02-11 16:52:17.956 3248-3352/? D/BadgeCache: 1. updateBadgeCounts: com.sec.android.app.samsungapps = 0
02-11 16:52:17.956 3248-3352/? D/BadgeCache: 1. updateBadgeCounts: com.google.android.youtube = 4
02-11 16:52:17.956 3248-3352/? D/BadgeCache: 2. updateBadgeCounts: com.google.android.youtube/.app.honeycomb.Shell$HomeActivity = 4
02-11 16:52:17.956 3248-3352/? D/BadgeCache: 1. updateBadgeCounts: com.google.android.apps.tachyon = 0
02-11 16:52:17.956 3248-3352/? D/BadgeCache: 1. updateBadgeCounts: net.one97.paytm = 0
02-11 16:52:17.956 3248-3352/? D/BadgeCache: 1. updateBadgeCounts: com.ghd.tv = 0
02-11 16:52:17.956 3248-3352/? D/BadgeCache: 1. updateBadgeCounts: com.instagram.android = 0
02-11 16:52:17.956 3248-3352/? D/BadgeCache: 1. updateBadgeCounts: com.mpl.androidapp.ps = 0
02-11 16:52:17.956 3248-3352/? D/BadgeCache: 1. updateBadgeCounts: in.amazon.mShop.android.shopping = 0
02-11 16:52:17.956 3248-3352/? D/BadgeCache: 1. updateBadgeCounts: com.olx.southasia = 0
02-11 16:52:17.956 3248-3352/? D/BadgeCache: 1. updateBadgeCounts: com.truecaller = 0
02-11 16:52:17.956 3248-3352/? D/BadgeCache: 1. updateBadgeCounts: com.truecaller = 23
02-11 16:52:17.956 3248-3352/? D/BadgeCache: 2. updateBadgeCounts: com.truecaller/.messaging.MessagesActivity = 23
02-11 16:52:17.956 3248-3352/? D/BadgeCache: 1. updateBadgeCounts: com.lbe.parallel.intl = 0
02-11 16:52:17.956 3248-3352/? D/BadgeCache: 1. updateBadgeCounts: com.facebook.katana = 0
02-11 16:52:17.956 3248-3352/? D/BadgeCache: 1. updateBadgeCounts: im.thebot.messenger = 0
02-11 16:52:17.956 3248-3352/? D/BadgeCache: 1. updateBadgeCounts: com.movisoftnew.videoeditor = 0
02-11 16:52:17.956 3248-3352/? D/BadgeCache: 1. updateBadgeCounts: com.full.screen.videostatus.hd = 0
02-11 16:52:17.956 3248-3352/? D/BadgeCache: 1. updateBadgeCounts: com.sec.android.easyMover = 0
02-11 16:52:17.956 3248-3352/? D/BadgeCache: 1. updateBadgeCounts: com.ghd.tv = 0
02-11 16:52:17.956 3248-3352/? D/BadgeCache: 1. updateBadgeCounts: live.tech.storm = 0
02-11 16:52:17.956 3248-3352/? D/BadgeCache: 1. updateBadgeCounts: com.microsoft.teams = 0
02-11 16:52:17.966 3248-3248/? D/Launcher.Model: reloadBadges entered.
02-11 16:52:17.966 13282-13292/? D/BadgeProvider: sendNotify entered. [uri] : content://com.sec.badge/apps
02-11 16:52:17.971 13282-13292/? D/BadgeProvider: sendNotify, [notify] : null
02-11 16:52:17.971 13282-13294/? D/BadgeProvider: query, [selection] : null
02-11 16:52:17.971 13282-13292/? D/BadgeProvider: update, getCallingPackage() : com.samsung.android.email.provider
02-11 16:52:17.976 3248-3352/? D/BadgeCache: 1. updateBadgeCounts: com.samsung.android.email.ui = 2
02-11 16:52:17.976 3248-3352/? D/BadgeCache: 2. updateBadgeCounts: com.samsung.android.email.ui/.activity.MessageListXL = 2
02-11 16:52:17.976 3248-3352/? D/BadgeCache: 1. updateBadgeCounts: com.android.mms = 762
02-11 16:52:17.976 3248-3352/? D/BadgeCache: 2. updateBadgeCounts: com.android.mms/.ui.ConversationComposer = 762
02-11 16:52:17.976 3248-3352/? D/BadgeCache: 1. updateBadgeCounts: com.android.contacts = 0
02-11 16:52:17.976 3248-3352/? D/BadgeCache: 1. updateBadgeCounts: com.whatsapp = 1
02-11 16:52:17.976 3248-3352/? D/BadgeCache: 2. updateBadgeCounts: com.whatsapp/.Main = 1
02-11 16:52:17.976 3248-3352/? D/BadgeCache: 1. updateBadgeCounts: com.samsung.android.sm = 0
02-11 16:52:17.976 3248-3352/? D/BadgeCache: 1. updateBadgeCounts: com.android.settings = 0
02-11 16:52:17.976 3248-3352/? D/BadgeCache: 1. updateBadgeCounts: com.android.settings = 0
02-11 16:52:17.976 3248-3352/? D/BadgeCache: 1. updateBadgeCounts: com.mygalaxy = 7
02-11 16:52:17.976 3248-3352/? D/BadgeCache: 2. updateBadgeCounts: com.mygalaxy/.SplashScreenActivity = 7
02-11 16:52:17.976 3248-3352/? D/BadgeCache: 1. updateBadgeCounts: com.android.vending = 2
02-11 16:52:17.976 3248-3352/? D/BadgeCache: 2. updateBadgeCounts: com.android.vending/.AssetBrowserActivity = 2
02-11 16:52:17.976 3248-3352/? D/BadgeCache: 1. updateBadgeCounts: com.samsung.android.email.provider = 272
02-11 16:52:17.976 3248-3352/? D/BadgeCache: 2. updateBadgeCounts: com.samsung.android.email.provider/com.samsung.android.email.ui.activity.MessageListXL = 272
02-11 16:52:17.976 3248-3352/? D/BadgeCache: 1. updateBadgeCounts: com.sec.android.app.samsungapps = 0
02-11 16:52:17.976 3248-3352/? D/BadgeCache: 1. updateBadgeCounts: com.google.android.youtube = 4
02-11 16:52:17.976 3248-3352/? D/BadgeCache: 2. updateBadgeCounts: com.google.android.youtube/.app.honeycomb.Shell$HomeActivity = 4
02-11 16:52:17.976 3248-3352/? D/BadgeCache: 1. updateBadgeCounts: com.google.android.apps.tachyon = 0
02-11 16:52:17.976 3248-3352/? D/BadgeCache: 1. updateBadgeCounts: net.one97.paytm = 0
02-11 16:52:17.976 3248-3352/? D/BadgeCache: 1. updateBadgeCounts: com.ghd.tv = 0
02-11 16:52:17.976 3248-3352/? D/BadgeCache: 1. updateBadgeCounts: com.instagram.android = 0
02-11 16:52:17.976 3248-3352/? D/BadgeCache: 1. updateBadgeCounts: com.mpl.androidapp.ps = 0
02-11 16:52:17.976 3248-3352/? D/BadgeCache: 1. updateBadgeCounts: in.amazon.mShop.android.shopping = 0
02-11 16:52:17.976 3248-3352/? D/BadgeCache: 1. updateBadgeCounts: com.olx.southasia = 0
02-11 16:52:17.976 3248-3352/? D/BadgeCache: 1. updateBadgeCounts: com.truecaller = 0
02-11 16:52:17.976 3248-3352/? D/BadgeCache: 1. updateBadgeCounts: com.truecaller = 23
02-11 16:52:17.976 3248-3352/? D/BadgeCache: 2. updateBadgeCounts: com.truecaller/.messaging.MessagesActivity = 23
02-11 16:52:17.976 3248-3352/? D/BadgeCache: 1. updateBadgeCounts: com.lbe.parallel.intl = 0
02-11 16:52:17.976 3248-3352/? D/BadgeCache: 1. updateBadgeCounts: com.facebook.katana = 0
02-11 16:52:17.976 3248-3352/? D/BadgeCache: 1. updateBadgeCounts: im.thebot.messenger = 0
02-11 16:52:17.976 3248-3352/? D/BadgeCache: 1. updateBadgeCounts: com.movisoftnew.videoeditor = 0
02-11 16:52:17.976 3248-3352/? D/BadgeCache: 1. updateBadgeCounts: com.full.screen.videostatus.hd = 0
02-11 16:52:17.976 3248-3352/? D/BadgeCache: 1. updateBadgeCounts: com.sec.android.easyMover = 0
02-11 16:52:17.976 3248-3352/? D/BadgeCache: 1. updateBadgeCounts: com.ghd.tv = 0
02-11 16:52:17.976 3248-3352/? D/BadgeCache: 1. updateBadgeCounts: live.tech.storm = 0
02-11 16:52:17.976 3248-3352/? D/BadgeCache: 1. updateBadgeCounts: com.microsoft.teams = 0
02-11 16:52:17.991 13282-13292/? D/BadgeProvider: update, [uri] : content://com.sec.badge/apps
02-11 16:52:17.991 13282-13292/? D/BadgeProvider: update, [uri.query] : null
02-11 16:52:17.991 13282-13292/? D/BadgeProvider: update, [BadgeCount] : badgecount=272
02-11 16:52:17.996 13282-13292/? D/BadgeProvider: update, [UpdateCount] : 1
02-11 16:52:18.011 13255-13281/? I/RuntimePermission: 0
02-11 16:52:18.016 13255-13281/? I/RuntimePermission: 0
02-11 16:52:18.016 13255-13281/? I/RuntimePermission: 0
02-11 16:52:18.036 2773-2786/? D/ConnectivityService: returning getNetworkInfo for network type 0 : [type: MOBILE[] - MOBILE, state: DISCONNECTED/DISCONNECTED, reason: (unspecified), extra: (none), roaming: false, failover: false, isAvailable: true]
02-11 16:52:18.036 2773-2786/? D/ConnectivityService: returning getNetworkInfo for network type 1 : [type: WIFI[] - WIFI, state: DISCONNECTED/DISCONNECTED, reason: (unspecified), extra: (none), roaming: false, failover: false, isAvailable: true]
02-11 16:52:18.036 2773-2786/? D/ConnectivityService: returning getNetworkInfo for network type 2 : [type: MOBILE_MMS[] - MOBILE_MMS, state: DISCONNECTED/DISCONNECTED, reason: (unspecified), extra: (none), roaming: false, failover: false, isAvailable: true]
02-11 16:52:18.036 2773-2786/? D/ConnectivityService: returning getNetworkInfo for network type 3 : [type: MOBILE_SUPL[] - MOBILE_SUPL, state: DISCONNECTED/DISCONNECTED, reason: (unspecified), extra: (none), roaming: false, failover: false, isAvailable: true]
02-11 16:52:18.036 2773-2786/? D/ConnectivityService: returning getNetworkInfo for network type 4 : [type: MOBILE_DUN[] - MOBILE_DUN, state: DISCONNECTED/DISCONNECTED, reason: (unspecified), extra: (none), roaming: false, failover: false, isAvailable: true]
02-11 16:52:18.036 2773-2786/? D/ConnectivityService: returning getNetworkInfo for network type 5 : [type: MOBILE_HIPRI[] - MOBILE_HIPRI, state: DISCONNECTED/DISCONNECTED, reason: (unspecified), extra: (none), roaming: false, failover: false, isAvailable: true]
02-11 16:52:18.036 2773-2786/? D/ConnectivityService: returning getNetworkInfo for network type 7 : [type: BLUETOOTH[] - BLUETOOTH, state: DISCONNECTED/DISCONNECTED, reason: (unspecified), extra: (none), roaming: false, failover: false, isAvailable: true]
02-11 16:52:18.036 2773-2786/? D/ConnectivityService: returning getNetworkInfo for network type 9 : [type: ETHERNET[] - ETHERNET, state: DISCONNECTED/DISCONNECTED, reason: (unspecified), extra: (none), roaming: false, failover: false, isAvailable: true]
02-11 16:52:18.036 2773-2786/? D/ConnectivityService: returning getNetworkInfo for network type 10 : [type: MOBILE_FOTA[] - MOBILE_FOTA, state: DISCONNECTED/DISCONNECTED, reason: (unspecified), extra: (none), roaming: false, failover: false, isAvailable: true]
02-11 16:52:18.036 2773-2786/? D/ConnectivityService: returning getNetworkInfo for network type 11 : [type: MOBILE_IMS[] - MOBILE_IMS, state: DISCONNECTED/DISCONNECTED, reason: (unspecified), extra: (none), roaming: false, failover: false, isAvailable: true]
02-11 16:52:18.036 2773-2786/? D/ConnectivityService: returning getNetworkInfo for network type 12 : [type: MOBILE_CBS[] - MOBILE_CBS, state: DISCONNECTED/DISCONNECTED, reason: (unspecified), extra: (none), roaming: false, failover: false, isAvailable: true]
02-11 16:52:18.036 2773-2786/? D/ConnectivityService: returning getNetworkInfo for network type 13 : [type: WIFI_P2P[] - WIFI_P2P, state: DISCONNECTED/DISCONNECTED, reason: (unspecified), extra: (none), roaming: false, failover: false, isAvailable: true]
02-11 16:52:18.036 2773-2786/? D/ConnectivityService: returning getNetworkInfo for network type 14 : [type: MOBILE_IA[] - MOBILE_IA, state: DISCONNECTED/DISCONNECTED, reason: (unspecified), extra: (none), roaming: false, failover: false, isAvailable: true]
02-11 16:52:18.036 2773-2786/? D/ConnectivityService: returning getNetworkInfo for network type 15 : [type: MOBILE_EMERGENCY[] - MOBILE_EMERGENCY, state: DISCONNECTED/DISCONNECTED, reason: (unspecified), extra: (none), roaming: false, failover: false, isAvailable: true]
02-11 16:52:18.036 2773-2786/? D/ConnectivityService: returning getNetworkInfo for network type 17 : [type: VPN[] - VPN, state: DISCONNECTED/DISCONNECTED, reason: (unspecified), extra: (none), roaming: false, failover: false, isAvailable: true]
02-11 16:52:18.041 2773-3894/? D/ConnectivityService: returning getNetworkInfo for network type 0 : [type: MOBILE[] - MOBILE, state: DISCONNECTED/DISCONNECTED, reason: (unspecified), extra: (none), roaming: false, failover: false, isAvailable: true]
02-11 16:52:18.041 2773-3894/? D/ConnectivityService: returning getNetworkInfo for network type 1 : [type: WIFI[] - WIFI, state: DISCONNECTED/DISCONNECTED, reason: (unspecified), extra: (none), roaming: false, failover: false, isAvailable: true]
02-11 16:52:18.041 2773-3894/? D/ConnectivityService: returning getNetworkInfo for network type 2 : [type: MOBILE_MMS[] - MOBILE_MMS, state: DISCONNECTED/DISCONNECTED, reason: (unspecified), extra: (none), roaming: false, failover: false, isAvailable: true]
02-11 16:52:18.041 2773-3894/? D/ConnectivityService: returning getNetworkInfo for network type 3 : [type: MOBILE_SUPL[] - MOBILE_SUPL, state: DISCONNECTED/DISCONNECTED, reason: (unspecified), extra: (none), roaming: false, failover: false, isAvailable: true]
02-11 16:52:18.041 2773-3894/? D/ConnectivityService: returning getNetworkInfo for network type 4 : [type: MOBILE_DUN[] - MOBILE_DUN, state: DISCONNECTED/DISCONNECTED, reason: (unspecified), extra: (none), roaming: false, failover: false, isAvailable: true]
02-11 16:52:18.041 2773-3894/? D/ConnectivityService: returning getNetworkInfo for network type 5 : [type: MOBILE_HIPRI[] - MOBILE_HIPRI, state: DISCONNECTED/DISCONNECTED, reason: (unspecified), extra: (none), roaming: false, failover: false, isAvailable: true]
02-11 16:52:18.041 2773-3894/? D/ConnectivityService: returning getNetworkInfo for network type 7 : [type: BLUETOOTH[] - BLUETOOTH, state: DISCONNECTED/DISCONNECTED, reason: (unspecified), extra: (none), roaming: false, failover: false, isAvailable: true]
02-11 16:52:18.041 2773-3894/? D/ConnectivityService: returning getNetworkInfo for network type 9 : [type: ETHERNET[] - ETHERNET, state: DISCONNECTED/DISCONNECTED, reason: (unspecified), extra: (none), roaming: false, failover: false, isAvailable: true]
02-11 16:52:18.041 2773-3894/? D/ConnectivityService: returning getNetworkInfo for network type 10 : [type: MOBILE_FOTA[] - MOBILE_FOTA, state: DISCONNECTED/DISCONNECTED, reason: (unspecified), extra: (none), roaming: false, failover: false, isAvailable: true]
02-11 16:52:18.041 2773-3894/? D/ConnectivityService: returning getNetworkInfo for network type 11 : [type: MOBILE_IMS[] - MOBILE_IMS, state: DISCONNECTED/DISCONNECTED, reason: (unspecified), extra: (none), roaming: false, failover: false, isAvailable: true]
02-11 16:52:18.041 2773-3894/? D/ConnectivityService: returning getNetworkInfo for network type 12 : [type: MOBILE_CBS[] - MOBILE_CBS, state: DISCONNECTED/DISCONNECTED, reason: (unspecified), extra: (none), roaming: false, failover: false, isAvailable: true]
02-11 16:52:18.041 2773-3894/? D/ConnectivityService: returning getNetworkInfo for network type 13 : [type: WIFI_P2P[] - WIFI_P2P, state: DISCONNECTED/DISCONNECTED, reason: (unspecified), extra: (none), roaming: false, failover: false, isAvailable: true]
02-11 16:52:18.041 2773-3894/? D/ConnectivityService: returning getNetworkInfo for network type 14 : [type: MOBILE_IA[] - MOBILE_IA, state: DISCONNECTED/DISCONNECTED, reason: (unspecified), extra: (none), roaming: false, failover: false, isAvailable: true]
02-11 16:52:18.041 2773-3894/? D/ConnectivityService: returning getNetworkInfo for network type 15 : [type: MOBILE_EMERGENCY[] - MOBILE_EMERGENCY, state: DISCONNECTED/DISCONNECTED, reason: (unspecified), extra: (none), roaming: false, failover: false, isAvailable: true]
02-11 16:52:18.041 2773-3894/? D/ConnectivityService: returning getNetworkInfo for network type 17 : [type: VPN[] - VPN, state: DISCONNECTED/DISCONNECTED, reason: (unspecified), extra: (none), roaming: false, failover: false, isAvailable: true]
02-11 16:52:18.046 2185-12597/? I/display: [PrimaryDisplay] [DYNAMIC_RECOMP] HWC_2_GLES by low FPS(0)
02-11 16:52:18.746 13267-13267/? I/FIPS_bssl: FIPS approved mode (1) | 13267 | app_process
02-11 16:52:18.761 13267-13267/? D/AndroidRuntime: >>>>>> START com.android.internal.os.RuntimeInit uid 2000 <<<<<<
02-11 16:52:18.766 13267-13267/? D/AndroidRuntime: CheckJNI is OFF
02-11 16:52:18.766 13267-13267/? D/AndroidRuntime: readGMSProperty: start
02-11 16:52:18.766 13267-13267/? D/AndroidRuntime: readGMSProperty: already setted!!
02-11 16:52:18.766 13267-13267/? D/AndroidRuntime: propertySet: couldn't set property (it is from app)
02-11 16:52:18.766 13267-13267/? D/AndroidRuntime: readGMSProperty: could not set the property(default)!!
02-11 16:52:18.766 13267-13267/? D/AndroidRuntime: readGMSProperty: end
02-11 16:52:18.771 13267-13267/? D/AndroidRuntime: addProductProperty: start
02-11 16:52:18.826 13267-13267/? D/ICU: No timezone override file found: /data/misc/zoneinfo/current/icu/icu_tzdata.dat
02-11 16:52:18.876 13269-13269/? I/FIPS_bssl: FIPS approved mode (1) | 13269 | app_process
02-11 16:52:18.891 13269-13269/? D/AndroidRuntime: >>>>>> START com.android.internal.os.RuntimeInit uid 2000 <<<<<<
02-11 16:52:18.891 13267-13267/? I/Radio-JNI: register_android_hardware_Radio DONE
02-11 16:52:18.896 13269-13269/? D/AndroidRuntime: CheckJNI is OFF
02-11 16:52:18.901 13269-13269/? D/AndroidRuntime: readGMSProperty: start
02-11 16:52:18.901 13269-13269/? D/AndroidRuntime: readGMSProperty: already setted!!
02-11 16:52:18.901 13269-13269/? D/AndroidRuntime: propertySet: couldn't set property (it is from app)
02-11 16:52:18.901 13269-13269/? D/AndroidRuntime: readGMSProperty: could not set the property(default)!!
02-11 16:52:18.901 13269-13269/? D/AndroidRuntime: readGMSProperty: end
02-11 16:52:18.901 13269-13269/? D/AndroidRuntime: addProductProperty: start
02-11 16:52:18.906 13267-13267/? E/AffinityControl: AffinityControl: registerfunction enter
02-11 16:52:18.936 13267-13267/? D/AndroidRuntime: Calling main entry com.android.commands.wm.Wm
02-11 16:52:18.941 13267-13267/? D/AndroidRuntime: Shutting down VM
02-11 16:52:18.961 13269-13269/? D/ICU: No timezone override file found: /data/misc/zoneinfo/current/icu/icu_tzdata.dat
02-11 16:52:19.026 13269-13269/? I/Radio-JNI: register_android_hardware_Radio DONE
02-11 16:52:19.041 13269-13269/? E/AffinityControl: AffinityControl: registerfunction enter
02-11 16:52:19.071 13269-13269/? D/AndroidRuntime: Calling main entry com.android.commands.pm.Pm
02-11 16:52:19.076 2773-3263/? I/PersonaManager: mKnoxInfo is empty
02-11 16:52:19.081 13269-13269/? I/art: System.exit called, status: 0
02-11 16:52:19.081 13269-13269/? I/AndroidRuntime: VM exiting with result code 0.
02-11 16:52:19.086 3248-3352/? D/Launcher.PackageInstaller: addSessionInfoToCahce(),   getAppIcon: null,   getAppLabel: null
02-11 16:52:20.451 13312-13312/? I/FIPS_bssl: FIPS approved mode (1) | 13312 | app_process
02-11 16:52:20.461 13312-13312/? D/AndroidRuntime: >>>>>> START com.android.internal.os.RuntimeInit uid 2000 <<<<<<
02-11 16:52:20.471 13312-13312/? D/AndroidRuntime: CheckJNI is OFF
02-11 16:52:20.471 13312-13312/? D/AndroidRuntime: readGMSProperty: start
02-11 16:52:20.471 13312-13312/? D/AndroidRuntime: readGMSProperty: already setted!!
02-11 16:52:20.471 13312-13312/? D/AndroidRuntime: propertySet: couldn't set property (it is from app)
02-11 16:52:20.471 13312-13312/? D/AndroidRuntime: readGMSProperty: could not set the property(default)!!
02-11 16:52:20.471 13312-13312/? D/AndroidRuntime: readGMSProperty: end
02-11 16:52:20.471 13312-13312/? D/AndroidRuntime: addProductProperty: start
02-11 16:52:20.526 13312-13312/? D/ICU: No timezone override file found: /data/misc/zoneinfo/current/icu/icu_tzdata.dat
02-11 16:52:20.591 13312-13312/? I/Radio-JNI: register_android_hardware_Radio DONE
02-11 16:52:20.606 13312-13312/? E/AffinityControl: AffinityControl: registerfunction enter
02-11 16:52:20.636 13312-13312/? D/AndroidRuntime: Calling main entry com.android.commands.pm.Pm
02-11 16:52:20.656 2199-2199/? I/installd: free_cache(8771474) avail 573607936
02-11 16:52:20.666 3248-3352/? D/Launcher.Model: return, setPackageState(),  installInfo is null
02-11 16:52:20.676 3248-3352/? D/Launcher.Model: return, setPackageState(),  installInfo is null
02-11 16:52:20.691 3248-3352/? D/Launcher.Model: return, setPackageState(),  installInfo is null
02-11 16:52:20.706 3248-3352/? D/Launcher.Model: return, setPackageState(),  installInfo is null
02-11 16:52:20.716 3248-3352/? D/Launcher.Model: return, setPackageState(),  installInfo is null
02-11 16:52:20.731 3248-3352/? D/Launcher.Model: return, setPackageState(),  installInfo is null
02-11 16:52:20.741 3248-3352/? D/Launcher.Model: return, setPackageState(),  installInfo is null
02-11 16:52:20.756 3248-3352/? D/Launcher.Model: return, setPackageState(),  installInfo is null
02-11 16:52:20.771 3248-3352/? D/Launcher.Model: return, setPackageState(),  installInfo is null
02-11 16:52:20.786 3248-3352/? D/Launcher.Model: return, setPackageState(),  installInfo is null
02-11 16:52:20.796 3248-3352/? D/Launcher.Model: return, setPackageState(),  installInfo is null
02-11 16:52:20.811 3248-3352/? D/Launcher.Model: return, setPackageState(),  installInfo is null
02-11 16:52:20.826 3248-3352/? D/Launcher.Model: return, setPackageState(),  installInfo is null
02-11 16:52:20.836 3248-3352/? D/Launcher.Model: return, setPackageState(),  installInfo is null
02-11 16:52:20.856 3248-3352/? D/Launcher.Model: return, setPackageState(),  installInfo is null
02-11 16:52:20.871 3248-3352/? D/Launcher.Model: return, setPackageState(),  installInfo is null
02-11 16:52:20.886 3248-3352/? D/Launcher.Model: return, setPackageState(),  installInfo is null
02-11 16:52:20.901 3248-3352/? D/Launcher.Model: return, setPackageState(),  installInfo is null
02-11 16:52:20.916 3248-3352/? D/Launcher.Model: return, setPackageState(),  installInfo is null
02-11 16:52:20.931 3248-3352/? D/Launcher.Model: return, setPackageState(),  installInfo is null
02-11 16:52:20.946 2773-3263/? D/BatteryService: !@BatteryListener : batteryPropertiesChanged!
02-11 16:52:20.946 2773-3263/? D/BatteryService: level:93, scale:100, status:2, health:2, present:true, voltage: 4191, temperature: 348, technology: Li-ion, AC powered:false, USB powered:true, POGO powered:false, Wireless powered:false, icon:17303453, invalid charger:0, maxChargingCurrent:0
02-11 16:52:20.946 2773-3263/? D/BatteryService: online:4, current avg:10, charge type:2, power sharing:false, high voltage charger:false, capacity:280000, batterySWSelfDischarging:false, current_now:11
02-11 16:52:20.946 2773-2773/? D/BatteryService: Sending ACTION_BATTERY_CHANGED.
02-11 16:52:20.946 3248-3352/? D/Launcher.Model: return, setPackageState(),  installInfo is null
02-11 16:52:20.951 2773-2773/? D/GameManagerService: new battery level: 93
02-11 16:52:20.956 3064-3064/? D/KeyguardUpdateMonitor: received broadcast android.intent.action.BATTERY_CHANGED
02-11 16:52:20.956 3064-3064/? D/PowerUI: priorPlugType = 2 mPlugType =  2
02-11 16:52:20.956 3064-3064/? D/KeyguardUpdateMonitor: handleBatteryUpdate
02-11 16:52:20.956 3064-3064/? D/PowerUI.Notification: Charging remaining time is not supported and connected cable is not a fast/slow charger, so return!
02-11 16:52:20.956 3064-3064/? D/PowerUI.Notification: dismissPowerSavingRecommendNotice
02-11 16:52:20.956 3594-3594/? D/CommonServiceConfiguration: getStringValueSetting
02-11 16:52:20.971 3594-3594/? D/BatteryMonitor: new battery level: 93
02-11 16:52:20.981 3064-3064/? D/BatteryMeterView: ACTION_BATTERY_CHANGED : level:93 status:2 health:2
02-11 16:52:20.981 3064-3064/? D/BatteryMeterView: ACTION_BATTERY_CHANGED : level:93 status:2 health:2
02-11 16:52:20.991 3248-3352/? D/Launcher.Model: return, setPackageState(),  installInfo is null
02-11 16:52:21.001 2185-2185/? I/display: [PrimaryDisplay] [DYNAMIC_RECOMP] first frame after HWC_2_GLES
02-11 16:52:21.001 2185-2185/? I/display: [PrimaryDisplay] [DYNAMIC_RECOMP] GLES_2_HWC by high FPS(5)
02-11 16:52:21.006 3248-3352/? D/Launcher.Model: return, setPackageState(),  installInfo is null
02-11 16:52:21.016 3248-3352/? D/Launcher.Model: return, setPackageState(),  installInfo is null
02-11 16:52:21.031 3248-3352/? D/Launcher.Model: return, setPackageState(),  installInfo is null
02-11 16:52:21.041 3248-3352/? D/Launcher.Model: return, setPackageState(),  installInfo is null
02-11 16:52:21.056 3248-3352/? D/Launcher.Model: return, setPackageState(),  installInfo is null
02-11 16:52:21.071 3248-3352/? D/Launcher.Model: return, setPackageState(),  installInfo is null
02-11 16:52:21.081 3248-3352/? D/Launcher.Model: return, setPackageState(),  installInfo is null
02-11 16:52:21.096 3248-3352/? D/Launcher.Model: return, setPackageState(),  installInfo is null
02-11 16:52:21.111 3248-3352/? D/Launcher.Model: return, setPackageState(),  installInfo is null
02-11 16:52:21.126 3248-3352/? D/Launcher.Model: return, setPackageState(),  installInfo is null
02-11 16:52:21.141 3248-3352/? D/Launcher.Model: return, setPackageState(),  installInfo is null
02-11 16:52:21.156 3248-3352/? D/Launcher.Model: return, setPackageState(),  installInfo is null
02-11 16:52:21.171 3248-3352/? D/Launcher.Model: return, setPackageState(),  installInfo is null
02-11 16:52:21.186 3248-3352/? D/Launcher.Model: return, setPackageState(),  installInfo is null
02-11 16:52:21.196 3248-3352/? D/Launcher.Model: return, setPackageState(),  installInfo is null
02-11 16:52:21.211 3248-3352/? D/Launcher.Model: return, setPackageState(),  installInfo is null
02-11 16:52:21.226 3248-3352/? D/Launcher.Model: return, setPackageState(),  installInfo is null
02-11 16:52:21.236 3248-3352/? D/Launcher.Model: return, setPackageState(),  installInfo is null
02-11 16:52:21.251 3248-3352/? D/Launcher.Model: return, setPackageState(),  installInfo is null
02-11 16:52:21.271 3248-3352/? D/Launcher.Model: return, setPackageState(),  installInfo is null
02-11 16:52:21.286 3248-3352/? D/Launcher.Model: return, setPackageState(),  installInfo is null
02-11 16:52:21.301 3248-3352/? D/Launcher.Model: return, setPackageState(),  installInfo is null
02-11 16:52:21.316 3248-3352/? D/Launcher.Model: return, setPackageState(),  installInfo is null
02-11 16:52:21.331 3248-3352/? D/Launcher.Model: return, setPackageState(),  installInfo is null
02-11 16:52:21.346 3248-3352/? D/Launcher.Model: return, setPackageState(),  installInfo is null
02-11 16:52:21.351 2185-12597/? I/display: [PrimaryDisplay] [DYNAMIC_RECOMP] HWC_2_GLES by low FPS(0)
02-11 16:52:21.371 3248-3352/? D/Launcher.Model: return, setPackageState(),  installInfo is null
02-11 16:52:21.386 3248-3352/? D/Launcher.Model: return, setPackageState(),  installInfo is null
02-11 16:52:21.406 3248-3352/? D/Launcher.Model: return, setPackageState(),  installInfo is null
02-11 16:52:21.421 3248-3352/? D/Launcher.Model: return, setPackageState(),  installInfo is null
02-11 16:52:21.441 3248-3352/? D/Launcher.Model: return, setPackageState(),  installInfo is null
02-11 16:52:21.456 3248-3352/? D/Launcher.Model: return, setPackageState(),  installInfo is null
02-11 16:52:21.471 3248-3352/? D/Launcher.Model: return, setPackageState(),  installInfo is null
02-11 16:52:21.491 3248-3352/? D/Launcher.Model: return, setPackageState(),  installInfo is null
02-11 16:52:21.506 3248-3352/? D/Launcher.Model: return, setPackageState(),  installInfo is null
02-11 16:52:21.521 3248-3352/? D/Launcher.Model: return, setPackageState(),  installInfo is null
02-11 16:52:21.536 3248-3352/? D/Launcher.Model: return, setPackageState(),  installInfo is null
02-11 16:52:21.556 3248-3352/? D/Launcher.Model: return, setPackageState(),  installInfo is null
02-11 16:52:21.571 3248-3352/? D/Launcher.Model: return, setPackageState(),  installInfo is null
02-11 16:52:21.586 3248-3352/? D/Launcher.Model: return, setPackageState(),  installInfo is null
02-11 16:52:21.601 3248-3352/? D/Launcher.Model: return, setPackageState(),  installInfo is null
02-11 16:52:21.616 3248-3352/? D/Launcher.Model: return, setPackageState(),  installInfo is null
02-11 16:52:21.626 3248-3352/? D/Launcher.Model: return, setPackageState(),  installInfo is null
02-11 16:52:21.641 3248-3352/? D/Launcher.Model: return, setPackageState(),  installInfo is null
02-11 16:52:21.656 3248-3352/? D/Launcher.Model: return, setPackageState(),  installInfo is null
02-11 16:52:21.676 3248-3352/? D/Launcher.Model: return, setPackageState(),  installInfo is null
02-11 16:52:21.696 3248-3352/? D/Launcher.Model: return, setPackageState(),  installInfo is null
02-11 16:52:21.706 3248-3352/? D/Launcher.Model: return, setPackageState(),  installInfo is null
02-11 16:52:21.721 2773-6121/? D/SSRM:s: SIOP:: AP = 380, LCD = 136
02-11 16:52:21.721 2773-6121/? D/ConnectivityService: returning getNetworkInfo for network type 1 : [type: WIFI[] - WIFI, state: DISCONNECTED/DISCONNECTED, reason: (unspecified), extra: (none), roaming: false, failover: false, isAvailable: true]
02-11 16:52:21.721 2773-6121/? D/SSRM:P: reading: 38 38 0
02-11 16:52:21.726 3248-3352/? D/Launcher.Model: return, setPackageState(),  installInfo is null
02-11 16:52:21.741 3248-3352/? D/Launcher.Model: return, setPackageState(),  installInfo is null
02-11 16:52:21.751 3248-3352/? D/Launcher.Model: return, setPackageState(),  installInfo is null
02-11 16:52:21.766 3248-3352/? D/Launcher.Model: return, setPackageState(),  installInfo is null
02-11 16:52:21.781 3248-3352/? D/Launcher.Model: return, setPackageState(),  installInfo is null
02-11 16:52:21.791 3248-3352/? D/Launcher.Model: return, setPackageState(),  installInfo is null
02-11 16:52:21.806 3248-3352/? D/Launcher.Model: return, setPackageState(),  installInfo is null
02-11 16:52:21.816 3248-3352/? D/Launcher.Model: return, setPackageState(),  installInfo is null
02-11 16:52:21.831 3248-3352/? D/Launcher.Model: return, setPackageState(),  installInfo is null
02-11 16:52:21.846 3248-3352/? D/Launcher.Model: return, setPackageState(),  installInfo is null
02-11 16:52:22.096 13312-13312/? I/art: System.exit called, status: 0
02-11 16:52:22.101 13312-13312/? I/AndroidRuntime: VM exiting with result code 0.
02-11 16:52:23.466 13325-13325/? I/FIPS_bssl: FIPS approved mode (1) | 13325 | app_process
02-11 16:52:23.481 13325-13325/? D/AndroidRuntime: >>>>>> START com.android.internal.os.RuntimeInit uid 2000 <<<<<<
02-11 16:52:23.486 13325-13325/? D/AndroidRuntime: CheckJNI is OFF
02-11 16:52:23.486 13325-13325/? D/AndroidRuntime: readGMSProperty: start
02-11 16:52:23.486 13325-13325/? D/AndroidRuntime: readGMSProperty: already setted!!
02-11 16:52:23.486 13325-13325/? D/AndroidRuntime: propertySet: couldn't set property (it is from app)
02-11 16:52:23.486 13325-13325/? D/AndroidRuntime: readGMSProperty: could not set the property(default)!!
02-11 16:52:23.486 13325-13325/? D/AndroidRuntime: readGMSProperty: end
02-11 16:52:23.486 13325-13325/? D/AndroidRuntime: addProductProperty: start
02-11 16:52:23.546 13325-13325/? D/ICU: No timezone override file found: /data/misc/zoneinfo/current/icu/icu_tzdata.dat
02-11 16:52:23.611 13325-13325/? I/Radio-JNI: register_android_hardware_Radio DONE
02-11 16:52:23.621 13325-13325/? E/AffinityControl: AffinityControl: registerfunction enter
02-11 16:52:23.651 13325-13325/? D/AndroidRuntime: Calling main entry com.android.commands.pm.Pm
02-11 16:52:23.666 3248-3352/? D/Launcher.Model: return, setPackageState(),  installInfo is null
02-11 16:52:23.781 2773-3156/? E/Watchdog: !@Sync 487 [02-11 16:52:23.785]
02-11 16:52:24.321 2773-2944/? W/System.err: remove failed: ENOENT (No such file or directory) : /data/app/vmdl980160370.tmp/lib
02-11 16:52:24.321 2773-2944/? E/NativeLibraryHelper: Failed to load assets verifier: 0
02-11 16:52:24.321 2773-2944/? D/PackageManager: START_PACKAGE_INSTALL: observer{170865332}
              stagedDir{/data/app/vmdl980160370.tmp}
02-11 16:52:24.326 2773-2884/? D/PackageManager: [MSG] INIT_COPY: observer{170865332}
              idx{0}
              for_user{UserHandle{-1}}
02-11 16:52:24.326 2773-2884/? I/PersonaManager: mKnoxInfo is empty
02-11 16:52:24.326 3248-3352/? D/Launcher.Model: return, setPackageState(),  installInfo is null
02-11 16:52:24.336 2773-2884/? D/PackageManager: [MSG] MCS_BOUND: observer{170865332}
              for_user{UserHandle{-1}}
02-11 16:52:24.341 12693-12703/? E/NativeLibraryHelper: Failed to load assets verifier: 0
02-11 16:52:24.351 2773-2884/? I/PackageManager: EAS IT Policy AllowList = ,,
02-11 16:52:24.351 2773-2884/? I/PackageManager: isAppBlockedByDPM?? = false
02-11 16:52:24.356 12693-12704/? E/NativeLibraryHelper: Failed to load assets verifier: 0
02-11 16:52:24.361 2773-2884/? D/PackageManager: [VERIFY] getRequiredVerifiersLPr: 2 verifiers
02-11 16:52:24.361 2773-2884/? D/PackageManager: [VERIFY]     com.android.vending(10015)
02-11 16:52:24.361 2773-2884/? D/PackageManager: [VERIFY]     com.samsung.android.sm.devicesecurity(5012)
02-11 16:52:24.361 2773-2884/? I/PackageManager: installerUid : 2000
02-11 16:52:24.361 2773-2884/? D/PackageManager: [VERIFY] Found 2 verifiers for intent Intent { act=android.intent.action.PACKAGE_NEEDS_VERIFICATION dat=file:///data/app/vmdl980160370.tmp typ=application/vnd.android.package-archive flg=0x10000001 } with 0 optional verifiers
02-11 16:52:24.361 2773-2884/? D/PackageManager: [VERIFY] sendOrderedBroadcastToPendingVerifier:
    PackageVerificationState{
        verifier packages=com.android.vending(10015),com.samsung.android.sm.devicesecurity(5012),
        intent=Intent { act=android.intent.action.PACKAGE_NEEDS_VERIFICATION dat=file:///data/app/vmdl980160370.tmp typ=application/vnd.android.package-archive flg=0x10000001 (has extras) }
        others=12, false, false, false, false, false
    }
02-11 16:52:24.361 2773-2884/? I/HarmonyEASService: Updating for all 1
02-11 16:52:24.361 2773-2884/? D/PackageManager: remove MCS_UNBIND message and Posting MCS_UNBIND 10 secs later
02-11 16:52:24.366 2773-2830/? V/BroadcastQueue: [foreground] Process cur broadcast BroadcastRecord{5e6c620 u0 android.intent.action.PACKAGE_NEEDS_VERIFICATION qIdx=2}, state= (APP_RECEIVE) DELIVERED for app ProcessRecord{9e904f1 11009:com.android.vending/u0a15}
02-11 16:52:24.371 11009-11009/? I/Finsky: [1] annp.b(3): Verification requested, id = 12
02-11 16:52:24.371 2773-3893/? I/PersonaManager: mKnoxInfo is empty
02-11 16:52:24.376 2773-2773/? D/PackageManager: [VERIFY] onReceive for RequiredVerifier id=12
02-11 16:52:24.376 2773-2773/? D/PackageManager: [VERIFY] sendMessageDelayed(CHECK_PENDING_VERIFICATION, 12, 17000)
02-11 16:52:24.376 11009-11009/? E/Finsky: [1] VerifyPerSourceInstallationConsentInstallTask.f(2): Package name null is not an installed package
02-11 16:52:24.386 11009-13335/? I/Finsky: [3463] anpn.a(7): Single user settings service is not running, bind it now
02-11 16:52:24.386 2773-3002/? I/PersonaManager: mKnoxInfo is empty
02-11 16:52:24.391 11009-11009/? I/Finsky: [1] anpm.onServiceConnected(1): Single user settings service is connected
02-11 16:52:24.396 11009-13335/? W/Settings: Setting install_non_market_apps has moved from android.provider.Settings.Global to android.provider.Settings.Secure, returning read-only value.
02-11 16:52:25.881 2773-3148/? I/PersonaManager: mKnoxInfo is empty
02-11 16:52:25.896 2773-3893/? I/PersonaManager: mKnoxInfo is empty
02-11 16:52:26.851 11009-13335/? I/Finsky: [3463] VerifyPerSourceInstallationConsentInstallTask.mO(2): PSIC verification started with installer uid: 2000 package name: null, originating uid: 2000
02-11 16:52:26.856 11009-11009/? I/Finsky: [1] VerifyInstallTask.g(3): Verifying id=12, result=1
02-11 16:52:26.856 2773-3480/? D/PackageManager: [VERIFY] verifyPendingInstall(12, VERIFICATION_ALLOW), uid=10015
02-11 16:52:26.856 2773-2884/? D/PackageManager: [MSG] PACKAGE_VERIFIED: observer{170865332}
02-11 16:52:26.856 2773-2884/? D/PackageManager: [VERIFY] PACKAGE_VERIFIED: 
    PackageVerificationState{
        verifier packages=com.android.vending(10015),com.samsung.android.sm.devicesecurity(5012),
        intent=Intent { act=android.intent.action.PACKAGE_NEEDS_VERIFICATION dat=file:///data/app/vmdl980160370.tmp typ=application/vnd.android.package-archive flg=0x10000001 cmp=com.android.vending/com.google.android.finsky.verifier.impl.PackageVerificationReceiver (has extras) }
        others=12, false, false, false, false, false
    }
02-11 16:52:26.856 2773-2884/? D/PackageVerificationState: [VERIFY] setVerifierResponse {verificationID=12, uid=10015, code=1
02-11 16:52:26.856 2773-2884/? D/PackageManager: [VERIFY] sendOrderedBroadcastToPendingVerifier:
    PackageVerificationState{
        verifier packages=com.samsung.android.sm.devicesecurity(5012),
        intent=Intent { act=android.intent.action.PACKAGE_NEEDS_VERIFICATION dat=file:///data/app/vmdl980160370.tmp typ=application/vnd.android.package-archive flg=0x10000001 cmp=com.android.vending/com.google.android.finsky.verifier.impl.PackageVerificationReceiver (has extras) }
        others=12, false, false, false, false, false
    }
02-11 16:52:26.861 2773-2830/? V/BroadcastQueue: [foreground] Process cur broadcast BroadcastRecord{2f8bc77 u0 android.intent.action.PACKAGE_NEEDS_VERIFICATION qIdx=2}, state= (APP_RECEIVE) DELIVERED for app ProcessRecord{eb30443 6000:com.samsung.android.sm.devicesecurity/5012}
02-11 16:52:26.861 11009-11009/? I/Finsky: [1] VerifyInstallTask.mM(6): Verification complete: id=12, package_name=com.example.imageuploading__retrofit
02-11 16:52:26.866 2773-4111/? I/PersonaManager: mKnoxInfo is empty
02-11 16:52:26.871 2773-3002/? I/PersonaManager: mKnoxInfo is empty
02-11 16:52:26.871 2773-2773/? D/PackageManager: [VERIFY] onReceive for RequiredVerifier id=12
02-11 16:52:26.871 2773-2773/? D/PackageManager: [VERIFY] sendMessageDelayed(CHECK_PENDING_VERIFICATION, 12, 17000)
02-11 16:52:26.891 2773-2830/? V/BroadcastQueue: [background] Process cur broadcast BroadcastRecord{b32a913 u0 com.samsung.android.sm.security.service.ACTION_SERVICE_STATUS_CHANGED qIdx=4}, state= (APP_RECEIVE) DELIVERED for app ProcessRecord{522e7b3 11765:com.samsung.android.sm/1000}
02-11 16:52:26.891 2773-3915/? D/PackageManager: [VERIFY] extendVerificationTimeout(12, VERIFICATION_ALLOW, 300000), uid=5012
02-11 16:52:26.891 2773-3915/? D/PackageVerificationState: [VERIFY] extendTimeout(12), uid=5012
02-11 16:52:26.891 2773-3915/? D/PackageManager: [VERIFY] extendVerificationTimeout: timeout extended
02-11 16:52:26.896 2773-3893/? D/PackageManager: [VERIFY] extendVerificationTimeout(12, VERIFICATION_ALLOW, 10000), uid=5012
02-11 16:52:26.896 2773-3893/? D/PackageVerificationState: [VERIFY] extendTimeout(12), uid=5012
02-11 16:52:26.896 2773-3893/? D/PackageManager: [VERIFY] extendVerificationTimeout: timeout extended
02-11 16:52:26.921 6000-13340/? W/seatbelt: No active network is available
02-11 16:52:26.921 6000-13340/? I/seatbelt: Scanning for verification package = com.example.imageuploading__retrofit
02-11 16:52:26.921 2773-3481/? D/PackageManager: [VERIFY] extendVerificationTimeout(12, VERIFICATION_ALLOW, 10000), uid=5012
02-11 16:52:26.921 2773-3481/? D/PackageManager: [VERIFY] extendVerificationTimeout: timeout extended
02-11 16:52:26.921 2773-3481/? D/PackageVerificationState: [VERIFY] extendTimeout(12), uid=5012
02-11 16:52:26.986 3643-3654/? I/art: Background partial concurrent mark sweep GC freed 89857(5MB) AllocSpace objects, 12(212KB) LOS objects, 40% free, 17MB/29MB, paused 1.677ms total 118.607ms
02-11 16:52:27.021 2773-2884/? D/PackageManager: [MSG] WRITE_PACKAGE_RESTRICTIONS
02-11 16:52:27.056 2773-2884/? W/System.err: remove failed: ENOENT (No such file or directory) : /data/system/users/0/package-restrictions.xml.bak
02-11 16:52:31.011 2773-3481/? D/BatteryService: !@BatteryListener : batteryPropertiesChanged!
02-11 16:52:31.011 2773-3481/? D/BatteryService: level:93, scale:100, status:2, health:2, present:true, voltage: 4191, temperature: 349, technology: Li-ion, AC powered:false, USB powered:true, POGO powered:false, Wireless powered:false, icon:17303453, invalid charger:0, maxChargingCurrent:0
02-11 16:52:31.016 2773-3481/? D/BatteryService: online:4, current avg:26, charge type:2, power sharing:false, high voltage charger:false, capacity:280000, batterySWSelfDischarging:false, current_now:27
02-11 16:52:31.016 2773-2773/? D/BatteryService: Sending ACTION_BATTERY_CHANGED.
02-11 16:52:31.016 2773-2773/? D/GameManagerService: new battery level: 93
02-11 16:52:31.016 3064-3064/? D/KeyguardUpdateMonitor: received broadcast android.intent.action.BATTERY_CHANGED
02-11 16:52:31.021 3064-3064/? D/KeyguardUpdateMonitor: handleBatteryUpdate
02-11 16:52:31.021 3064-3064/? D/PowerUI: priorPlugType = 2 mPlugType =  2
02-11 16:52:31.021 3064-3064/? D/PowerUI.Notification: Charging remaining time is not supported and connected cable is not a fast/slow charger, so return!
